Internal Server Error: /vendor/white/
Traceback (most recent call last):
  File "C:\Users\devvr\AppData\Local\Programs\Python\Python38\lib\site-packages\django\core\handlers\exception.py", line 55, in inner
    response = get_response(request)
  File "C:\Users\devvr\AppData\Local\Programs\Python\Python38\lib\site-packages\django\core\handlers\base.py", line 197, in _get_response
    response = wrapped_callback(request, *callback_args, **callback_kwargs)
  File "C:\Users\devvr\AppData\Local\Programs\Python\Python38\lib\site-packages\django\views\generic\base.py", line 103, in view
    return self.dispatch(request, *args, **kwargs)
  File "C:\Users\devvr\AppData\Local\Programs\Python\Python38\lib\site-packages\django\views\generic\base.py", line 142, in dispatch
    return handler(request, *args, **kwargs)
  File "A:\code\Current\dj\core\vendors\views.py", line 36, in post
    file_worker = Reader_CSV()
  File "A:\code\Current\dj\core\vendors\csv_reader.py", line 77, in __init__
    self.loger.logging.debug('This is a debug message')
AttributeError: 'Reader_CSV' object has no attribute 'loger'
"POST /vendor/white/ HTTP/1.1" 500 80775
Not Found: /favicon.ico
"GET /favicon.ico HTTP/1.1" 404 2849
Internal Server Error: /vendor/white/
Traceback (most recent call last):
  File "C:\Users\devvr\AppData\Local\Programs\Python\Python38\lib\site-packages\django\core\handlers\exception.py", line 55, in inner
    response = get_response(request)
  File "C:\Users\devvr\AppData\Local\Programs\Python\Python38\lib\site-packages\django\core\handlers\base.py", line 197, in _get_response
    response = wrapped_callback(request, *callback_args, **callback_kwargs)
  File "C:\Users\devvr\AppData\Local\Programs\Python\Python38\lib\site-packages\django\views\generic\base.py", line 103, in view
    return self.dispatch(request, *args, **kwargs)
  File "C:\Users\devvr\AppData\Local\Programs\Python\Python38\lib\site-packages\django\views\generic\base.py", line 142, in dispatch
    return handler(request, *args, **kwargs)
  File "A:\code\Current\dj\core\vendors\views.py", line 36, in post
    file_worker = Reader_CSV()
  File "A:\code\Current\dj\core\vendors\csv_reader.py", line 77, in __init__
    self.logger.logging.debug('This is a debug message')
AttributeError: 'NoneType' object has no attribute 'logging'
"POST /vendor/white/ HTTP/1.1" 500 80909
Not Found: /favicon.ico
"GET /favicon.ico HTTP/1.1" 404 2849
Internal Server Error: /vendor/white/
Traceback (most recent call last):
  File "C:\Users\devvr\AppData\Local\Programs\Python\Python38\lib\site-packages\django\core\handlers\exception.py", line 55, in inner
    response = get_response(request)
  File "C:\Users\devvr\AppData\Local\Programs\Python\Python38\lib\site-packages\django\core\handlers\base.py", line 197, in _get_response
    response = wrapped_callback(request, *callback_args, **callback_kwargs)
  File "C:\Users\devvr\AppData\Local\Programs\Python\Python38\lib\site-packages\django\views\generic\base.py", line 103, in view
    return self.dispatch(request, *args, **kwargs)
  File "C:\Users\devvr\AppData\Local\Programs\Python\Python38\lib\site-packages\django\views\generic\base.py", line 142, in dispatch
    return handler(request, *args, **kwargs)
  File "A:\code\Current\dj\core\vendors\views.py", line 36, in post
    file_worker = Reader_CSV()
  File "A:\code\Current\dj\core\vendors\csv_reader.py", line 77, in __init__
    self.logger.debug('This is a debug message')
AttributeError: 'NoneType' object has no attribute 'debug'
"POST /vendor/white/ HTTP/1.1" 500 80853
Not Found: /favicon.ico
"GET /favicon.ico HTTP/1.1" 404 2849
Internal Server Error: /vendor/white/
Traceback (most recent call last):
  File "C:\Users\devvr\AppData\Local\Programs\Python\Python38\lib\site-packages\django\core\handlers\exception.py", line 55, in inner
    response = get_response(request)
  File "C:\Users\devvr\AppData\Local\Programs\Python\Python38\lib\site-packages\django\core\handlers\base.py", line 197, in _get_response
    response = wrapped_callback(request, *callback_args, **callback_kwargs)
  File "C:\Users\devvr\AppData\Local\Programs\Python\Python38\lib\site-packages\django\views\generic\base.py", line 103, in view
    return self.dispatch(request, *args, **kwargs)
  File "C:\Users\devvr\AppData\Local\Programs\Python\Python38\lib\site-packages\django\views\generic\base.py", line 142, in dispatch
    return handler(request, *args, **kwargs)
  File "A:\code\Current\dj\core\vendors\views.py", line 36, in post
    file_worker = Reader_CSV()
  File "A:\code\Current\dj\core\vendors\csv_reader.py", line 76, in __init__
    self.logger = logging()
TypeError: 'module' object is not callable
"POST /vendor/white/ HTTP/1.1" 500 80800
Not Found: /favicon.ico
"GET /favicon.ico HTTP/1.1" 404 2849
Internal Server Error: /ftp/vrv.lfm@gmail.com/
Traceback (most recent call last):
  File "A:\code\Current\dj\core\vendors\csv_reader.py", line 296, in ftp_file
    self.ftp_msg['missing']['msg'] = msg
KeyError: 'missing'

During handling of the above exception, another exception occurred:

Traceback (most recent call last):
  File "C:\Users\devvr\AppData\Local\Programs\Python\Python38\lib\site-packages\django\core\handlers\exception.py", line 55, in inner
    response = get_response(request)
  File "C:\Users\devvr\AppData\Local\Programs\Python\Python38\lib\site-packages\django\core\handlers\base.py", line 197, in _get_response
    response = wrapped_callback(request, *callback_args, **callback_kwargs)
  File "A:\code\Current\dj\core\ftp\views.py", line 24, in ftp_responce
    csv.ftp_file(username, curent_file)
  File "A:\code\Current\dj\core\vendors\csv_reader.py", line 300, in ftp_file
    self.ftp_msg['missing']['msg'] = msg
KeyError: 'missing'
"GET /ftp/vrv.lfm@gmail.com/ HTTP/1.1" 500 73591
Internal Server Error: /user/signup/extended/
Traceback (most recent call last):
  File "C:\Users\devvr\AppData\Local\Programs\Python\Python38\lib\site-packages\django\core\handlers\exception.py", line 55, in inner
    response = get_response(request)
  File "C:\Users\devvr\AppData\Local\Programs\Python\Python38\lib\site-packages\django\core\handlers\base.py", line 197, in _get_response
    response = wrapped_callback(request, *callback_args, **callback_kwargs)
  File "A:\code\Current\dj\core\users\decorators.py", line 25, in wrap
    return function(request, *args, **kwargs)
  File "C:\Users\devvr\AppData\Local\Programs\Python\Python38\lib\site-packages\django\views\generic\base.py", line 103, in view
    return self.dispatch(request, *args, **kwargs)
  File "C:\Users\devvr\AppData\Local\Programs\Python\Python38\lib\site-packages\django\views\generic\base.py", line 142, in dispatch
    return handler(request, *args, **kwargs)
  File "A:\code\Current\dj\core\users\views.py", line 166, in post
    server.end()
TypeError: end() missing 1 required positional argument: 'self'
"POST /user/signup/extended/ HTTP/1.1" 500 85993
Not Found: /favicon.ico
"GET /favicon.ico HTTP/1.1" 404 2849
Internal Server Error: /user/signup/extended/
Traceback (most recent call last):
  File "C:\Users\devvr\AppData\Local\Programs\Python\Python38\lib\site-packages\django\core\handlers\exception.py", line 55, in inner
    response = get_response(request)
  File "C:\Users\devvr\AppData\Local\Programs\Python\Python38\lib\site-packages\django\core\handlers\base.py", line 197, in _get_response
    response = wrapped_callback(request, *callback_args, **callback_kwargs)
  File "A:\code\Current\dj\core\users\decorators.py", line 25, in wrap
    return function(request, *args, **kwargs)
  File "C:\Users\devvr\AppData\Local\Programs\Python\Python38\lib\site-packages\django\views\generic\base.py", line 103, in view
    return self.dispatch(request, *args, **kwargs)
  File "C:\Users\devvr\AppData\Local\Programs\Python\Python38\lib\site-packages\django\views\generic\base.py", line 142, in dispatch
    return handler(request, *args, **kwargs)
  File "A:\code\Current\dj\core\users\views.py", line 166, in post
    server.end()
  File "A:\code\Current\dj\core\ftp\ftp_server.py", line 220, in end
    self.server.close_all()
AttributeError: 'Command' object has no attribute 'server'
"POST /user/signup/extended/ HTTP/1.1" 500 89318
Not Found: /favicon.ico
"GET /favicon.ico HTTP/1.1" 404 2849
Internal Server Error: /user/signup/extended/
Traceback (most recent call last):
  File "C:\Users\devvr\AppData\Local\Programs\Python\Python38\lib\site-packages\django\core\handlers\exception.py", line 55, in inner
    response = get_response(request)
  File "C:\Users\devvr\AppData\Local\Programs\Python\Python38\lib\site-packages\django\core\handlers\base.py", line 197, in _get_response
    response = wrapped_callback(request, *callback_args, **callback_kwargs)
  File "A:\code\Current\dj\core\users\decorators.py", line 25, in wrap
    return function(request, *args, **kwargs)
  File "C:\Users\devvr\AppData\Local\Programs\Python\Python38\lib\site-packages\django\views\generic\base.py", line 103, in view
    return self.dispatch(request, *args, **kwargs)
  File "C:\Users\devvr\AppData\Local\Programs\Python\Python38\lib\site-packages\django\views\generic\base.py", line 142, in dispatch
    return handler(request, *args, **kwargs)
  File "A:\code\Current\dj\core\users\views.py", line 166, in post
    server.end()
  File "A:\code\Current\dj\core\ftp\ftp_server.py", line 227, in end
    self.server.close_all()
AttributeError: 'Command' object has no attribute 'server'
"POST /user/signup/extended/ HTTP/1.1" 500 89347
Not Found: /favicon.ico
"GET /favicon.ico HTTP/1.1" 404 2849
Internal Server Error: /user/signup/extended/
Traceback (most recent call last):
  File "C:\Users\devvr\AppData\Local\Programs\Python\Python38\lib\site-packages\django\core\handlers\exception.py", line 55, in inner
    response = get_response(request)
  File "C:\Users\devvr\AppData\Local\Programs\Python\Python38\lib\site-packages\django\core\handlers\base.py", line 197, in _get_response
    response = wrapped_callback(request, *callback_args, **callback_kwargs)
  File "A:\code\Current\dj\core\users\decorators.py", line 25, in wrap
    return function(request, *args, **kwargs)
  File "C:\Users\devvr\AppData\Local\Programs\Python\Python38\lib\site-packages\django\views\generic\base.py", line 103, in view
    return self.dispatch(request, *args, **kwargs)
  File "C:\Users\devvr\AppData\Local\Programs\Python\Python38\lib\site-packages\django\views\generic\base.py", line 142, in dispatch
    return handler(request, *args, **kwargs)
  File "A:\code\Current\dj\core\users\views.py", line 166, in post
    server.stop()
  File "A:\code\Current\dj\core\ftp\ftp_server.py", line 228, in stop
    self.server.close_all()
AttributeError: 'Command' object has no attribute 'server'
"POST /user/signup/extended/ HTTP/1.1" 500 89299
Not Found: /favicon.ico
"GET /favicon.ico HTTP/1.1" 404 2849
Internal Server Error: /user/signup/extended/
Traceback (most recent call last):
  File "C:\Users\devvr\AppData\Local\Programs\Python\Python38\lib\site-packages\django\core\handlers\exception.py", line 55, in inner
    response = get_response(request)
  File "C:\Users\devvr\AppData\Local\Programs\Python\Python38\lib\site-packages\django\core\handlers\base.py", line 197, in _get_response
    response = wrapped_callback(request, *callback_args, **callback_kwargs)
  File "A:\code\Current\dj\core\users\decorators.py", line 25, in wrap
    return function(request, *args, **kwargs)
  File "C:\Users\devvr\AppData\Local\Programs\Python\Python38\lib\site-packages\django\views\generic\base.py", line 103, in view
    return self.dispatch(request, *args, **kwargs)
  File "C:\Users\devvr\AppData\Local\Programs\Python\Python38\lib\site-packages\django\views\generic\base.py", line 142, in dispatch
    return handler(request, *args, **kwargs)
  File "A:\code\Current\dj\core\users\views.py", line 166, in post
    server.stop()
  File "A:\code\Current\dj\core\ftp\ftp_server.py", line 228, in stop
    print(self.server)
AttributeError: 'Command' object has no attribute 'server'
"POST /user/signup/extended/ HTTP/1.1" 500 89305
Not Found: /favicon.ico
"GET /favicon.ico HTTP/1.1" 404 2849
Internal Server Error: /user/signup/extended/
Traceback (most recent call last):
  File "C:\Users\devvr\AppData\Local\Programs\Python\Python38\lib\site-packages\django\core\handlers\exception.py", line 55, in inner
    response = get_response(request)
  File "C:\Users\devvr\AppData\Local\Programs\Python\Python38\lib\site-packages\django\core\handlers\base.py", line 197, in _get_response
    response = wrapped_callback(request, *callback_args, **callback_kwargs)
  File "A:\code\Current\dj\core\users\decorators.py", line 25, in wrap
    return function(request, *args, **kwargs)
  File "C:\Users\devvr\AppData\Local\Programs\Python\Python38\lib\site-packages\django\views\generic\base.py", line 103, in view
    return self.dispatch(request, *args, **kwargs)
  File "C:\Users\devvr\AppData\Local\Programs\Python\Python38\lib\site-packages\django\views\generic\base.py", line 142, in dispatch
    return handler(request, *args, **kwargs)
  File "A:\code\Current\dj\core\users\views.py", line 165, in post
    command.stop()
  File "A:\code\Current\dj\core\ftp\ftp_server.py", line 228, in stop
    print(self.server)
AttributeError: 'Command' object has no attribute 'server'
"POST /user/signup/extended/ HTTP/1.1" 500 89116
Not Found: /favicon.ico
"GET /favicon.ico HTTP/1.1" 404 2849
Not Found: /
"GET / HTTP/1.1" 404 2798
Not Found: /favicon.ico
"GET /favicon.ico HTTP/1.1" 404 2849
Not Found: /white
"GET /white HTTP/1.1" 404 2831
Not Found: /wendor
"GET /wendor HTTP/1.1" 404 2834
Not Found: /wendors/white
"GET /wendors/white HTTP/1.1" 404 2855
Not Found: /wendor/white
"GET /wendor/white HTTP/1.1" 404 2852
Not Found: /
"GET / HTTP/1.1" 404 2798
Not Found: /favicon.ico
"GET /favicon.ico HTTP/1.1" 404 2849
Not Found: /user/signin/...
"GET /user/signin/... HTTP/1.1" 404 4851
Not Found: /user/signin/...
"GET /user/signin/... HTTP/1.1" 404 4851
Not Found: /user/signin/...
"GET /user/signin/... HTTP/1.1" 404 4851
Not Found: /user/signin/...
"GET /user/signin/... HTTP/1.1" 404 4851
Not Found: /user/signin/...
"GET /user/signin/... HTTP/1.1" 404 4851
Not Found: /user/signin/...
"GET /user/signin/... HTTP/1.1" 404 4851
Not Found: /user/signin/...
"GET /user/signin/... HTTP/1.1" 404 4851
Not Found: /user/signin/...
"GET /user/signin/... HTTP/1.1" 404 4851
Not Found: /user/signin/...
"GET /user/signin/... HTTP/1.1" 404 4851
Not Found: /user/signin/...
"GET /user/signin/... HTTP/1.1" 404 4851
Not Found: /user/signin/...
"GET /user/signin/... HTTP/1.1" 404 4851
Not Found: /user/signin/...
"GET /user/signin/... HTTP/1.1" 404 4851
Not Found: /user/signin/...
"GET /user/signin/... HTTP/1.1" 404 4851
Not Found: /user/signin/...
"GET /user/signin/... HTTP/1.1" 404 4851
Not Found: /user/signin/...
"GET /user/signin/... HTTP/1.1" 404 4851
Not Found: /user/signin/...
"GET /user/signin/... HTTP/1.1" 404 4851
Not Found: /user/signin/...
"GET /user/signin/... HTTP/1.1" 404 4851
Not Found: /user/signin/...
"GET /user/signin/... HTTP/1.1" 404 4851
Not Found: /user/signin/...
"GET /user/signin/... HTTP/1.1" 404 4851
Not Found: /user/signin/...
"GET /user/signin/... HTTP/1.1" 404 4851
Not Found: /user/signin/...
"GET /user/signin/... HTTP/1.1" 404 4851
Not Found: /user/signin/...
"GET /user/signin/... HTTP/1.1" 404 4851
Not Found: /user/signin/...
"GET /user/signin/... HTTP/1.1" 404 4851
Not Found: /user/signin/...
"GET /user/signin/... HTTP/1.1" 404 4851
Not Found: /user/signin/...
"GET /user/signin/... HTTP/1.1" 404 4851
Not Found: /user/signin/...
"GET /user/signin/... HTTP/1.1" 404 4851
Not Found: /user/signin/...
"GET /user/signin/... HTTP/1.1" 404 4851
Not Found: /user/signin/...
"GET /user/signin/... HTTP/1.1" 404 4851
Not Found: /user/signin/...
"GET /user/signin/... HTTP/1.1" 404 4851
Not Found: /user/signin/...
"GET /user/signin/... HTTP/1.1" 404 4851
Not Found: /user/signin/...
"GET /user/signin/... HTTP/1.1" 404 4851
Not Found: /user/signin/...
"GET /user/signin/... HTTP/1.1" 404 4851
Not Found: /user/signin/...
"GET /user/signin/... HTTP/1.1" 404 4851
Not Found: /user/signin/...
"GET /user/signin/... HTTP/1.1" 404 4851
Not Found: /user/signin/...
"GET /user/signin/... HTTP/1.1" 404 4851
Not Found: /user/signin/...
"GET /user/signin/... HTTP/1.1" 404 4851
Not Found: /user/signin/...
"GET /user/signin/... HTTP/1.1" 404 4851
Not Found: /user/signin/...
"GET /user/signin/... HTTP/1.1" 404 4851
Not Found: /user/signin/...
"GET /user/signin/... HTTP/1.1" 404 4851
Not Found: /user/signin/...
"GET /user/signin/... HTTP/1.1" 404 4851
Not Found: /user/signin/...
"GET /user/signin/... HTTP/1.1" 404 4851
Not Found: /user/signin/...
"GET /user/signin/... HTTP/1.1" 404 4851
Not Found: /user/signin/...
"GET /user/signin/... HTTP/1.1" 404 4851
Not Found: /user/signin/...
"GET /user/signin/... HTTP/1.1" 404 4851
Not Found: /user/signin/...
"GET /user/signin/... HTTP/1.1" 404 4851
Not Found: /user/signin/...
"GET /user/signin/... HTTP/1.1" 404 4851
Not Found: /user/signin/...
"GET /user/signin/... HTTP/1.1" 404 4851
Not Found: /user/signin/...
"GET /user/signin/... HTTP/1.1" 404 4851
Not Found: /user/signin/...
"GET /user/signin/... HTTP/1.1" 404 4851
Not Found: /user/signin/...
"GET /user/signin/... HTTP/1.1" 404 4851
Not Found: /user/signin/...
"GET /user/signin/... HTTP/1.1" 404 4851
Not Found: /user/signin/...
"GET /user/signin/... HTTP/1.1" 404 4851
Not Found: /user/signin/...
"GET /user/signin/... HTTP/1.1" 404 4851
Not Found: /user/signin/...
"GET /user/signin/... HTTP/1.1" 404 4851
Not Found: /user/signin/...
"GET /user/signin/... HTTP/1.1" 404 4851
Not Found: /user/signin/...
"GET /user/signin/... HTTP/1.1" 404 4851
Not Found: /user/signin/...
"GET /user/signin/... HTTP/1.1" 404 4851
Not Found: /user/signin/...
"GET /user/signin/... HTTP/1.1" 404 4851
Not Found: /user/signin/...
"GET /user/signin/... HTTP/1.1" 404 4851
Not Found: /user/signin/...
"GET /user/signin/... HTTP/1.1" 404 4851
Not Found: /user/signin/...
"GET /user/signin/... HTTP/1.1" 404 4851
Not Found: /user/signin/...
"GET /user/signin/... HTTP/1.1" 404 4851
Not Found: /user/signin/...
"GET /user/signin/... HTTP/1.1" 404 4851
Not Found: /user/signin/...
"GET /user/signin/... HTTP/1.1" 404 4851
Not Found: /user/signin/...
"GET /user/signin/... HTTP/1.1" 404 4851
Not Found: /user/signin/...
"GET /user/signin/... HTTP/1.1" 404 4851
Not Found: /user/signin/...
"GET /user/signin/... HTTP/1.1" 404 4851
Not Found: /user/signin/...
"GET /user/signin/... HTTP/1.1" 404 4851
Not Found: /user/signin/...
"GET /user/signin/... HTTP/1.1" 404 4851
Not Found: /user/signin/...
"GET /user/signin/... HTTP/1.1" 404 4851
Not Found: /user/signin/...
"GET /user/signin/... HTTP/1.1" 404 4851
Not Found: /user/signin/...
"GET /user/signin/... HTTP/1.1" 404 4851
Not Found: /user/signin/...
"GET /user/signin/... HTTP/1.1" 404 4851
Not Found: /user/signin/...
"GET /user/signin/... HTTP/1.1" 404 4851
Not Found: /user/signin/...
"GET /user/signin/... HTTP/1.1" 404 4851
Not Found: /user/signin/...
"GET /user/signin/... HTTP/1.1" 404 4851
Not Found: /user/signin/...
"GET /user/signin/... HTTP/1.1" 404 4851
Not Found: /user/signin/...
"GET /user/signin/... HTTP/1.1" 404 4851
Not Found: /user/signin/...
"GET /user/signin/... HTTP/1.1" 404 4851
Not Found: /user/signin/...
"GET /user/signin/... HTTP/1.1" 404 4851
Not Found: /user/signin/...
"GET /user/signin/... HTTP/1.1" 404 4851
Not Found: /user/signin/...
"GET /user/signin/... HTTP/1.1" 404 4851
Not Found: /user/signin/...
"GET /user/signin/... HTTP/1.1" 404 4851
Not Found: /user/signin/...
"GET /user/signin/... HTTP/1.1" 404 4851
Not Found: /user/signin/...
"GET /user/signin/... HTTP/1.1" 404 4851
Not Found: /user/signin/...
"GET /user/signin/... HTTP/1.1" 404 4851
Not Found: /user/signin/...
"GET /user/signin/... HTTP/1.1" 404 4851
Not Found: /user/signin/...
"GET /user/signin/... HTTP/1.1" 404 4851
Not Found: /user/signin/...
"GET /user/signin/... HTTP/1.1" 404 4851
Not Found: /user/signin/...
"GET /user/signin/... HTTP/1.1" 404 4851
Not Found: /user/signin/...
"GET /user/signin/... HTTP/1.1" 404 4851
Not Found: /user/signin/...
"GET /user/signin/... HTTP/1.1" 404 4851
Not Found: /user/signin/...
"GET /user/signin/... HTTP/1.1" 404 4851
Not Found: /user/signin/...
"GET /user/signin/... HTTP/1.1" 404 4851
Not Found: /user/signin/...
"GET /user/signin/... HTTP/1.1" 404 4851
Not Found: /user/signin/...
"GET /user/signin/... HTTP/1.1" 404 4851
Internal Server Error: /user/password_recovery/
Traceback (most recent call last):
  File "C:\Users\devvr\AppData\Local\Programs\Python\Python38\lib\site-packages\django\template\backends\django.py", line 62, in render
    return self.template.render(context)
  File "C:\Users\devvr\AppData\Local\Programs\Python\Python38\lib\site-packages\django\template\base.py", line 175, in render
    return self._render(context)
  File "C:\Users\devvr\AppData\Local\Programs\Python\Python38\lib\site-packages\django\test\utils.py", line 111, in instrumented_test_render
    return self.nodelist.render(context)
  File "C:\Users\devvr\AppData\Local\Programs\Python\Python38\lib\site-packages\django\template\base.py", line 1005, in render
    return SafeString("".join([node.render_annotated(context) for node in self]))
  File "C:\Users\devvr\AppData\Local\Programs\Python\Python38\lib\site-packages\django\template\base.py", line 1005, in <listcomp>
    return SafeString("".join([node.render_annotated(context) for node in self]))
  File "C:\Users\devvr\AppData\Local\Programs\Python\Python38\lib\site-packages\django\template\base.py", line 966, in render_annotated
    return self.render(context)
  File "C:\Users\devvr\AppData\Local\Programs\Python\Python38\lib\site-packages\django\template\loader_tags.py", line 157, in render
    return compiled_parent._render(context)
  File "C:\Users\devvr\AppData\Local\Programs\Python\Python38\lib\site-packages\django\test\utils.py", line 111, in instrumented_test_render
    return self.nodelist.render(context)
  File "C:\Users\devvr\AppData\Local\Programs\Python\Python38\lib\site-packages\django\template\base.py", line 1005, in render
    return SafeString("".join([node.render_annotated(context) for node in self]))
  File "C:\Users\devvr\AppData\Local\Programs\Python\Python38\lib\site-packages\django\template\base.py", line 1005, in <listcomp>
    return SafeString("".join([node.render_annotated(context) for node in self]))
  File "C:\Users\devvr\AppData\Local\Programs\Python\Python38\lib\site-packages\django\template\base.py", line 966, in render_annotated
    return self.render(context)
  File "C:\Users\devvr\AppData\Local\Programs\Python\Python38\lib\site-packages\django\template\loader_tags.py", line 63, in render
    result = block.nodelist.render(context)
  File "C:\Users\devvr\AppData\Local\Programs\Python\Python38\lib\site-packages\django\template\base.py", line 1005, in render
    return SafeString("".join([node.render_annotated(context) for node in self]))
  File "C:\Users\devvr\AppData\Local\Programs\Python\Python38\lib\site-packages\django\template\base.py", line 1005, in <listcomp>
    return SafeString("".join([node.render_annotated(context) for node in self]))
  File "C:\Users\devvr\AppData\Local\Programs\Python\Python38\lib\site-packages\django\template\base.py", line 966, in render_annotated
    return self.render(context)
  File "C:\Users\devvr\AppData\Local\Programs\Python\Python38\lib\site-packages\django\template\defaulttags.py", line 322, in render
    return nodelist.render(context)
  File "C:\Users\devvr\AppData\Local\Programs\Python\Python38\lib\site-packages\django\template\base.py", line 1005, in render
    return SafeString("".join([node.render_annotated(context) for node in self]))
  File "C:\Users\devvr\AppData\Local\Programs\Python\Python38\lib\site-packages\django\template\base.py", line 1005, in <listcomp>
    return SafeString("".join([node.render_annotated(context) for node in self]))
  File "C:\Users\devvr\AppData\Local\Programs\Python\Python38\lib\site-packages\django\template\base.py", line 966, in render_annotated
    return self.render(context)
  File "C:\Users\devvr\AppData\Local\Programs\Python\Python38\lib\site-packages\django\template\loader_tags.py", line 197, in render
    template = context.template.engine.select_template(template_name)
  File "C:\Users\devvr\AppData\Local\Programs\Python\Python38\lib\site-packages\django\template\engine.py", line 212, in select_template
    raise TemplateDoesNotExist(", ".join(not_found))
django.template.exceptions.TemplateDoesNotExist: messages/_error_list.html

The above exception was the direct cause of the following exception:

Traceback (most recent call last):
  File "C:\Users\devvr\AppData\Local\Programs\Python\Python38\lib\site-packages\django\core\handlers\exception.py", line 55, in inner
    response = get_response(request)
  File "C:\Users\devvr\AppData\Local\Programs\Python\Python38\lib\site-packages\django\core\handlers\base.py", line 220, in _get_response
    response = response.render()
  File "C:\Users\devvr\AppData\Local\Programs\Python\Python38\lib\site-packages\django\template\response.py", line 114, in render
    self.content = self.rendered_content
  File "C:\Users\devvr\AppData\Local\Programs\Python\Python38\lib\site-packages\django\template\response.py", line 92, in rendered_content
    return template.render(context, self._request)
  File "C:\Users\devvr\AppData\Local\Programs\Python\Python38\lib\site-packages\django\template\backends\django.py", line 64, in render
    reraise(exc, self.backend)
  File "C:\Users\devvr\AppData\Local\Programs\Python\Python38\lib\site-packages\django\template\backends\django.py", line 85, in reraise
    raise new from exc
django.template.exceptions.TemplateDoesNotExist: messages/_error_list.html
"POST /user/password_recovery/ HTTP/1.1" 500 185767
Not Found: /favicon.ico
"GET /favicon.ico HTTP/1.1" 404 2849
Internal Server Error: /user/password_recovery/confirm/
Traceback (most recent call last):
  File "C:\Users\devvr\AppData\Local\Programs\Python\Python38\lib\site-packages\django\template\backends\django.py", line 62, in render
    return self.template.render(context)
  File "C:\Users\devvr\AppData\Local\Programs\Python\Python38\lib\site-packages\django\template\base.py", line 175, in render
    return self._render(context)
  File "C:\Users\devvr\AppData\Local\Programs\Python\Python38\lib\site-packages\django\test\utils.py", line 111, in instrumented_test_render
    return self.nodelist.render(context)
  File "C:\Users\devvr\AppData\Local\Programs\Python\Python38\lib\site-packages\django\template\base.py", line 1005, in render
    return SafeString("".join([node.render_annotated(context) for node in self]))
  File "C:\Users\devvr\AppData\Local\Programs\Python\Python38\lib\site-packages\django\template\base.py", line 1005, in <listcomp>
    return SafeString("".join([node.render_annotated(context) for node in self]))
  File "C:\Users\devvr\AppData\Local\Programs\Python\Python38\lib\site-packages\django\template\base.py", line 966, in render_annotated
    return self.render(context)
  File "C:\Users\devvr\AppData\Local\Programs\Python\Python38\lib\site-packages\django\template\loader_tags.py", line 157, in render
    return compiled_parent._render(context)
  File "C:\Users\devvr\AppData\Local\Programs\Python\Python38\lib\site-packages\django\test\utils.py", line 111, in instrumented_test_render
    return self.nodelist.render(context)
  File "C:\Users\devvr\AppData\Local\Programs\Python\Python38\lib\site-packages\django\template\base.py", line 1005, in render
    return SafeString("".join([node.render_annotated(context) for node in self]))
  File "C:\Users\devvr\AppData\Local\Programs\Python\Python38\lib\site-packages\django\template\base.py", line 1005, in <listcomp>
    return SafeString("".join([node.render_annotated(context) for node in self]))
  File "C:\Users\devvr\AppData\Local\Programs\Python\Python38\lib\site-packages\django\template\base.py", line 966, in render_annotated
    return self.render(context)
  File "C:\Users\devvr\AppData\Local\Programs\Python\Python38\lib\site-packages\django\template\loader_tags.py", line 63, in render
    result = block.nodelist.render(context)
  File "C:\Users\devvr\AppData\Local\Programs\Python\Python38\lib\site-packages\django\template\base.py", line 1005, in render
    return SafeString("".join([node.render_annotated(context) for node in self]))
  File "C:\Users\devvr\AppData\Local\Programs\Python\Python38\lib\site-packages\django\template\base.py", line 1005, in <listcomp>
    return SafeString("".join([node.render_annotated(context) for node in self]))
  File "C:\Users\devvr\AppData\Local\Programs\Python\Python38\lib\site-packages\django\template\base.py", line 966, in render_annotated
    return self.render(context)
  File "C:\Users\devvr\AppData\Local\Programs\Python\Python38\lib\site-packages\django\template\defaulttags.py", line 322, in render
    return nodelist.render(context)
  File "C:\Users\devvr\AppData\Local\Programs\Python\Python38\lib\site-packages\django\template\base.py", line 1005, in render
    return SafeString("".join([node.render_annotated(context) for node in self]))
  File "C:\Users\devvr\AppData\Local\Programs\Python\Python38\lib\site-packages\django\template\base.py", line 1005, in <listcomp>
    return SafeString("".join([node.render_annotated(context) for node in self]))
  File "C:\Users\devvr\AppData\Local\Programs\Python\Python38\lib\site-packages\django\template\base.py", line 966, in render_annotated
    return self.render(context)
  File "C:\Users\devvr\AppData\Local\Programs\Python\Python38\lib\site-packages\django\template\defaulttags.py", line 238, in render
    nodelist.append(node.render_annotated(context))
  File "C:\Users\devvr\AppData\Local\Programs\Python\Python38\lib\site-packages\django\template\base.py", line 966, in render_annotated
    return self.render(context)
  File "C:\Users\devvr\AppData\Local\Programs\Python\Python38\lib\site-packages\django\template\defaulttags.py", line 322, in render
    return nodelist.render(context)
  File "C:\Users\devvr\AppData\Local\Programs\Python\Python38\lib\site-packages\django\template\base.py", line 1005, in render
    return SafeString("".join([node.render_annotated(context) for node in self]))
  File "C:\Users\devvr\AppData\Local\Programs\Python\Python38\lib\site-packages\django\template\base.py", line 1005, in <listcomp>
    return SafeString("".join([node.render_annotated(context) for node in self]))
  File "C:\Users\devvr\AppData\Local\Programs\Python\Python38\lib\site-packages\django\template\base.py", line 966, in render_annotated
    return self.render(context)
  File "C:\Users\devvr\AppData\Local\Programs\Python\Python38\lib\site-packages\django\template\loader_tags.py", line 197, in render
    template = context.template.engine.select_template(template_name)
  File "C:\Users\devvr\AppData\Local\Programs\Python\Python38\lib\site-packages\django\template\engine.py", line 212, in select_template
    raise TemplateDoesNotExist(", ".join(not_found))
django.template.exceptions.TemplateDoesNotExist: inc/messages/_info.html

The above exception was the direct cause of the following exception:

Traceback (most recent call last):
  File "C:\Users\devvr\AppData\Local\Programs\Python\Python38\lib\site-packages\django\core\handlers\exception.py", line 55, in inner
    response = get_response(request)
  File "C:\Users\devvr\AppData\Local\Programs\Python\Python38\lib\site-packages\django\core\handlers\base.py", line 220, in _get_response
    response = response.render()
  File "C:\Users\devvr\AppData\Local\Programs\Python\Python38\lib\site-packages\django\template\response.py", line 114, in render
    self.content = self.rendered_content
  File "C:\Users\devvr\AppData\Local\Programs\Python\Python38\lib\site-packages\django\template\response.py", line 92, in rendered_content
    return template.render(context, self._request)
  File "C:\Users\devvr\AppData\Local\Programs\Python\Python38\lib\site-packages\django\template\backends\django.py", line 64, in render
    reraise(exc, self.backend)
  File "C:\Users\devvr\AppData\Local\Programs\Python\Python38\lib\site-packages\django\template\backends\django.py", line 85, in reraise
    raise new from exc
django.template.exceptions.TemplateDoesNotExist: inc/messages/_info.html
"GET /user/password_recovery/confirm/ HTTP/1.1" 500 213687
Not Found: /favicon.ico
"GET /favicon.ico HTTP/1.1" 404 2849
Not Found: /user/password_recovery/confirm/signin
"GET /user/password_recovery/confirm/signin HTTP/1.1" 404 4917
Not Found: /favicon.ico
"GET /favicon.ico HTTP/1.1" 404 2849
Not Found: /user/password_recovery/confirm/signin
"GET /user/password_recovery/confirm/signin HTTP/1.1" 404 4917
Not Found: /favicon.ico
"GET /favicon.ico HTTP/1.1" 404 2849
Internal Server Error: /user/password_recovery/confirm/
Traceback (most recent call last):
  File "C:\Users\devvr\AppData\Local\Programs\Python\Python38\lib\site-packages\django\core\handlers\exception.py", line 55, in inner
    response = get_response(request)
  File "C:\Users\devvr\AppData\Local\Programs\Python\Python38\lib\site-packages\django\core\handlers\base.py", line 197, in _get_response
    response = wrapped_callback(request, *callback_args, **callback_kwargs)
  File "C:\Users\devvr\AppData\Local\Programs\Python\Python38\lib\site-packages\django\views\generic\base.py", line 103, in view
    return self.dispatch(request, *args, **kwargs)
  File "C:\Users\devvr\AppData\Local\Programs\Python\Python38\lib\site-packages\django\views\generic\base.py", line 142, in dispatch
    return handler(request, *args, **kwargs)
  File "A:\code\Current\dj\core\users\views.py", line 418, in post
    raise(ValidationError)
TypeError: __init__() missing 1 required positional argument: 'message'
"POST /user/password_recovery/confirm/ HTTP/1.1" 500 77438
Not Found: /favicon.ico
"GET /favicon.ico HTTP/1.1" 404 2849
Internal Server Error: /user/password_recovery/confirm/
Traceback (most recent call last):
  File "C:\Users\devvr\AppData\Local\Programs\Python\Python38\lib\site-packages\django\core\handlers\exception.py", line 55, in inner
    response = get_response(request)
  File "C:\Users\devvr\AppData\Local\Programs\Python\Python38\lib\site-packages\django\core\handlers\base.py", line 197, in _get_response
    response = wrapped_callback(request, *callback_args, **callback_kwargs)
  File "C:\Users\devvr\AppData\Local\Programs\Python\Python38\lib\site-packages\django\views\generic\base.py", line 103, in view
    return self.dispatch(request, *args, **kwargs)
  File "C:\Users\devvr\AppData\Local\Programs\Python\Python38\lib\site-packages\django\views\generic\base.py", line 142, in dispatch
    return handler(request, *args, **kwargs)
  File "A:\code\Current\dj\core\users\views.py", line 418, in post
    raise(ValidationError, 'Invalid Code')
TypeError: exceptions must derive from BaseException
"POST /user/password_recovery/confirm/ HTTP/1.1" 500 77502
Not Found: /favicon.ico
"GET /favicon.ico HTTP/1.1" 404 2849
Internal Server Error: /user/password_recovery/confirm/
Traceback (most recent call last):
  File "C:\Users\devvr\AppData\Local\Programs\Python\Python38\lib\site-packages\django\core\handlers\exception.py", line 55, in inner
    response = get_response(request)
  File "C:\Users\devvr\AppData\Local\Programs\Python\Python38\lib\site-packages\django\core\handlers\base.py", line 197, in _get_response
    response = wrapped_callback(request, *callback_args, **callback_kwargs)
  File "C:\Users\devvr\AppData\Local\Programs\Python\Python38\lib\site-packages\django\views\generic\base.py", line 103, in view
    return self.dispatch(request, *args, **kwargs)
  File "C:\Users\devvr\AppData\Local\Programs\Python\Python38\lib\site-packages\django\views\generic\base.py", line 142, in dispatch
    return handler(request, *args, **kwargs)
  File "A:\code\Current\dj\core\users\views.py", line 418, in post
    raise(ValidationError('Invalid code'))
django.core.exceptions.ValidationError: ['Invalid code']
"POST /user/password_recovery/confirm/ HTTP/1.1" 500 77466
Not Found: /favicon.ico
"GET /favicon.ico HTTP/1.1" 404 2849
Internal Server Error: /user/password_recovery/confirm/
Traceback (most recent call last):
  File "C:\Users\devvr\AppData\Local\Programs\Python\Python38\lib\site-packages\django\core\handlers\exception.py", line 55, in inner
    response = get_response(request)
  File "C:\Users\devvr\AppData\Local\Programs\Python\Python38\lib\site-packages\django\core\handlers\base.py", line 197, in _get_response
    response = wrapped_callback(request, *callback_args, **callback_kwargs)
  File "C:\Users\devvr\AppData\Local\Programs\Python\Python38\lib\site-packages\django\views\generic\base.py", line 103, in view
    return self.dispatch(request, *args, **kwargs)
  File "C:\Users\devvr\AppData\Local\Programs\Python\Python38\lib\site-packages\django\views\generic\base.py", line 142, in dispatch
    return handler(request, *args, **kwargs)
  File "A:\code\Current\dj\core\users\views.py", line 419, in post
    return redirect(reverse_lazy('pasword_recovery_confirm'))
  File "C:\Users\devvr\AppData\Local\Programs\Python\Python38\lib\site-packages\django\shortcuts.py", line 48, in redirect
    return redirect_class(resolve_url(to, *args, **kwargs))
  File "C:\Users\devvr\AppData\Local\Programs\Python\Python38\lib\site-packages\django\shortcuts.py", line 137, in resolve_url
    to = str(to)
  File "C:\Users\devvr\AppData\Local\Programs\Python\Python38\lib\site-packages\django\utils\functional.py", line 155, in __text_cast
    return func(*self.__args, **self.__kw)
  File "C:\Users\devvr\AppData\Local\Programs\Python\Python38\lib\site-packages\django\urls\base.py", line 88, in reverse
    return resolver._reverse_with_prefix(view, prefix, *args, **kwargs)
  File "C:\Users\devvr\AppData\Local\Programs\Python\Python38\lib\site-packages\django\urls\resolvers.py", line 828, in _reverse_with_prefix
    raise NoReverseMatch(msg)
django.urls.exceptions.NoReverseMatch: Reverse for 'pasword_recovery_confirm' not found. 'pasword_recovery_confirm' is not a valid view function or pattern name.
"POST /user/password_recovery/confirm/ HTTP/1.1" 500 100403
Not Found: /favicon.ico
"GET /favicon.ico HTTP/1.1" 404 2849
Not Found: /user/password_recovery/confirm/signin
"GET /user/password_recovery/confirm/signin HTTP/1.1" 404 4917
Not Found: /favicon.ico
"GET /favicon.ico HTTP/1.1" 404 2849
Internal Server Error: /user/password_recovery/confirm/
Traceback (most recent call last):
  File "C:\Users\devvr\AppData\Local\Programs\Python\Python38\lib\site-packages\django\template\base.py", line 505, in parse
    compile_func = self.tags[command]
KeyError: 'endif'

During handling of the above exception, another exception occurred:

Traceback (most recent call last):
  File "C:\Users\devvr\AppData\Local\Programs\Python\Python38\lib\site-packages\django\core\handlers\exception.py", line 55, in inner
    response = get_response(request)
  File "C:\Users\devvr\AppData\Local\Programs\Python\Python38\lib\site-packages\django\core\handlers\base.py", line 220, in _get_response
    response = response.render()
  File "C:\Users\devvr\AppData\Local\Programs\Python\Python38\lib\site-packages\django\template\response.py", line 114, in render
    self.content = self.rendered_content
  File "C:\Users\devvr\AppData\Local\Programs\Python\Python38\lib\site-packages\django\template\response.py", line 90, in rendered_content
    template = self.resolve_template(self.template_name)
  File "C:\Users\devvr\AppData\Local\Programs\Python\Python38\lib\site-packages\django\template\response.py", line 72, in resolve_template
    return select_template(template, using=self.using)
  File "C:\Users\devvr\AppData\Local\Programs\Python\Python38\lib\site-packages\django\template\loader.py", line 42, in select_template
    return engine.get_template(template_name)
  File "C:\Users\devvr\AppData\Local\Programs\Python\Python38\lib\site-packages\django\template\backends\django.py", line 34, in get_template
    return Template(self.engine.get_template(template_name), self)
  File "C:\Users\devvr\AppData\Local\Programs\Python\Python38\lib\site-packages\django\template\engine.py", line 175, in get_template
    template, origin = self.find_template(template_name)
  File "C:\Users\devvr\AppData\Local\Programs\Python\Python38\lib\site-packages\django\template\engine.py", line 157, in find_template
    template = loader.get_template(name, skip=skip)
  File "C:\Users\devvr\AppData\Local\Programs\Python\Python38\lib\site-packages\django\template\loaders\cached.py", line 57, in get_template
    template = super().get_template(template_name, skip)
  File "C:\Users\devvr\AppData\Local\Programs\Python\Python38\lib\site-packages\django\template\loaders\base.py", line 28, in get_template
    return Template(
  File "C:\Users\devvr\AppData\Local\Programs\Python\Python38\lib\site-packages\django\template\base.py", line 154, in __init__
    self.nodelist = self.compile_nodelist()
  File "C:\Users\devvr\AppData\Local\Programs\Python\Python38\lib\site-packages\django\template\base.py", line 200, in compile_nodelist
    return parser.parse()
  File "C:\Users\devvr\AppData\Local\Programs\Python\Python38\lib\site-packages\django\template\base.py", line 513, in parse
    raise self.error(token, e)
  File "C:\Users\devvr\AppData\Local\Programs\Python\Python38\lib\site-packages\django\template\base.py", line 511, in parse
    compiled_result = compile_func(self, token)
  File "C:\Users\devvr\AppData\Local\Programs\Python\Python38\lib\site-packages\django\template\loader_tags.py", line 293, in do_extends
    nodelist = parser.parse()
  File "C:\Users\devvr\AppData\Local\Programs\Python\Python38\lib\site-packages\django\template\base.py", line 513, in parse
    raise self.error(token, e)
  File "C:\Users\devvr\AppData\Local\Programs\Python\Python38\lib\site-packages\django\template\base.py", line 511, in parse
    compiled_result = compile_func(self, token)
  File "C:\Users\devvr\AppData\Local\Programs\Python\Python38\lib\site-packages\django\template\loader_tags.py", line 232, in do_block
    nodelist = parser.parse(("endblock",))
  File "C:\Users\devvr\AppData\Local\Programs\Python\Python38\lib\site-packages\django\template\base.py", line 507, in parse
    self.invalid_block_tag(token, command, parse_until)
  File "C:\Users\devvr\AppData\Local\Programs\Python\Python38\lib\site-packages\django\template\base.py", line 558, in invalid_block_tag
    raise self.error(
django.template.exceptions.TemplateSyntaxError: Invalid block tag on line 157: 'endif', expected 'endblock'. Did you forget to register or load this tag?
"GET /user/password_recovery/confirm/ HTTP/1.1" 500 195915
Not Found: /favicon.ico
"GET /favicon.ico HTTP/1.1" 404 2849
Internal Server Error: /user/password_recovery/confirm/
Traceback (most recent call last):
  File "C:\Users\devvr\AppData\Local\Programs\Python\Python38\lib\site-packages\django\template\base.py", line 505, in parse
    compile_func = self.tags[command]
KeyError: 'endif'

During handling of the above exception, another exception occurred:

Traceback (most recent call last):
  File "C:\Users\devvr\AppData\Local\Programs\Python\Python38\lib\site-packages\django\core\handlers\exception.py", line 55, in inner
    response = get_response(request)
  File "C:\Users\devvr\AppData\Local\Programs\Python\Python38\lib\site-packages\django\core\handlers\base.py", line 220, in _get_response
    response = response.render()
  File "C:\Users\devvr\AppData\Local\Programs\Python\Python38\lib\site-packages\django\template\response.py", line 114, in render
    self.content = self.rendered_content
  File "C:\Users\devvr\AppData\Local\Programs\Python\Python38\lib\site-packages\django\template\response.py", line 90, in rendered_content
    template = self.resolve_template(self.template_name)
  File "C:\Users\devvr\AppData\Local\Programs\Python\Python38\lib\site-packages\django\template\response.py", line 72, in resolve_template
    return select_template(template, using=self.using)
  File "C:\Users\devvr\AppData\Local\Programs\Python\Python38\lib\site-packages\django\template\loader.py", line 42, in select_template
    return engine.get_template(template_name)
  File "C:\Users\devvr\AppData\Local\Programs\Python\Python38\lib\site-packages\django\template\backends\django.py", line 34, in get_template
    return Template(self.engine.get_template(template_name), self)
  File "C:\Users\devvr\AppData\Local\Programs\Python\Python38\lib\site-packages\django\template\engine.py", line 175, in get_template
    template, origin = self.find_template(template_name)
  File "C:\Users\devvr\AppData\Local\Programs\Python\Python38\lib\site-packages\django\template\engine.py", line 157, in find_template
    template = loader.get_template(name, skip=skip)
  File "C:\Users\devvr\AppData\Local\Programs\Python\Python38\lib\site-packages\django\template\loaders\cached.py", line 57, in get_template
    template = super().get_template(template_name, skip)
  File "C:\Users\devvr\AppData\Local\Programs\Python\Python38\lib\site-packages\django\template\loaders\base.py", line 28, in get_template
    return Template(
  File "C:\Users\devvr\AppData\Local\Programs\Python\Python38\lib\site-packages\django\template\base.py", line 154, in __init__
    self.nodelist = self.compile_nodelist()
  File "C:\Users\devvr\AppData\Local\Programs\Python\Python38\lib\site-packages\django\template\base.py", line 200, in compile_nodelist
    return parser.parse()
  File "C:\Users\devvr\AppData\Local\Programs\Python\Python38\lib\site-packages\django\template\base.py", line 513, in parse
    raise self.error(token, e)
  File "C:\Users\devvr\AppData\Local\Programs\Python\Python38\lib\site-packages\django\template\base.py", line 511, in parse
    compiled_result = compile_func(self, token)
  File "C:\Users\devvr\AppData\Local\Programs\Python\Python38\lib\site-packages\django\template\loader_tags.py", line 293, in do_extends
    nodelist = parser.parse()
  File "C:\Users\devvr\AppData\Local\Programs\Python\Python38\lib\site-packages\django\template\base.py", line 513, in parse
    raise self.error(token, e)
  File "C:\Users\devvr\AppData\Local\Programs\Python\Python38\lib\site-packages\django\template\base.py", line 511, in parse
    compiled_result = compile_func(self, token)
  File "C:\Users\devvr\AppData\Local\Programs\Python\Python38\lib\site-packages\django\template\loader_tags.py", line 232, in do_block
    nodelist = parser.parse(("endblock",))
  File "C:\Users\devvr\AppData\Local\Programs\Python\Python38\lib\site-packages\django\template\base.py", line 507, in parse
    self.invalid_block_tag(token, command, parse_until)
  File "C:\Users\devvr\AppData\Local\Programs\Python\Python38\lib\site-packages\django\template\base.py", line 558, in invalid_block_tag
    raise self.error(
django.template.exceptions.TemplateSyntaxError: Invalid block tag on line 157: 'endif', expected 'endblock'. Did you forget to register or load this tag?
"GET /user/password_recovery/confirm/ HTTP/1.1" 500 196043
Not Found: /favicon.ico
"GET /favicon.ico HTTP/1.1" 404 2849
Internal Server Error: /user/password_recovery/confirm/
Traceback (most recent call last):
  File "C:\Users\devvr\AppData\Local\Programs\Python\Python38\lib\site-packages\django\template\base.py", line 505, in parse
    compile_func = self.tags[command]
KeyError: 'endif'

During handling of the above exception, another exception occurred:

Traceback (most recent call last):
  File "C:\Users\devvr\AppData\Local\Programs\Python\Python38\lib\site-packages\django\core\handlers\exception.py", line 55, in inner
    response = get_response(request)
  File "C:\Users\devvr\AppData\Local\Programs\Python\Python38\lib\site-packages\django\core\handlers\base.py", line 220, in _get_response
    response = response.render()
  File "C:\Users\devvr\AppData\Local\Programs\Python\Python38\lib\site-packages\django\template\response.py", line 114, in render
    self.content = self.rendered_content
  File "C:\Users\devvr\AppData\Local\Programs\Python\Python38\lib\site-packages\django\template\response.py", line 90, in rendered_content
    template = self.resolve_template(self.template_name)
  File "C:\Users\devvr\AppData\Local\Programs\Python\Python38\lib\site-packages\django\template\response.py", line 72, in resolve_template
    return select_template(template, using=self.using)
  File "C:\Users\devvr\AppData\Local\Programs\Python\Python38\lib\site-packages\django\template\loader.py", line 42, in select_template
    return engine.get_template(template_name)
  File "C:\Users\devvr\AppData\Local\Programs\Python\Python38\lib\site-packages\django\template\backends\django.py", line 34, in get_template
    return Template(self.engine.get_template(template_name), self)
  File "C:\Users\devvr\AppData\Local\Programs\Python\Python38\lib\site-packages\django\template\engine.py", line 175, in get_template
    template, origin = self.find_template(template_name)
  File "C:\Users\devvr\AppData\Local\Programs\Python\Python38\lib\site-packages\django\template\engine.py", line 157, in find_template
    template = loader.get_template(name, skip=skip)
  File "C:\Users\devvr\AppData\Local\Programs\Python\Python38\lib\site-packages\django\template\loaders\cached.py", line 57, in get_template
    template = super().get_template(template_name, skip)
  File "C:\Users\devvr\AppData\Local\Programs\Python\Python38\lib\site-packages\django\template\loaders\base.py", line 28, in get_template
    return Template(
  File "C:\Users\devvr\AppData\Local\Programs\Python\Python38\lib\site-packages\django\template\base.py", line 154, in __init__
    self.nodelist = self.compile_nodelist()
  File "C:\Users\devvr\AppData\Local\Programs\Python\Python38\lib\site-packages\django\template\base.py", line 200, in compile_nodelist
    return parser.parse()
  File "C:\Users\devvr\AppData\Local\Programs\Python\Python38\lib\site-packages\django\template\base.py", line 513, in parse
    raise self.error(token, e)
  File "C:\Users\devvr\AppData\Local\Programs\Python\Python38\lib\site-packages\django\template\base.py", line 511, in parse
    compiled_result = compile_func(self, token)
  File "C:\Users\devvr\AppData\Local\Programs\Python\Python38\lib\site-packages\django\template\loader_tags.py", line 293, in do_extends
    nodelist = parser.parse()
  File "C:\Users\devvr\AppData\Local\Programs\Python\Python38\lib\site-packages\django\template\base.py", line 513, in parse
    raise self.error(token, e)
  File "C:\Users\devvr\AppData\Local\Programs\Python\Python38\lib\site-packages\django\template\base.py", line 511, in parse
    compiled_result = compile_func(self, token)
  File "C:\Users\devvr\AppData\Local\Programs\Python\Python38\lib\site-packages\django\template\loader_tags.py", line 232, in do_block
    nodelist = parser.parse(("endblock",))
  File "C:\Users\devvr\AppData\Local\Programs\Python\Python38\lib\site-packages\django\template\base.py", line 507, in parse
    self.invalid_block_tag(token, command, parse_until)
  File "C:\Users\devvr\AppData\Local\Programs\Python\Python38\lib\site-packages\django\template\base.py", line 558, in invalid_block_tag
    raise self.error(
django.template.exceptions.TemplateSyntaxError: Invalid block tag on line 157: 'endif', expected 'endblock'. Did you forget to register or load this tag?
"GET /user/password_recovery/confirm/ HTTP/1.1" 500 196043
Not Found: /favicon.ico
"GET /favicon.ico HTTP/1.1" 404 2849
Internal Server Error: /user/password_recovery/confirm/
Traceback (most recent call last):
  File "C:\Users\devvr\AppData\Local\Programs\Python\Python38\lib\site-packages\django\template\backends\django.py", line 62, in render
    return self.template.render(context)
  File "C:\Users\devvr\AppData\Local\Programs\Python\Python38\lib\site-packages\django\template\base.py", line 175, in render
    return self._render(context)
  File "C:\Users\devvr\AppData\Local\Programs\Python\Python38\lib\site-packages\django\test\utils.py", line 111, in instrumented_test_render
    return self.nodelist.render(context)
  File "C:\Users\devvr\AppData\Local\Programs\Python\Python38\lib\site-packages\django\template\base.py", line 1005, in render
    return SafeString("".join([node.render_annotated(context) for node in self]))
  File "C:\Users\devvr\AppData\Local\Programs\Python\Python38\lib\site-packages\django\template\base.py", line 1005, in <listcomp>
    return SafeString("".join([node.render_annotated(context) for node in self]))
  File "C:\Users\devvr\AppData\Local\Programs\Python\Python38\lib\site-packages\django\template\base.py", line 966, in render_annotated
    return self.render(context)
  File "C:\Users\devvr\AppData\Local\Programs\Python\Python38\lib\site-packages\django\template\loader_tags.py", line 157, in render
    return compiled_parent._render(context)
  File "C:\Users\devvr\AppData\Local\Programs\Python\Python38\lib\site-packages\django\test\utils.py", line 111, in instrumented_test_render
    return self.nodelist.render(context)
  File "C:\Users\devvr\AppData\Local\Programs\Python\Python38\lib\site-packages\django\template\base.py", line 1005, in render
    return SafeString("".join([node.render_annotated(context) for node in self]))
  File "C:\Users\devvr\AppData\Local\Programs\Python\Python38\lib\site-packages\django\template\base.py", line 1005, in <listcomp>
    return SafeString("".join([node.render_annotated(context) for node in self]))
  File "C:\Users\devvr\AppData\Local\Programs\Python\Python38\lib\site-packages\django\template\base.py", line 966, in render_annotated
    return self.render(context)
  File "C:\Users\devvr\AppData\Local\Programs\Python\Python38\lib\site-packages\django\template\loader_tags.py", line 63, in render
    result = block.nodelist.render(context)
  File "C:\Users\devvr\AppData\Local\Programs\Python\Python38\lib\site-packages\django\template\base.py", line 1005, in render
    return SafeString("".join([node.render_annotated(context) for node in self]))
  File "C:\Users\devvr\AppData\Local\Programs\Python\Python38\lib\site-packages\django\template\base.py", line 1005, in <listcomp>
    return SafeString("".join([node.render_annotated(context) for node in self]))
  File "C:\Users\devvr\AppData\Local\Programs\Python\Python38\lib\site-packages\django\template\base.py", line 966, in render_annotated
    return self.render(context)
  File "C:\Users\devvr\AppData\Local\Programs\Python\Python38\lib\site-packages\django\template\defaulttags.py", line 322, in render
    return nodelist.render(context)
  File "C:\Users\devvr\AppData\Local\Programs\Python\Python38\lib\site-packages\django\template\base.py", line 1005, in render
    return SafeString("".join([node.render_annotated(context) for node in self]))
  File "C:\Users\devvr\AppData\Local\Programs\Python\Python38\lib\site-packages\django\template\base.py", line 1005, in <listcomp>
    return SafeString("".join([node.render_annotated(context) for node in self]))
  File "C:\Users\devvr\AppData\Local\Programs\Python\Python38\lib\site-packages\django\template\base.py", line 966, in render_annotated
    return self.render(context)
  File "C:\Users\devvr\AppData\Local\Programs\Python\Python38\lib\site-packages\django\template\defaulttags.py", line 238, in render
    nodelist.append(node.render_annotated(context))
  File "C:\Users\devvr\AppData\Local\Programs\Python\Python38\lib\site-packages\django\template\base.py", line 966, in render_annotated
    return self.render(context)
  File "C:\Users\devvr\AppData\Local\Programs\Python\Python38\lib\site-packages\django\template\defaulttags.py", line 322, in render
    return nodelist.render(context)
  File "C:\Users\devvr\AppData\Local\Programs\Python\Python38\lib\site-packages\django\template\base.py", line 1005, in render
    return SafeString("".join([node.render_annotated(context) for node in self]))
  File "C:\Users\devvr\AppData\Local\Programs\Python\Python38\lib\site-packages\django\template\base.py", line 1005, in <listcomp>
    return SafeString("".join([node.render_annotated(context) for node in self]))
  File "C:\Users\devvr\AppData\Local\Programs\Python\Python38\lib\site-packages\django\template\base.py", line 966, in render_annotated
    return self.render(context)
  File "C:\Users\devvr\AppData\Local\Programs\Python\Python38\lib\site-packages\django\template\loader_tags.py", line 197, in render
    template = context.template.engine.select_template(template_name)
  File "C:\Users\devvr\AppData\Local\Programs\Python\Python38\lib\site-packages\django\template\engine.py", line 212, in select_template
    raise TemplateDoesNotExist(", ".join(not_found))
django.template.exceptions.TemplateDoesNotExist: inc/messages/_info.html

The above exception was the direct cause of the following exception:

Traceback (most recent call last):
  File "C:\Users\devvr\AppData\Local\Programs\Python\Python38\lib\site-packages\django\core\handlers\exception.py", line 55, in inner
    response = get_response(request)
  File "C:\Users\devvr\AppData\Local\Programs\Python\Python38\lib\site-packages\django\core\handlers\base.py", line 220, in _get_response
    response = response.render()
  File "C:\Users\devvr\AppData\Local\Programs\Python\Python38\lib\site-packages\django\template\response.py", line 114, in render
    self.content = self.rendered_content
  File "C:\Users\devvr\AppData\Local\Programs\Python\Python38\lib\site-packages\django\template\response.py", line 92, in rendered_content
    return template.render(context, self._request)
  File "C:\Users\devvr\AppData\Local\Programs\Python\Python38\lib\site-packages\django\template\backends\django.py", line 64, in render
    reraise(exc, self.backend)
  File "C:\Users\devvr\AppData\Local\Programs\Python\Python38\lib\site-packages\django\template\backends\django.py", line 85, in reraise
    raise new from exc
django.template.exceptions.TemplateDoesNotExist: inc/messages/_info.html
"GET /user/password_recovery/confirm/ HTTP/1.1" 500 214970
Not Found: /favicon.ico
"GET /favicon.ico HTTP/1.1" 404 2849
Forbidden (Permission denied): /user/signup/extended/
Traceback (most recent call last):
  File "C:\Users\devvr\AppData\Local\Programs\Python\Python38\lib\site-packages\django\core\handlers\exception.py", line 55, in inner
    response = get_response(request)
  File "C:\Users\devvr\AppData\Local\Programs\Python\Python38\lib\site-packages\django\core\handlers\base.py", line 197, in _get_response
    response = wrapped_callback(request, *callback_args, **callback_kwargs)
  File "A:\code\Current\dj\core\users\decorators.py", line 25, in wrap
    return function(request, *args, **kwargs)
  File "C:\Users\devvr\AppData\Local\Programs\Python\Python38\lib\site-packages\django\views\generic\base.py", line 103, in view
    return self.dispatch(request, *args, **kwargs)
  File "C:\Users\devvr\AppData\Local\Programs\Python\Python38\lib\site-packages\django\views\generic\base.py", line 142, in dispatch
    return handler(request, *args, **kwargs)
  File "A:\code\Current\dj\core\users\views.py", line 185, in get
    permission.has_permissions(permissions_list=permission_list)
  File "A:\code\Current\dj\core\users\inspector.py", line 89, in has_permissions
    raise PermissionDenied()
django.core.exceptions.PermissionDenied
"GET /user/signup/extended/ HTTP/1.1" 403 1295
Internal Server Error: /user/signup/extended/
Traceback (most recent call last):
  File "C:\Users\devvr\AppData\Local\Programs\Python\Python38\lib\site-packages\django\template\base.py", line 505, in parse
    compile_func = self.tags[command]
KeyError: 'endfor'

During handling of the above exception, another exception occurred:

Traceback (most recent call last):
  File "C:\Users\devvr\AppData\Local\Programs\Python\Python38\lib\site-packages\django\core\handlers\exception.py", line 55, in inner
    response = get_response(request)
  File "C:\Users\devvr\AppData\Local\Programs\Python\Python38\lib\site-packages\django\core\handlers\base.py", line 220, in _get_response
    response = response.render()
  File "C:\Users\devvr\AppData\Local\Programs\Python\Python38\lib\site-packages\django\template\response.py", line 114, in render
    self.content = self.rendered_content
  File "C:\Users\devvr\AppData\Local\Programs\Python\Python38\lib\site-packages\django\template\response.py", line 90, in rendered_content
    template = self.resolve_template(self.template_name)
  File "C:\Users\devvr\AppData\Local\Programs\Python\Python38\lib\site-packages\django\template\response.py", line 72, in resolve_template
    return select_template(template, using=self.using)
  File "C:\Users\devvr\AppData\Local\Programs\Python\Python38\lib\site-packages\django\template\loader.py", line 42, in select_template
    return engine.get_template(template_name)
  File "C:\Users\devvr\AppData\Local\Programs\Python\Python38\lib\site-packages\django\template\backends\django.py", line 34, in get_template
    return Template(self.engine.get_template(template_name), self)
  File "C:\Users\devvr\AppData\Local\Programs\Python\Python38\lib\site-packages\django\template\engine.py", line 175, in get_template
    template, origin = self.find_template(template_name)
  File "C:\Users\devvr\AppData\Local\Programs\Python\Python38\lib\site-packages\django\template\engine.py", line 157, in find_template
    template = loader.get_template(name, skip=skip)
  File "C:\Users\devvr\AppData\Local\Programs\Python\Python38\lib\site-packages\django\template\loaders\cached.py", line 57, in get_template
    template = super().get_template(template_name, skip)
  File "C:\Users\devvr\AppData\Local\Programs\Python\Python38\lib\site-packages\django\template\loaders\base.py", line 28, in get_template
    return Template(
  File "C:\Users\devvr\AppData\Local\Programs\Python\Python38\lib\site-packages\django\template\base.py", line 154, in __init__
    self.nodelist = self.compile_nodelist()
  File "C:\Users\devvr\AppData\Local\Programs\Python\Python38\lib\site-packages\django\template\base.py", line 200, in compile_nodelist
    return parser.parse()
  File "C:\Users\devvr\AppData\Local\Programs\Python\Python38\lib\site-packages\django\template\base.py", line 513, in parse
    raise self.error(token, e)
  File "C:\Users\devvr\AppData\Local\Programs\Python\Python38\lib\site-packages\django\template\base.py", line 511, in parse
    compiled_result = compile_func(self, token)
  File "C:\Users\devvr\AppData\Local\Programs\Python\Python38\lib\site-packages\django\template\loader_tags.py", line 293, in do_extends
    nodelist = parser.parse()
  File "C:\Users\devvr\AppData\Local\Programs\Python\Python38\lib\site-packages\django\template\base.py", line 513, in parse
    raise self.error(token, e)
  File "C:\Users\devvr\AppData\Local\Programs\Python\Python38\lib\site-packages\django\template\base.py", line 511, in parse
    compiled_result = compile_func(self, token)
  File "C:\Users\devvr\AppData\Local\Programs\Python\Python38\lib\site-packages\django\template\loader_tags.py", line 232, in do_block
    nodelist = parser.parse(("endblock",))
  File "C:\Users\devvr\AppData\Local\Programs\Python\Python38\lib\site-packages\django\template\base.py", line 513, in parse
    raise self.error(token, e)
  File "C:\Users\devvr\AppData\Local\Programs\Python\Python38\lib\site-packages\django\template\base.py", line 511, in parse
    compiled_result = compile_func(self, token)
  File "C:\Users\devvr\AppData\Local\Programs\Python\Python38\lib\site-packages\django\template\defaulttags.py", line 854, in do_for
    nodelist_loop = parser.parse(
  File "C:\Users\devvr\AppData\Local\Programs\Python\Python38\lib\site-packages\django\template\base.py", line 513, in parse
    raise self.error(token, e)
  File "C:\Users\devvr\AppData\Local\Programs\Python\Python38\lib\site-packages\django\template\base.py", line 511, in parse
    compiled_result = compile_func(self, token)
  File "C:\Users\devvr\AppData\Local\Programs\Python\Python38\lib\site-packages\django\template\defaulttags.py", line 954, in do_if
    nodelist = parser.parse(("elif", "else", "endif"))
  File "C:\Users\devvr\AppData\Local\Programs\Python\Python38\lib\site-packages\django\template\base.py", line 507, in parse
    self.invalid_block_tag(token, command, parse_until)
  File "C:\Users\devvr\AppData\Local\Programs\Python\Python38\lib\site-packages\django\template\base.py", line 558, in invalid_block_tag
    raise self.error(
django.template.exceptions.TemplateSyntaxError: Invalid block tag on line 61: 'endfor', expected 'elif', 'else' or 'endif'. Did you forget to register or load this tag?
"GET /user/signup/extended/ HTTP/1.1" 500 232586
Not Found: /favicon.ico
"GET /favicon.ico HTTP/1.1" 404 2849
Not Found: /
"GET / HTTP/1.1" 404 2798
Not Found: /favicon.ico
"GET /favicon.ico HTTP/1.1" 404 2849
Not Found: /user/pasword_recovery/confirm/
"GET /user/pasword_recovery/confirm/ HTTP/1.1" 404 4896
Not Found: /favicon.ico
"GET /favicon.ico HTTP/1.1" 404 2849
Internal Server Error: /user/password_recovery/confirm/
Traceback (most recent call last):
  File "C:\Users\devvr\AppData\Local\Programs\Python\Python38\lib\site-packages\django\core\handlers\exception.py", line 55, in inner
    response = get_response(request)
  File "C:\Users\devvr\AppData\Local\Programs\Python\Python38\lib\site-packages\django\core\handlers\base.py", line 197, in _get_response
    response = wrapped_callback(request, *callback_args, **callback_kwargs)
  File "C:\Users\devvr\AppData\Local\Programs\Python\Python38\lib\site-packages\django\views\generic\base.py", line 103, in view
    return self.dispatch(request, *args, **kwargs)
  File "C:\Users\devvr\AppData\Local\Programs\Python\Python38\lib\site-packages\django\views\generic\base.py", line 142, in dispatch
    return handler(request, *args, **kwargs)
  File "A:\code\Current\dj\core\users\views.py", line 427, in get
    self.extra_context['timer'] = self.request.session['timer']
  File "C:\Users\devvr\AppData\Local\Programs\Python\Python38\lib\site-packages\django\contrib\sessions\backends\base.py", line 53, in __getitem__
    return self._session[key]
KeyError: 'timer'
"GET /user/password_recovery/confirm/ HTTP/1.1" 500 80095
Not Found: /favicon.ico
"GET /favicon.ico HTTP/1.1" 404 2849
Internal Server Error: /user/password_recovery/resend/
Traceback (most recent call last):
  File "C:\Users\devvr\AppData\Local\Programs\Python\Python38\lib\site-packages\django\core\handlers\exception.py", line 55, in inner
    response = get_response(request)
  File "C:\Users\devvr\AppData\Local\Programs\Python\Python38\lib\site-packages\django\core\handlers\base.py", line 197, in _get_response
    response = wrapped_callback(request, *callback_args, **callback_kwargs)
  File "C:\Users\devvr\AppData\Local\Programs\Python\Python38\lib\site-packages\django\views\generic\base.py", line 103, in view
    return self.dispatch(request, *args, **kwargs)
  File "C:\Users\devvr\AppData\Local\Programs\Python\Python38\lib\site-packages\django\views\generic\base.py", line 142, in dispatch
    return handler(request, *args, **kwargs)
  File "A:\code\Current\dj\core\users\views.py", line 448, in get
    if self.request.session['timer']:
  File "C:\Users\devvr\AppData\Local\Programs\Python\Python38\lib\site-packages\django\contrib\sessions\backends\base.py", line 53, in __getitem__
    return self._session[key]
KeyError: 'timer'
"GET /user/password_recovery/resend/ HTTP/1.1" 500 79666
Not Found: /favicon.ico
"GET /favicon.ico HTTP/1.1" 404 2849
Internal Server Error: /user/password_recovery/confirm/
Traceback (most recent call last):
  File "C:\Users\devvr\AppData\Local\Programs\Python\Python38\lib\site-packages\django\core\handlers\exception.py", line 55, in inner
    response = get_response(request)
  File "C:\Users\devvr\AppData\Local\Programs\Python\Python38\lib\site-packages\django\core\handlers\base.py", line 197, in _get_response
    response = wrapped_callback(request, *callback_args, **callback_kwargs)
  File "C:\Users\devvr\AppData\Local\Programs\Python\Python38\lib\site-packages\django\views\generic\base.py", line 103, in view
    return self.dispatch(request, *args, **kwargs)
  File "C:\Users\devvr\AppData\Local\Programs\Python\Python38\lib\site-packages\django\views\generic\base.py", line 142, in dispatch
    return handler(request, *args, **kwargs)
  File "A:\code\Current\dj\core\users\views.py", line 433, in get
    return super().get(request, *args, **kwargs)
  File "C:\Users\devvr\AppData\Local\Programs\Python\Python38\lib\site-packages\django\views\generic\edit.py", line 144, in get
    return self.render_to_response(self.get_context_data())
  File "C:\Users\devvr\AppData\Local\Programs\Python\Python38\lib\site-packages\django\views\generic\edit.py", line 75, in get_context_data
    return super().get_context_data(**kwargs)
  File "C:\Users\devvr\AppData\Local\Programs\Python\Python38\lib\site-packages\django\views\generic\base.py", line 31, in get_context_data
    kwargs.update(self.extra_context)
TypeError: 'int' object is not iterable
"GET /user/password_recovery/confirm/ HTTP/1.1" 500 88965
Not Found: /favicon.ico
"GET /favicon.ico HTTP/1.1" 404 2849
Internal Server Error: /user/password_recovery/confirm/
Traceback (most recent call last):
  File "C:\Users\devvr\AppData\Local\Programs\Python\Python38\lib\site-packages\django\core\handlers\exception.py", line 55, in inner
    response = get_response(request)
  File "C:\Users\devvr\AppData\Local\Programs\Python\Python38\lib\site-packages\django\core\handlers\base.py", line 197, in _get_response
    response = wrapped_callback(request, *callback_args, **callback_kwargs)
  File "C:\Users\devvr\AppData\Local\Programs\Python\Python38\lib\site-packages\django\views\generic\base.py", line 103, in view
    return self.dispatch(request, *args, **kwargs)
  File "C:\Users\devvr\AppData\Local\Programs\Python\Python38\lib\site-packages\django\views\generic\base.py", line 142, in dispatch
    return handler(request, *args, **kwargs)
  File "A:\code\Current\dj\core\users\views.py", line 433, in get
    return super().get(request, *args, **kwargs)
  File "C:\Users\devvr\AppData\Local\Programs\Python\Python38\lib\site-packages\django\views\generic\edit.py", line 144, in get
    return self.render_to_response(self.get_context_data())
  File "C:\Users\devvr\AppData\Local\Programs\Python\Python38\lib\site-packages\django\views\generic\edit.py", line 75, in get_context_data
    return super().get_context_data(**kwargs)
  File "C:\Users\devvr\AppData\Local\Programs\Python\Python38\lib\site-packages\django\views\generic\base.py", line 31, in get_context_data
    kwargs.update(self.extra_context)
TypeError: 'int' object is not iterable
"GET /user/password_recovery/confirm/ HTTP/1.1" 500 88965
Not Found: /favicon.ico
"GET /favicon.ico HTTP/1.1" 404 2849
Internal Server Error: /user/password_recovery/confirm/
Traceback (most recent call last):
  File "C:\Users\devvr\AppData\Local\Programs\Python\Python38\lib\site-packages\django\core\handlers\exception.py", line 55, in inner
    response = get_response(request)
  File "C:\Users\devvr\AppData\Local\Programs\Python\Python38\lib\site-packages\django\core\handlers\base.py", line 197, in _get_response
    response = wrapped_callback(request, *callback_args, **callback_kwargs)
  File "C:\Users\devvr\AppData\Local\Programs\Python\Python38\lib\site-packages\django\views\generic\base.py", line 103, in view
    return self.dispatch(request, *args, **kwargs)
  File "C:\Users\devvr\AppData\Local\Programs\Python\Python38\lib\site-packages\django\views\generic\base.py", line 142, in dispatch
    return handler(request, *args, **kwargs)
  File "A:\code\Current\dj\core\users\views.py", line 428, in get
    self.request.session['timer'], self.extra_context = self.timer_remains()
TypeError: cannot unpack non-iterable int object
"GET /user/password_recovery/confirm/ HTTP/1.1" 500 76490
Not Found: /favicon.ico
"GET /favicon.ico HTTP/1.1" 404 2849
Internal Server Error: /user/password_recovery/confirm/
Traceback (most recent call last):
  File "C:\Users\devvr\AppData\Local\Programs\Python\Python38\lib\site-packages\django\core\handlers\exception.py", line 55, in inner
    response = get_response(request)
  File "C:\Users\devvr\AppData\Local\Programs\Python\Python38\lib\site-packages\django\core\handlers\base.py", line 197, in _get_response
    response = wrapped_callback(request, *callback_args, **callback_kwargs)
  File "C:\Users\devvr\AppData\Local\Programs\Python\Python38\lib\site-packages\django\views\generic\base.py", line 103, in view
    return self.dispatch(request, *args, **kwargs)
  File "C:\Users\devvr\AppData\Local\Programs\Python\Python38\lib\site-packages\django\views\generic\base.py", line 142, in dispatch
    return handler(request, *args, **kwargs)
  File "A:\code\Current\dj\core\users\views.py", line 428, in get
    self.request.session['timer'], self.extra_context = self.timer_remains()
TypeError: cannot unpack non-iterable int object
"GET /user/password_recovery/confirm/ HTTP/1.1" 500 76490
Not Found: /favicon.ico
"GET /favicon.ico HTTP/1.1" 404 2849
Internal Server Error: /user/password_recovery/confirm/
Traceback (most recent call last):
  File "C:\Users\devvr\AppData\Local\Programs\Python\Python38\lib\site-packages\django\core\handlers\exception.py", line 55, in inner
    response = get_response(request)
  File "C:\Users\devvr\AppData\Local\Programs\Python\Python38\lib\site-packages\django\core\handlers\base.py", line 197, in _get_response
    response = wrapped_callback(request, *callback_args, **callback_kwargs)
  File "C:\Users\devvr\AppData\Local\Programs\Python\Python38\lib\site-packages\django\views\generic\base.py", line 103, in view
    return self.dispatch(request, *args, **kwargs)
  File "C:\Users\devvr\AppData\Local\Programs\Python\Python38\lib\site-packages\django\views\generic\base.py", line 142, in dispatch
    return handler(request, *args, **kwargs)
  File "A:\code\Current\dj\core\users\views.py", line 433, in get
    return super().get(request, *args, **kwargs)
  File "C:\Users\devvr\AppData\Local\Programs\Python\Python38\lib\site-packages\django\views\generic\edit.py", line 144, in get
    return self.render_to_response(self.get_context_data())
  File "C:\Users\devvr\AppData\Local\Programs\Python\Python38\lib\site-packages\django\views\generic\edit.py", line 75, in get_context_data
    return super().get_context_data(**kwargs)
  File "C:\Users\devvr\AppData\Local\Programs\Python\Python38\lib\site-packages\django\views\generic\base.py", line 31, in get_context_data
    kwargs.update(self.extra_context)
TypeError: 'int' object is not iterable
"GET /user/password_recovery/confirm/ HTTP/1.1" 500 88965
Not Found: /favicon.ico
"GET /favicon.ico HTTP/1.1" 404 2849
Internal Server Error: /user/password_recovery/confirm/
Traceback (most recent call last):
  File "C:\Users\devvr\AppData\Local\Programs\Python\Python38\lib\site-packages\django\core\handlers\exception.py", line 55, in inner
    response = get_response(request)
  File "C:\Users\devvr\AppData\Local\Programs\Python\Python38\lib\site-packages\django\core\handlers\base.py", line 197, in _get_response
    response = wrapped_callback(request, *callback_args, **callback_kwargs)
  File "C:\Users\devvr\AppData\Local\Programs\Python\Python38\lib\site-packages\django\views\generic\base.py", line 103, in view
    return self.dispatch(request, *args, **kwargs)
  File "C:\Users\devvr\AppData\Local\Programs\Python\Python38\lib\site-packages\django\views\generic\base.py", line 142, in dispatch
    return handler(request, *args, **kwargs)
  File "A:\code\Current\dj\core\users\views.py", line 433, in get
    return super().get(request, *args, **kwargs)
  File "C:\Users\devvr\AppData\Local\Programs\Python\Python38\lib\site-packages\django\views\generic\edit.py", line 144, in get
    return self.render_to_response(self.get_context_data())
  File "C:\Users\devvr\AppData\Local\Programs\Python\Python38\lib\site-packages\django\views\generic\edit.py", line 75, in get_context_data
    return super().get_context_data(**kwargs)
  File "C:\Users\devvr\AppData\Local\Programs\Python\Python38\lib\site-packages\django\views\generic\base.py", line 31, in get_context_data
    kwargs.update(self.extra_context)
TypeError: 'int' object is not iterable
"GET /user/password_recovery/confirm/ HTTP/1.1" 500 88965
Not Found: /favicon.ico
"GET /favicon.ico HTTP/1.1" 404 2849
Internal Server Error: /user/password_recovery/confirm/
Traceback (most recent call last):
  File "C:\Users\devvr\AppData\Local\Programs\Python\Python38\lib\site-packages\django\core\handlers\exception.py", line 55, in inner
    response = get_response(request)
  File "C:\Users\devvr\AppData\Local\Programs\Python\Python38\lib\site-packages\django\core\handlers\base.py", line 197, in _get_response
    response = wrapped_callback(request, *callback_args, **callback_kwargs)
  File "C:\Users\devvr\AppData\Local\Programs\Python\Python38\lib\site-packages\django\views\generic\base.py", line 103, in view
    return self.dispatch(request, *args, **kwargs)
  File "C:\Users\devvr\AppData\Local\Programs\Python\Python38\lib\site-packages\django\views\generic\base.py", line 142, in dispatch
    return handler(request, *args, **kwargs)
  File "A:\code\Current\dj\core\users\views.py", line 433, in get
    return super().get(request, *args, **kwargs)
  File "C:\Users\devvr\AppData\Local\Programs\Python\Python38\lib\site-packages\django\views\generic\edit.py", line 144, in get
    return self.render_to_response(self.get_context_data())
  File "C:\Users\devvr\AppData\Local\Programs\Python\Python38\lib\site-packages\django\views\generic\edit.py", line 75, in get_context_data
    return super().get_context_data(**kwargs)
  File "C:\Users\devvr\AppData\Local\Programs\Python\Python38\lib\site-packages\django\views\generic\base.py", line 31, in get_context_data
    kwargs.update(self.extra_context)
TypeError: 'int' object is not iterable
"GET /user/password_recovery/confirm/ HTTP/1.1" 500 88965
Not Found: /favicon.ico
"GET /favicon.ico HTTP/1.1" 404 2849
Internal Server Error: /user/password_recovery/confirm/
Traceback (most recent call last):
  File "C:\Users\devvr\AppData\Local\Programs\Python\Python38\lib\site-packages\django\core\handlers\exception.py", line 55, in inner
    response = get_response(request)
  File "C:\Users\devvr\AppData\Local\Programs\Python\Python38\lib\site-packages\django\core\handlers\base.py", line 197, in _get_response
    response = wrapped_callback(request, *callback_args, **callback_kwargs)
  File "C:\Users\devvr\AppData\Local\Programs\Python\Python38\lib\site-packages\django\views\generic\base.py", line 103, in view
    return self.dispatch(request, *args, **kwargs)
  File "C:\Users\devvr\AppData\Local\Programs\Python\Python38\lib\site-packages\django\views\generic\base.py", line 142, in dispatch
    return handler(request, *args, **kwargs)
  File "A:\code\Current\dj\core\users\views.py", line 433, in get
    return super().get(request, *args, **kwargs)
  File "C:\Users\devvr\AppData\Local\Programs\Python\Python38\lib\site-packages\django\views\generic\edit.py", line 144, in get
    return self.render_to_response(self.get_context_data())
  File "C:\Users\devvr\AppData\Local\Programs\Python\Python38\lib\site-packages\django\views\generic\edit.py", line 75, in get_context_data
    return super().get_context_data(**kwargs)
  File "C:\Users\devvr\AppData\Local\Programs\Python\Python38\lib\site-packages\django\views\generic\base.py", line 31, in get_context_data
    kwargs.update(self.extra_context)
TypeError: 'int' object is not iterable
"GET /user/password_recovery/confirm/ HTTP/1.1" 500 88965
Not Found: /favicon.ico
"GET /favicon.ico HTTP/1.1" 404 2849
Internal Server Error: /user/password_recovery/confirm/
Traceback (most recent call last):
  File "C:\Users\devvr\AppData\Local\Programs\Python\Python38\lib\site-packages\django\core\handlers\exception.py", line 55, in inner
    response = get_response(request)
  File "C:\Users\devvr\AppData\Local\Programs\Python\Python38\lib\site-packages\django\core\handlers\base.py", line 197, in _get_response
    response = wrapped_callback(request, *callback_args, **callback_kwargs)
  File "C:\Users\devvr\AppData\Local\Programs\Python\Python38\lib\site-packages\django\views\generic\base.py", line 103, in view
    return self.dispatch(request, *args, **kwargs)
  File "C:\Users\devvr\AppData\Local\Programs\Python\Python38\lib\site-packages\django\views\generic\base.py", line 142, in dispatch
    return handler(request, *args, **kwargs)
  File "A:\code\Current\dj\core\users\views.py", line 433, in get
    return super().get(request, *args, **kwargs)
  File "C:\Users\devvr\AppData\Local\Programs\Python\Python38\lib\site-packages\django\views\generic\edit.py", line 144, in get
    return self.render_to_response(self.get_context_data())
  File "C:\Users\devvr\AppData\Local\Programs\Python\Python38\lib\site-packages\django\views\generic\edit.py", line 75, in get_context_data
    return super().get_context_data(**kwargs)
  File "C:\Users\devvr\AppData\Local\Programs\Python\Python38\lib\site-packages\django\views\generic\base.py", line 31, in get_context_data
    kwargs.update(self.extra_context)
TypeError: 'int' object is not iterable
"GET /user/password_recovery/confirm/ HTTP/1.1" 500 88965
Not Found: /favicon.ico
"GET /favicon.ico HTTP/1.1" 404 2849
Internal Server Error: /user/password_recovery/confirm/
Traceback (most recent call last):
  File "C:\Users\devvr\AppData\Local\Programs\Python\Python38\lib\site-packages\django\core\handlers\exception.py", line 55, in inner
    response = get_response(request)
  File "C:\Users\devvr\AppData\Local\Programs\Python\Python38\lib\site-packages\django\core\handlers\base.py", line 197, in _get_response
    response = wrapped_callback(request, *callback_args, **callback_kwargs)
  File "C:\Users\devvr\AppData\Local\Programs\Python\Python38\lib\site-packages\django\views\generic\base.py", line 103, in view
    return self.dispatch(request, *args, **kwargs)
  File "C:\Users\devvr\AppData\Local\Programs\Python\Python38\lib\site-packages\django\views\generic\base.py", line 142, in dispatch
    return handler(request, *args, **kwargs)
  File "A:\code\Current\dj\core\users\views.py", line 433, in get
    return super().get(request, *args, **kwargs)
  File "C:\Users\devvr\AppData\Local\Programs\Python\Python38\lib\site-packages\django\views\generic\edit.py", line 144, in get
    return self.render_to_response(self.get_context_data())
  File "C:\Users\devvr\AppData\Local\Programs\Python\Python38\lib\site-packages\django\views\generic\edit.py", line 75, in get_context_data
    return super().get_context_data(**kwargs)
  File "C:\Users\devvr\AppData\Local\Programs\Python\Python38\lib\site-packages\django\views\generic\base.py", line 31, in get_context_data
    kwargs.update(self.extra_context)
TypeError: 'int' object is not iterable
"GET /user/password_recovery/confirm/ HTTP/1.1" 500 88965
Not Found: /favicon.ico
"GET /favicon.ico HTTP/1.1" 404 2849
Internal Server Error: /user/password_recovery/confirm/
Traceback (most recent call last):
  File "C:\Users\devvr\AppData\Local\Programs\Python\Python38\lib\site-packages\django\core\handlers\exception.py", line 55, in inner
    response = get_response(request)
  File "C:\Users\devvr\AppData\Local\Programs\Python\Python38\lib\site-packages\django\core\handlers\base.py", line 197, in _get_response
    response = wrapped_callback(request, *callback_args, **callback_kwargs)
  File "C:\Users\devvr\AppData\Local\Programs\Python\Python38\lib\site-packages\django\views\generic\base.py", line 103, in view
    return self.dispatch(request, *args, **kwargs)
  File "C:\Users\devvr\AppData\Local\Programs\Python\Python38\lib\site-packages\django\views\generic\base.py", line 142, in dispatch
    return handler(request, *args, **kwargs)
  File "A:\code\Current\dj\core\users\views.py", line 433, in get
    return super().get(request, *args, **kwargs)
  File "C:\Users\devvr\AppData\Local\Programs\Python\Python38\lib\site-packages\django\views\generic\edit.py", line 144, in get
    return self.render_to_response(self.get_context_data())
  File "C:\Users\devvr\AppData\Local\Programs\Python\Python38\lib\site-packages\django\views\generic\edit.py", line 75, in get_context_data
    return super().get_context_data(**kwargs)
  File "C:\Users\devvr\AppData\Local\Programs\Python\Python38\lib\site-packages\django\views\generic\base.py", line 31, in get_context_data
    kwargs.update(self.extra_context)
TypeError: 'int' object is not iterable
"GET /user/password_recovery/confirm/ HTTP/1.1" 500 88965
Not Found: /favicon.ico
"GET /favicon.ico HTTP/1.1" 404 2849
Internal Server Error: /user/password_recovery/confirm/
Traceback (most recent call last):
  File "C:\Users\devvr\AppData\Local\Programs\Python\Python38\lib\site-packages\django\core\handlers\exception.py", line 55, in inner
    response = get_response(request)
  File "C:\Users\devvr\AppData\Local\Programs\Python\Python38\lib\site-packages\django\core\handlers\base.py", line 197, in _get_response
    response = wrapped_callback(request, *callback_args, **callback_kwargs)
  File "C:\Users\devvr\AppData\Local\Programs\Python\Python38\lib\site-packages\django\views\generic\base.py", line 103, in view
    return self.dispatch(request, *args, **kwargs)
  File "C:\Users\devvr\AppData\Local\Programs\Python\Python38\lib\site-packages\django\views\generic\base.py", line 142, in dispatch
    return handler(request, *args, **kwargs)
  File "A:\code\Current\dj\core\users\views.py", line 433, in get
    return super().get(request, *args, **kwargs)
  File "C:\Users\devvr\AppData\Local\Programs\Python\Python38\lib\site-packages\django\views\generic\edit.py", line 144, in get
    return self.render_to_response(self.get_context_data())
  File "C:\Users\devvr\AppData\Local\Programs\Python\Python38\lib\site-packages\django\views\generic\edit.py", line 75, in get_context_data
    return super().get_context_data(**kwargs)
  File "C:\Users\devvr\AppData\Local\Programs\Python\Python38\lib\site-packages\django\views\generic\base.py", line 31, in get_context_data
    kwargs.update(self.extra_context)
TypeError: 'int' object is not iterable
"GET /user/password_recovery/confirm/ HTTP/1.1" 500 88965
Not Found: /favicon.ico
"GET /favicon.ico HTTP/1.1" 404 2849
Internal Server Error: /user/password_recovery/confirm/
Traceback (most recent call last):
  File "C:\Users\devvr\AppData\Local\Programs\Python\Python38\lib\site-packages\django\core\handlers\exception.py", line 55, in inner
    response = get_response(request)
  File "C:\Users\devvr\AppData\Local\Programs\Python\Python38\lib\site-packages\django\core\handlers\base.py", line 197, in _get_response
    response = wrapped_callback(request, *callback_args, **callback_kwargs)
  File "C:\Users\devvr\AppData\Local\Programs\Python\Python38\lib\site-packages\django\views\generic\base.py", line 103, in view
    return self.dispatch(request, *args, **kwargs)
  File "C:\Users\devvr\AppData\Local\Programs\Python\Python38\lib\site-packages\django\views\generic\base.py", line 142, in dispatch
    return handler(request, *args, **kwargs)
  File "A:\code\Current\dj\core\users\views.py", line 433, in get
    return super().get(request, *args, **kwargs)
  File "C:\Users\devvr\AppData\Local\Programs\Python\Python38\lib\site-packages\django\views\generic\edit.py", line 144, in get
    return self.render_to_response(self.get_context_data())
  File "C:\Users\devvr\AppData\Local\Programs\Python\Python38\lib\site-packages\django\views\generic\edit.py", line 75, in get_context_data
    return super().get_context_data(**kwargs)
  File "C:\Users\devvr\AppData\Local\Programs\Python\Python38\lib\site-packages\django\views\generic\base.py", line 31, in get_context_data
    kwargs.update(self.extra_context)
TypeError: 'int' object is not iterable
"GET /user/password_recovery/confirm/ HTTP/1.1" 500 88918
Not Found: /favicon.ico
"GET /favicon.ico HTTP/1.1" 404 2849
Internal Server Error: /user/password_recovery/confirm/
Traceback (most recent call last):
  File "C:\Users\devvr\AppData\Local\Programs\Python\Python38\lib\site-packages\django\core\handlers\exception.py", line 55, in inner
    response = get_response(request)
  File "C:\Users\devvr\AppData\Local\Programs\Python\Python38\lib\site-packages\django\core\handlers\base.py", line 197, in _get_response
    response = wrapped_callback(request, *callback_args, **callback_kwargs)
  File "C:\Users\devvr\AppData\Local\Programs\Python\Python38\lib\site-packages\django\views\generic\base.py", line 103, in view
    return self.dispatch(request, *args, **kwargs)
  File "C:\Users\devvr\AppData\Local\Programs\Python\Python38\lib\site-packages\django\views\generic\base.py", line 142, in dispatch
    return handler(request, *args, **kwargs)
  File "A:\code\Current\dj\core\users\views.py", line 433, in get
    return super().get(request, *args, **kwargs)
  File "C:\Users\devvr\AppData\Local\Programs\Python\Python38\lib\site-packages\django\views\generic\edit.py", line 144, in get
    return self.render_to_response(self.get_context_data())
  File "C:\Users\devvr\AppData\Local\Programs\Python\Python38\lib\site-packages\django\views\generic\edit.py", line 75, in get_context_data
    return super().get_context_data(**kwargs)
  File "C:\Users\devvr\AppData\Local\Programs\Python\Python38\lib\site-packages\django\views\generic\base.py", line 31, in get_context_data
    kwargs.update(self.extra_context)
TypeError: 'int' object is not iterable
"GET /user/password_recovery/confirm/ HTTP/1.1" 500 88918
Internal Server Error: /user/password_recovery/confirm/
Traceback (most recent call last):
  File "C:\Users\devvr\AppData\Local\Programs\Python\Python38\lib\site-packages\django\core\handlers\exception.py", line 55, in inner
    response = get_response(request)
  File "C:\Users\devvr\AppData\Local\Programs\Python\Python38\lib\site-packages\django\core\handlers\base.py", line 197, in _get_response
    response = wrapped_callback(request, *callback_args, **callback_kwargs)
  File "C:\Users\devvr\AppData\Local\Programs\Python\Python38\lib\site-packages\django\views\generic\base.py", line 103, in view
    return self.dispatch(request, *args, **kwargs)
  File "C:\Users\devvr\AppData\Local\Programs\Python\Python38\lib\site-packages\django\views\generic\base.py", line 142, in dispatch
    return handler(request, *args, **kwargs)
  File "A:\code\Current\dj\core\users\views.py", line 433, in get
    return super().get(request, *args, **kwargs)
  File "C:\Users\devvr\AppData\Local\Programs\Python\Python38\lib\site-packages\django\views\generic\edit.py", line 144, in get
    return self.render_to_response(self.get_context_data())
  File "C:\Users\devvr\AppData\Local\Programs\Python\Python38\lib\site-packages\django\views\generic\edit.py", line 75, in get_context_data
    return super().get_context_data(**kwargs)
  File "C:\Users\devvr\AppData\Local\Programs\Python\Python38\lib\site-packages\django\views\generic\base.py", line 31, in get_context_data
    kwargs.update(self.extra_context)
TypeError: 'int' object is not iterable
Not Found: /favicon.ico
"GET /user/password_recovery/confirm/ HTTP/1.1" 500 88918
"GET /favicon.ico HTTP/1.1" 404 2849
Not Found: /favicon.ico
"GET /favicon.ico HTTP/1.1" 404 2849
Internal Server Error: /user/password_recovery/confirm/
Traceback (most recent call last):
  File "C:\Users\devvr\AppData\Local\Programs\Python\Python38\lib\site-packages\django\core\handlers\exception.py", line 55, in inner
    response = get_response(request)
  File "C:\Users\devvr\AppData\Local\Programs\Python\Python38\lib\site-packages\django\core\handlers\base.py", line 197, in _get_response
    response = wrapped_callback(request, *callback_args, **callback_kwargs)
  File "C:\Users\devvr\AppData\Local\Programs\Python\Python38\lib\site-packages\django\views\generic\base.py", line 103, in view
    return self.dispatch(request, *args, **kwargs)
  File "C:\Users\devvr\AppData\Local\Programs\Python\Python38\lib\site-packages\django\views\generic\base.py", line 142, in dispatch
    return handler(request, *args, **kwargs)
  File "A:\code\Current\dj\core\users\views.py", line 433, in get
    return super().get(request, *args, **kwargs)
  File "C:\Users\devvr\AppData\Local\Programs\Python\Python38\lib\site-packages\django\views\generic\edit.py", line 144, in get
    return self.render_to_response(self.get_context_data())
  File "C:\Users\devvr\AppData\Local\Programs\Python\Python38\lib\site-packages\django\views\generic\edit.py", line 75, in get_context_data
    return super().get_context_data(**kwargs)
  File "C:\Users\devvr\AppData\Local\Programs\Python\Python38\lib\site-packages\django\views\generic\base.py", line 31, in get_context_data
    kwargs.update(self.extra_context)
TypeError: 'int' object is not iterable
"GET /user/password_recovery/confirm/ HTTP/1.1" 500 88918
Not Found: /favicon.ico
"GET /favicon.ico HTTP/1.1" 404 2849
Internal Server Error: /user/password_recovery/confirm/
Traceback (most recent call last):
  File "C:\Users\devvr\AppData\Local\Programs\Python\Python38\lib\site-packages\django\core\handlers\exception.py", line 55, in inner
    response = get_response(request)
  File "C:\Users\devvr\AppData\Local\Programs\Python\Python38\lib\site-packages\django\core\handlers\base.py", line 197, in _get_response
    response = wrapped_callback(request, *callback_args, **callback_kwargs)
  File "C:\Users\devvr\AppData\Local\Programs\Python\Python38\lib\site-packages\django\views\generic\base.py", line 103, in view
    return self.dispatch(request, *args, **kwargs)
  File "C:\Users\devvr\AppData\Local\Programs\Python\Python38\lib\site-packages\django\views\generic\base.py", line 142, in dispatch
    return handler(request, *args, **kwargs)
  File "A:\code\Current\dj\core\users\views.py", line 431, in get
    return super().get(request, *args, **kwargs)
  File "C:\Users\devvr\AppData\Local\Programs\Python\Python38\lib\site-packages\django\views\generic\edit.py", line 144, in get
    return self.render_to_response(self.get_context_data())
  File "C:\Users\devvr\AppData\Local\Programs\Python\Python38\lib\site-packages\django\views\generic\edit.py", line 75, in get_context_data
    return super().get_context_data(**kwargs)
  File "C:\Users\devvr\AppData\Local\Programs\Python\Python38\lib\site-packages\django\views\generic\base.py", line 31, in get_context_data
    kwargs.update(self.extra_context)
TypeError: 'int' object is not iterable
"GET /user/password_recovery/confirm/ HTTP/1.1" 500 88971
Not Found: /favicon.ico
"GET /favicon.ico HTTP/1.1" 404 2849
Internal Server Error: /user/password_recovery/confirm/
Traceback (most recent call last):
  File "C:\Users\devvr\AppData\Local\Programs\Python\Python38\lib\site-packages\django\core\handlers\exception.py", line 55, in inner
    response = get_response(request)
  File "C:\Users\devvr\AppData\Local\Programs\Python\Python38\lib\site-packages\django\core\handlers\base.py", line 197, in _get_response
    response = wrapped_callback(request, *callback_args, **callback_kwargs)
  File "C:\Users\devvr\AppData\Local\Programs\Python\Python38\lib\site-packages\django\views\generic\base.py", line 103, in view
    return self.dispatch(request, *args, **kwargs)
  File "C:\Users\devvr\AppData\Local\Programs\Python\Python38\lib\site-packages\django\views\generic\base.py", line 142, in dispatch
    return handler(request, *args, **kwargs)
  File "A:\code\Current\dj\core\users\views.py", line 431, in get
    return super().get(request, *args, **kwargs)
  File "C:\Users\devvr\AppData\Local\Programs\Python\Python38\lib\site-packages\django\views\generic\edit.py", line 144, in get
    return self.render_to_response(self.get_context_data())
  File "C:\Users\devvr\AppData\Local\Programs\Python\Python38\lib\site-packages\django\views\generic\edit.py", line 75, in get_context_data
    return super().get_context_data(**kwargs)
  File "C:\Users\devvr\AppData\Local\Programs\Python\Python38\lib\site-packages\django\views\generic\base.py", line 31, in get_context_data
    kwargs.update(self.extra_context)
TypeError: 'int' object is not iterable
"GET /user/password_recovery/confirm/ HTTP/1.1" 500 88971
Not Found: /favicon.ico
"GET /favicon.ico HTTP/1.1" 404 2849
Internal Server Error: /user/password_recovery/confirm/
Traceback (most recent call last):
  File "C:\Users\devvr\AppData\Local\Programs\Python\Python38\lib\site-packages\django\core\handlers\exception.py", line 55, in inner
    response = get_response(request)
  File "C:\Users\devvr\AppData\Local\Programs\Python\Python38\lib\site-packages\django\core\handlers\base.py", line 197, in _get_response
    response = wrapped_callback(request, *callback_args, **callback_kwargs)
  File "C:\Users\devvr\AppData\Local\Programs\Python\Python38\lib\site-packages\django\views\generic\base.py", line 103, in view
    return self.dispatch(request, *args, **kwargs)
  File "C:\Users\devvr\AppData\Local\Programs\Python\Python38\lib\site-packages\django\views\generic\base.py", line 142, in dispatch
    return handler(request, *args, **kwargs)
  File "A:\code\Current\dj\core\users\views.py", line 426, in get
    self.request.session['timer'] = self.timer_remains()
  File "A:\code\Current\dj\core\users\views.py", line 439, in timer_remains
    timedelta = current_time - timer_stamp
TypeError: unsupported operand type(s) for -: 'str' and 'str'
"GET /user/password_recovery/confirm/ HTTP/1.1" 500 80417
Not Found: /favicon.ico
"GET /favicon.ico HTTP/1.1" 404 2849
Internal Server Error: /user/password_recovery/confirm/
Traceback (most recent call last):
  File "C:\Users\devvr\AppData\Local\Programs\Python\Python38\lib\site-packages\django\core\handlers\exception.py", line 55, in inner
    response = get_response(request)
  File "C:\Users\devvr\AppData\Local\Programs\Python\Python38\lib\site-packages\django\core\handlers\base.py", line 197, in _get_response
    response = wrapped_callback(request, *callback_args, **callback_kwargs)
  File "C:\Users\devvr\AppData\Local\Programs\Python\Python38\lib\site-packages\django\views\generic\base.py", line 103, in view
    return self.dispatch(request, *args, **kwargs)
  File "C:\Users\devvr\AppData\Local\Programs\Python\Python38\lib\site-packages\django\views\generic\base.py", line 142, in dispatch
    return handler(request, *args, **kwargs)
  File "A:\code\Current\dj\core\users\views.py", line 426, in get
    self.request.session['timer'] = self.timer_remains()
  File "A:\code\Current\dj\core\users\views.py", line 441, in timer_remains
    delta = current_time - timer_stamp
TypeError: unsupported operand type(s) for -: 'str' and 'str'
"GET /user/password_recovery/confirm/ HTTP/1.1" 500 80436
Not Found: /favicon.ico
"GET /favicon.ico HTTP/1.1" 404 2849
Internal Server Error: /user/password_recovery/confirm/
Traceback (most recent call last):
  File "C:\Users\devvr\AppData\Local\Programs\Python\Python38\lib\site-packages\django\core\handlers\exception.py", line 55, in inner
    response = get_response(request)
  File "C:\Users\devvr\AppData\Local\Programs\Python\Python38\lib\site-packages\django\core\handlers\base.py", line 197, in _get_response
    response = wrapped_callback(request, *callback_args, **callback_kwargs)
  File "C:\Users\devvr\AppData\Local\Programs\Python\Python38\lib\site-packages\django\views\generic\base.py", line 103, in view
    return self.dispatch(request, *args, **kwargs)
  File "C:\Users\devvr\AppData\Local\Programs\Python\Python38\lib\site-packages\django\views\generic\base.py", line 142, in dispatch
    return handler(request, *args, **kwargs)
  File "A:\code\Current\dj\core\users\views.py", line 426, in get
    self.request.session['timer'] = self.timer_remains()
  File "A:\code\Current\dj\core\users\views.py", line 439, in timer_remains
    remains = then - now
TypeError: unsupported operand type(s) for -: 'int' and 'datetime.datetime'
"GET /user/password_recovery/confirm/ HTTP/1.1" 500 80363
Not Found: /favicon.ico
"GET /favicon.ico HTTP/1.1" 404 2849
Internal Server Error: /user/password_recovery/resend/
Traceback (most recent call last):
  File "C:\Users\devvr\AppData\Local\Programs\Python\Python38\lib\site-packages\django\core\handlers\exception.py", line 55, in inner
    response = get_response(request)
  File "C:\Users\devvr\AppData\Local\Programs\Python\Python38\lib\site-packages\django\utils\deprecation.py", line 138, in __call__
    response = self.process_response(request, response)
  File "C:\Users\devvr\AppData\Local\Programs\Python\Python38\lib\site-packages\django\contrib\sessions\middleware.py", line 59, in process_response
    request.session.save()
  File "C:\Users\devvr\AppData\Local\Programs\Python\Python38\lib\site-packages\django\contrib\sessions\backends\db.py", line 82, in save
    obj = self.create_model_instance(data)
  File "C:\Users\devvr\AppData\Local\Programs\Python\Python38\lib\site-packages\django\contrib\sessions\backends\db.py", line 69, in create_model_instance
    session_data=self.encode(data),
  File "C:\Users\devvr\AppData\Local\Programs\Python\Python38\lib\site-packages\django\contrib\sessions\backends\base.py", line 94, in encode
    return signing.dumps(
  File "C:\Users\devvr\AppData\Local\Programs\Python\Python38\lib\site-packages\django\core\signing.py", line 150, in dumps
    return TimestampSigner(key, salt=salt).sign_object(
  File "C:\Users\devvr\AppData\Local\Programs\Python\Python38\lib\site-packages\django\core\signing.py", line 228, in sign_object
    data = serializer().dumps(obj)
  File "C:\Users\devvr\AppData\Local\Programs\Python\Python38\lib\site-packages\django\core\signing.py", line 125, in dumps
    return json.dumps(obj, separators=(",", ":")).encode("latin-1")
  File "C:\Users\devvr\AppData\Local\Programs\Python\Python38\lib\json\__init__.py", line 234, in dumps
    return cls(
  File "C:\Users\devvr\AppData\Local\Programs\Python\Python38\lib\json\encoder.py", line 199, in encode
    chunks = self.iterencode(o, _one_shot=True)
  File "C:\Users\devvr\AppData\Local\Programs\Python\Python38\lib\json\encoder.py", line 257, in iterencode
    return _iterencode(o, 0)
  File "C:\Users\devvr\AppData\Local\Programs\Python\Python38\lib\json\encoder.py", line 179, in default
    raise TypeError(f'Object of type {o.__class__.__name__} '
TypeError: Object of type datetime is not JSON serializable
"GET /user/password_recovery/resend/ HTTP/1.1" 500 111643
Not Found: /favicon.ico
"GET /favicon.ico HTTP/1.1" 404 2849
Internal Server Error: /user/password_recovery/resend/
Traceback (most recent call last):
  File "C:\Users\devvr\AppData\Local\Programs\Python\Python38\lib\site-packages\django\core\handlers\exception.py", line 55, in inner
    response = get_response(request)
  File "C:\Users\devvr\AppData\Local\Programs\Python\Python38\lib\site-packages\django\utils\deprecation.py", line 138, in __call__
    response = self.process_response(request, response)
  File "C:\Users\devvr\AppData\Local\Programs\Python\Python38\lib\site-packages\django\contrib\sessions\middleware.py", line 59, in process_response
    request.session.save()
  File "C:\Users\devvr\AppData\Local\Programs\Python\Python38\lib\site-packages\django\contrib\sessions\backends\db.py", line 82, in save
    obj = self.create_model_instance(data)
  File "C:\Users\devvr\AppData\Local\Programs\Python\Python38\lib\site-packages\django\contrib\sessions\backends\db.py", line 69, in create_model_instance
    session_data=self.encode(data),
  File "C:\Users\devvr\AppData\Local\Programs\Python\Python38\lib\site-packages\django\contrib\sessions\backends\base.py", line 94, in encode
    return signing.dumps(
  File "C:\Users\devvr\AppData\Local\Programs\Python\Python38\lib\site-packages\django\core\signing.py", line 150, in dumps
    return TimestampSigner(key, salt=salt).sign_object(
  File "C:\Users\devvr\AppData\Local\Programs\Python\Python38\lib\site-packages\django\core\signing.py", line 228, in sign_object
    data = serializer().dumps(obj)
  File "C:\Users\devvr\AppData\Local\Programs\Python\Python38\lib\site-packages\django\core\signing.py", line 125, in dumps
    return json.dumps(obj, separators=(",", ":")).encode("latin-1")
  File "C:\Users\devvr\AppData\Local\Programs\Python\Python38\lib\json\__init__.py", line 234, in dumps
    return cls(
  File "C:\Users\devvr\AppData\Local\Programs\Python\Python38\lib\json\encoder.py", line 199, in encode
    chunks = self.iterencode(o, _one_shot=True)
  File "C:\Users\devvr\AppData\Local\Programs\Python\Python38\lib\json\encoder.py", line 257, in iterencode
    return _iterencode(o, 0)
  File "C:\Users\devvr\AppData\Local\Programs\Python\Python38\lib\json\encoder.py", line 179, in default
    raise TypeError(f'Object of type {o.__class__.__name__} '
TypeError: Object of type datetime is not JSON serializable
"GET /user/password_recovery/resend/ HTTP/1.1" 500 111998
Not Found: /favicon.ico
"GET /favicon.ico HTTP/1.1" 404 2849
Internal Server Error: /user/password_recovery/resend/
Traceback (most recent call last):
  File "C:\Users\devvr\AppData\Local\Programs\Python\Python38\lib\site-packages\django\core\handlers\exception.py", line 55, in inner
    response = get_response(request)
  File "C:\Users\devvr\AppData\Local\Programs\Python\Python38\lib\site-packages\django\core\handlers\base.py", line 197, in _get_response
    response = wrapped_callback(request, *callback_args, **callback_kwargs)
  File "C:\Users\devvr\AppData\Local\Programs\Python\Python38\lib\site-packages\django\views\generic\base.py", line 103, in view
    return self.dispatch(request, *args, **kwargs)
  File "C:\Users\devvr\AppData\Local\Programs\Python\Python38\lib\site-packages\django\views\generic\base.py", line 142, in dispatch
    return handler(request, *args, **kwargs)
  File "A:\code\Current\dj\core\users\views.py", line 475, in get
    self.timer_create()
  File "A:\code\Current\dj\core\users\views.py", line 447, in timer_create
    self.request.session['timer'] = json.dumps(datetime.datetime.now())
  File "C:\Users\devvr\AppData\Local\Programs\Python\Python38\lib\json\__init__.py", line 231, in dumps
    return _default_encoder.encode(obj)
  File "C:\Users\devvr\AppData\Local\Programs\Python\Python38\lib\json\encoder.py", line 199, in encode
    chunks = self.iterencode(o, _one_shot=True)
  File "C:\Users\devvr\AppData\Local\Programs\Python\Python38\lib\json\encoder.py", line 257, in iterencode
    return _iterencode(o, 0)
  File "C:\Users\devvr\AppData\Local\Programs\Python\Python38\lib\json\encoder.py", line 179, in default
    raise TypeError(f'Object of type {o.__class__.__name__} '
TypeError: Object of type datetime is not JSON serializable
"GET /user/password_recovery/resend/ HTTP/1.1" 500 97790
Not Found: /favicon.ico
"GET /favicon.ico HTTP/1.1" 404 2849
Internal Server Error: /user/password_recovery/resend/
Traceback (most recent call last):
  File "C:\Users\devvr\AppData\Local\Programs\Python\Python38\lib\site-packages\django\core\handlers\exception.py", line 55, in inner
    response = get_response(request)
  File "C:\Users\devvr\AppData\Local\Programs\Python\Python38\lib\site-packages\django\core\handlers\base.py", line 197, in _get_response
    response = wrapped_callback(request, *callback_args, **callback_kwargs)
  File "C:\Users\devvr\AppData\Local\Programs\Python\Python38\lib\site-packages\django\views\generic\base.py", line 103, in view
    return self.dispatch(request, *args, **kwargs)
  File "C:\Users\devvr\AppData\Local\Programs\Python\Python38\lib\site-packages\django\views\generic\base.py", line 142, in dispatch
    return handler(request, *args, **kwargs)
  File "A:\code\Current\dj\core\users\views.py", line 475, in get
    self.timer_create()
  File "A:\code\Current\dj\core\users\views.py", line 447, in timer_create
    self.request.session['timer'] = json.dumps(datetime.datetime.now())
  File "C:\Users\devvr\AppData\Local\Programs\Python\Python38\lib\json\__init__.py", line 231, in dumps
    return _default_encoder.encode(obj)
  File "C:\Users\devvr\AppData\Local\Programs\Python\Python38\lib\json\encoder.py", line 199, in encode
    chunks = self.iterencode(o, _one_shot=True)
  File "C:\Users\devvr\AppData\Local\Programs\Python\Python38\lib\json\encoder.py", line 257, in iterencode
    return _iterencode(o, 0)
  File "C:\Users\devvr\AppData\Local\Programs\Python\Python38\lib\json\encoder.py", line 179, in default
    raise TypeError(f'Object of type {o.__class__.__name__} '
TypeError: Object of type datetime is not JSON serializable
"GET /user/password_recovery/resend/ HTTP/1.1" 500 97790
Not Found: /favicon.ico
"GET /favicon.ico HTTP/1.1" 404 2849
Internal Server Error: /user/password_recovery/resend/
Traceback (most recent call last):
  File "C:\Users\devvr\AppData\Local\Programs\Python\Python38\lib\site-packages\django\core\handlers\exception.py", line 55, in inner
    response = get_response(request)
  File "C:\Users\devvr\AppData\Local\Programs\Python\Python38\lib\site-packages\django\core\handlers\base.py", line 197, in _get_response
    response = wrapped_callback(request, *callback_args, **callback_kwargs)
  File "C:\Users\devvr\AppData\Local\Programs\Python\Python38\lib\site-packages\django\views\generic\base.py", line 103, in view
    return self.dispatch(request, *args, **kwargs)
  File "C:\Users\devvr\AppData\Local\Programs\Python\Python38\lib\site-packages\django\views\generic\base.py", line 142, in dispatch
    return handler(request, *args, **kwargs)
  File "A:\code\Current\dj\core\users\views.py", line 475, in get
    self.timer_create()
  File "A:\code\Current\dj\core\users\views.py", line 447, in timer_create
    self.request.session['timer'] = json.dumps(datetime.datetime.now())
  File "C:\Users\devvr\AppData\Local\Programs\Python\Python38\lib\json\__init__.py", line 231, in dumps
    return _default_encoder.encode(obj)
  File "C:\Users\devvr\AppData\Local\Programs\Python\Python38\lib\json\encoder.py", line 199, in encode
    chunks = self.iterencode(o, _one_shot=True)
  File "C:\Users\devvr\AppData\Local\Programs\Python\Python38\lib\json\encoder.py", line 257, in iterencode
    return _iterencode(o, 0)
  File "C:\Users\devvr\AppData\Local\Programs\Python\Python38\lib\json\encoder.py", line 179, in default
    raise TypeError(f'Object of type {o.__class__.__name__} '
TypeError: Object of type datetime is not JSON serializable
"GET /user/password_recovery/resend/ HTTP/1.1" 500 97790
Not Found: /favicon.ico
"GET /favicon.ico HTTP/1.1" 404 2849
Internal Server Error: /user/password_recovery/resend/
Traceback (most recent call last):
  File "C:\Users\devvr\AppData\Local\Programs\Python\Python38\lib\site-packages\django\core\handlers\exception.py", line 55, in inner
    response = get_response(request)
  File "C:\Users\devvr\AppData\Local\Programs\Python\Python38\lib\site-packages\django\core\handlers\base.py", line 197, in _get_response
    response = wrapped_callback(request, *callback_args, **callback_kwargs)
  File "C:\Users\devvr\AppData\Local\Programs\Python\Python38\lib\site-packages\django\views\generic\base.py", line 103, in view
    return self.dispatch(request, *args, **kwargs)
  File "C:\Users\devvr\AppData\Local\Programs\Python\Python38\lib\site-packages\django\views\generic\base.py", line 142, in dispatch
    return handler(request, *args, **kwargs)
  File "A:\code\Current\dj\core\users\views.py", line 475, in get
    self.timer_create()
  File "A:\code\Current\dj\core\users\views.py", line 447, in timer_create
    self.request.session['timer'] = json.dumps(datetime.datetime.now())
  File "C:\Users\devvr\AppData\Local\Programs\Python\Python38\lib\json\__init__.py", line 231, in dumps
    return _default_encoder.encode(obj)
  File "C:\Users\devvr\AppData\Local\Programs\Python\Python38\lib\json\encoder.py", line 199, in encode
    chunks = self.iterencode(o, _one_shot=True)
  File "C:\Users\devvr\AppData\Local\Programs\Python\Python38\lib\json\encoder.py", line 257, in iterencode
    return _iterencode(o, 0)
  File "C:\Users\devvr\AppData\Local\Programs\Python\Python38\lib\json\encoder.py", line 179, in default
    raise TypeError(f'Object of type {o.__class__.__name__} '
TypeError: Object of type datetime is not JSON serializable
"GET /user/password_recovery/resend/ HTTP/1.1" 500 97790
Not Found: /favicon.ico
"GET /favicon.ico HTTP/1.1" 404 2849
Internal Server Error: /user/password_recovery/resend/
Traceback (most recent call last):
  File "C:\Users\devvr\AppData\Local\Programs\Python\Python38\lib\site-packages\django\core\handlers\exception.py", line 55, in inner
    response = get_response(request)
  File "C:\Users\devvr\AppData\Local\Programs\Python\Python38\lib\site-packages\django\core\handlers\base.py", line 197, in _get_response
    response = wrapped_callback(request, *callback_args, **callback_kwargs)
  File "C:\Users\devvr\AppData\Local\Programs\Python\Python38\lib\site-packages\django\views\generic\base.py", line 103, in view
    return self.dispatch(request, *args, **kwargs)
  File "C:\Users\devvr\AppData\Local\Programs\Python\Python38\lib\site-packages\django\views\generic\base.py", line 142, in dispatch
    return handler(request, *args, **kwargs)
  File "A:\code\Current\dj\core\users\views.py", line 475, in get
    self.timer_create()
  File "A:\code\Current\dj\core\users\views.py", line 447, in timer_create
    self.request.session['timer'] = json.dumps(datetime.datetime.now())
  File "C:\Users\devvr\AppData\Local\Programs\Python\Python38\lib\json\__init__.py", line 231, in dumps
    return _default_encoder.encode(obj)
  File "C:\Users\devvr\AppData\Local\Programs\Python\Python38\lib\json\encoder.py", line 199, in encode
    chunks = self.iterencode(o, _one_shot=True)
  File "C:\Users\devvr\AppData\Local\Programs\Python\Python38\lib\json\encoder.py", line 257, in iterencode
    return _iterencode(o, 0)
  File "C:\Users\devvr\AppData\Local\Programs\Python\Python38\lib\json\encoder.py", line 179, in default
    raise TypeError(f'Object of type {o.__class__.__name__} '
TypeError: Object of type datetime is not JSON serializable
"GET /user/password_recovery/resend/ HTTP/1.1" 500 97790
Not Found: /favicon.ico
"GET /favicon.ico HTTP/1.1" 404 2849
Internal Server Error: /user/password_recovery/resend/
Traceback (most recent call last):
  File "C:\Users\devvr\AppData\Local\Programs\Python\Python38\lib\site-packages\django\core\handlers\exception.py", line 55, in inner
    response = get_response(request)
  File "C:\Users\devvr\AppData\Local\Programs\Python\Python38\lib\site-packages\django\utils\deprecation.py", line 138, in __call__
    response = self.process_response(request, response)
  File "C:\Users\devvr\AppData\Local\Programs\Python\Python38\lib\site-packages\django\contrib\sessions\middleware.py", line 59, in process_response
    request.session.save()
  File "C:\Users\devvr\AppData\Local\Programs\Python\Python38\lib\site-packages\django\contrib\sessions\backends\db.py", line 82, in save
    obj = self.create_model_instance(data)
  File "C:\Users\devvr\AppData\Local\Programs\Python\Python38\lib\site-packages\django\contrib\sessions\backends\db.py", line 69, in create_model_instance
    session_data=self.encode(data),
  File "C:\Users\devvr\AppData\Local\Programs\Python\Python38\lib\site-packages\django\contrib\sessions\backends\base.py", line 94, in encode
    return signing.dumps(
  File "C:\Users\devvr\AppData\Local\Programs\Python\Python38\lib\site-packages\django\core\signing.py", line 150, in dumps
    return TimestampSigner(key, salt=salt).sign_object(
  File "C:\Users\devvr\AppData\Local\Programs\Python\Python38\lib\site-packages\django\core\signing.py", line 228, in sign_object
    data = serializer().dumps(obj)
  File "C:\Users\devvr\AppData\Local\Programs\Python\Python38\lib\site-packages\django\core\signing.py", line 125, in dumps
    return json.dumps(obj, separators=(",", ":")).encode("latin-1")
  File "C:\Users\devvr\AppData\Local\Programs\Python\Python38\lib\json\__init__.py", line 234, in dumps
    return cls(
  File "C:\Users\devvr\AppData\Local\Programs\Python\Python38\lib\json\encoder.py", line 199, in encode
    chunks = self.iterencode(o, _one_shot=True)
  File "C:\Users\devvr\AppData\Local\Programs\Python\Python38\lib\json\encoder.py", line 257, in iterencode
    return _iterencode(o, 0)
  File "C:\Users\devvr\AppData\Local\Programs\Python\Python38\lib\json\encoder.py", line 179, in default
    raise TypeError(f'Object of type {o.__class__.__name__} '
TypeError: Object of type datetime is not JSON serializable
"GET /user/password_recovery/resend/ HTTP/1.1" 500 111920
Not Found: /favicon.ico
"GET /favicon.ico HTTP/1.1" 404 2849
Internal Server Error: /user/password_recovery/resend/
Traceback (most recent call last):
  File "C:\Users\devvr\AppData\Local\Programs\Python\Python38\lib\site-packages\django\core\handlers\exception.py", line 55, in inner
    response = get_response(request)
  File "C:\Users\devvr\AppData\Local\Programs\Python\Python38\lib\site-packages\django\utils\deprecation.py", line 138, in __call__
    response = self.process_response(request, response)
  File "C:\Users\devvr\AppData\Local\Programs\Python\Python38\lib\site-packages\django\contrib\sessions\middleware.py", line 59, in process_response
    request.session.save()
  File "C:\Users\devvr\AppData\Local\Programs\Python\Python38\lib\site-packages\django\contrib\sessions\backends\db.py", line 82, in save
    obj = self.create_model_instance(data)
  File "C:\Users\devvr\AppData\Local\Programs\Python\Python38\lib\site-packages\django\contrib\sessions\backends\db.py", line 69, in create_model_instance
    session_data=self.encode(data),
  File "C:\Users\devvr\AppData\Local\Programs\Python\Python38\lib\site-packages\django\contrib\sessions\backends\base.py", line 94, in encode
    return signing.dumps(
  File "C:\Users\devvr\AppData\Local\Programs\Python\Python38\lib\site-packages\django\core\signing.py", line 150, in dumps
    return TimestampSigner(key, salt=salt).sign_object(
  File "C:\Users\devvr\AppData\Local\Programs\Python\Python38\lib\site-packages\django\core\signing.py", line 228, in sign_object
    data = serializer().dumps(obj)
  File "C:\Users\devvr\AppData\Local\Programs\Python\Python38\lib\site-packages\django\core\signing.py", line 125, in dumps
    return json.dumps(obj, separators=(",", ":")).encode("latin-1")
  File "C:\Users\devvr\AppData\Local\Programs\Python\Python38\lib\json\__init__.py", line 234, in dumps
    return cls(
  File "C:\Users\devvr\AppData\Local\Programs\Python\Python38\lib\json\encoder.py", line 199, in encode
    chunks = self.iterencode(o, _one_shot=True)
  File "C:\Users\devvr\AppData\Local\Programs\Python\Python38\lib\json\encoder.py", line 257, in iterencode
    return _iterencode(o, 0)
  File "C:\Users\devvr\AppData\Local\Programs\Python\Python38\lib\json\encoder.py", line 179, in default
    raise TypeError(f'Object of type {o.__class__.__name__} '
TypeError: Object of type datetime is not JSON serializable
"GET /user/password_recovery/resend/ HTTP/1.1" 500 111990
Not Found: /favicon.ico
"GET /favicon.ico HTTP/1.1" 404 2849
Internal Server Error: /user/password_recovery/confirm/
Traceback (most recent call last):
  File "C:\Users\devvr\AppData\Local\Programs\Python\Python38\lib\site-packages\django\core\handlers\exception.py", line 55, in inner
    response = get_response(request)
  File "C:\Users\devvr\AppData\Local\Programs\Python\Python38\lib\site-packages\django\core\handlers\base.py", line 197, in _get_response
    response = wrapped_callback(request, *callback_args, **callback_kwargs)
  File "C:\Users\devvr\AppData\Local\Programs\Python\Python38\lib\site-packages\django\views\generic\base.py", line 103, in view
    return self.dispatch(request, *args, **kwargs)
  File "C:\Users\devvr\AppData\Local\Programs\Python\Python38\lib\site-packages\django\views\generic\base.py", line 142, in dispatch
    return handler(request, *args, **kwargs)
  File "A:\code\Current\dj\core\users\views.py", line 462, in get
    print(time.struct_time(saved_time))
TypeError: constructor requires a sequence
"GET /user/password_recovery/confirm/ HTTP/1.1" 500 76785
Not Found: /favicon.ico
"GET /favicon.ico HTTP/1.1" 404 2849
Internal Server Error: /user/password_recovery/confirm/
Traceback (most recent call last):
  File "C:\Users\devvr\AppData\Local\Programs\Python\Python38\lib\site-packages\django\core\handlers\exception.py", line 55, in inner
    response = get_response(request)
  File "C:\Users\devvr\AppData\Local\Programs\Python\Python38\lib\site-packages\django\core\handlers\base.py", line 197, in _get_response
    response = wrapped_callback(request, *callback_args, **callback_kwargs)
  File "C:\Users\devvr\AppData\Local\Programs\Python\Python38\lib\site-packages\django\views\generic\base.py", line 103, in view
    return self.dispatch(request, *args, **kwargs)
  File "C:\Users\devvr\AppData\Local\Programs\Python\Python38\lib\site-packages\django\views\generic\base.py", line 142, in dispatch
    return handler(request, *args, **kwargs)
  File "A:\code\Current\dj\core\users\views.py", line 462, in get
    timer = self.timer_remains()
  File "A:\code\Current\dj\core\users\views.py", line 411, in timer_remains
    current = datetime.datetime.now()
AttributeError: type object 'datetime.datetime' has no attribute 'datetime'
"GET /user/password_recovery/confirm/ HTTP/1.1" 500 80453
Not Found: /favicon.ico
"GET /favicon.ico HTTP/1.1" 404 2849
Internal Server Error: /user/password_recovery/confirm/
Traceback (most recent call last):
  File "C:\Users\devvr\AppData\Local\Programs\Python\Python38\lib\site-packages\django\core\handlers\exception.py", line 55, in inner
    response = get_response(request)
  File "C:\Users\devvr\AppData\Local\Programs\Python\Python38\lib\site-packages\django\core\handlers\base.py", line 197, in _get_response
    response = wrapped_callback(request, *callback_args, **callback_kwargs)
  File "C:\Users\devvr\AppData\Local\Programs\Python\Python38\lib\site-packages\django\views\generic\base.py", line 103, in view
    return self.dispatch(request, *args, **kwargs)
  File "C:\Users\devvr\AppData\Local\Programs\Python\Python38\lib\site-packages\django\views\generic\base.py", line 142, in dispatch
    return handler(request, *args, **kwargs)
  File "A:\code\Current\dj\core\users\views.py", line 462, in get
    timer = self.timer_remains()
  File "A:\code\Current\dj\core\users\views.py", line 413, in timer_remains
    remains = datetime.combine(current) - datetime.combine(timer)
TypeError: combine() missing required argument 'time' (pos 2)
"GET /user/password_recovery/confirm/ HTTP/1.1" 500 80673
Not Found: /favicon.ico
"GET /favicon.ico HTTP/1.1" 404 2849
Internal Server Error: /user/password_recovery/confirm/
Traceback (most recent call last):
  File "C:\Users\devvr\AppData\Local\Programs\Python\Python38\lib\site-packages\django\core\handlers\exception.py", line 55, in inner
    response = get_response(request)
  File "C:\Users\devvr\AppData\Local\Programs\Python\Python38\lib\site-packages\django\core\handlers\base.py", line 197, in _get_response
    response = wrapped_callback(request, *callback_args, **callback_kwargs)
  File "C:\Users\devvr\AppData\Local\Programs\Python\Python38\lib\site-packages\django\views\generic\base.py", line 103, in view
    return self.dispatch(request, *args, **kwargs)
  File "C:\Users\devvr\AppData\Local\Programs\Python\Python38\lib\site-packages\django\views\generic\base.py", line 142, in dispatch
    return handler(request, *args, **kwargs)
  File "A:\code\Current\dj\core\users\views.py", line 462, in get
    timer = self.timer_remains()
  File "A:\code\Current\dj\core\users\views.py", line 413, in timer_remains
    remains = datetime.combine(current) - datetime.combine(timer)
TypeError: combine() missing required argument 'time' (pos 2)
"GET /user/password_recovery/confirm/ HTTP/1.1" 500 80673
Not Found: /favicon.ico
"GET /favicon.ico HTTP/1.1" 404 2849
Internal Server Error: /user/password_recovery/confirm/
Traceback (most recent call last):
  File "C:\Users\devvr\AppData\Local\Programs\Python\Python38\lib\site-packages\django\core\handlers\exception.py", line 55, in inner
    response = get_response(request)
  File "C:\Users\devvr\AppData\Local\Programs\Python\Python38\lib\site-packages\django\core\handlers\base.py", line 197, in _get_response
    response = wrapped_callback(request, *callback_args, **callback_kwargs)
  File "C:\Users\devvr\AppData\Local\Programs\Python\Python38\lib\site-packages\django\views\generic\base.py", line 103, in view
    return self.dispatch(request, *args, **kwargs)
  File "C:\Users\devvr\AppData\Local\Programs\Python\Python38\lib\site-packages\django\views\generic\base.py", line 142, in dispatch
    return handler(request, *args, **kwargs)
  File "A:\code\Current\dj\core\users\views.py", line 462, in get
    timer = self.timer_remains()
  File "A:\code\Current\dj\core\users\views.py", line 413, in timer_remains
    remains = datetime.combine(date.today(), current) - datetime.combine(date.today(), timer)
TypeError: combine() argument 2 must be datetime.time, not datetime.datetime
"GET /user/password_recovery/confirm/ HTTP/1.1" 500 80749
Not Found: /favicon.ico
"GET /favicon.ico HTTP/1.1" 404 2849
Internal Server Error: /user/password_recovery/confirm/
Traceback (most recent call last):
  File "C:\Users\devvr\AppData\Local\Programs\Python\Python38\lib\site-packages\django\core\handlers\exception.py", line 55, in inner
    response = get_response(request)
  File "C:\Users\devvr\AppData\Local\Programs\Python\Python38\lib\site-packages\django\core\handlers\base.py", line 197, in _get_response
    response = wrapped_callback(request, *callback_args, **callback_kwargs)
  File "C:\Users\devvr\AppData\Local\Programs\Python\Python38\lib\site-packages\django\views\generic\base.py", line 103, in view
    return self.dispatch(request, *args, **kwargs)
  File "C:\Users\devvr\AppData\Local\Programs\Python\Python38\lib\site-packages\django\views\generic\base.py", line 142, in dispatch
    return handler(request, *args, **kwargs)
  File "A:\code\Current\dj\core\users\views.py", line 462, in get
    timer = self.timer_remains()
  File "A:\code\Current\dj\core\users\views.py", line 413, in timer_remains
    remains = datetime.combine(date.today(), current.date) - datetime.combine(date.today(), timer.date)
TypeError: combine() argument 2 must be datetime.time, not builtin_function_or_method
"GET /user/password_recovery/confirm/ HTTP/1.1" 500 80805
Not Found: /favicon.ico
"GET /favicon.ico HTTP/1.1" 404 2849
Internal Server Error: /user/password_recovery/confirm/
Traceback (most recent call last):
  File "C:\Users\devvr\AppData\Local\Programs\Python\Python38\lib\site-packages\django\core\handlers\exception.py", line 55, in inner
    response = get_response(request)
  File "C:\Users\devvr\AppData\Local\Programs\Python\Python38\lib\site-packages\django\core\handlers\base.py", line 197, in _get_response
    response = wrapped_callback(request, *callback_args, **callback_kwargs)
  File "C:\Users\devvr\AppData\Local\Programs\Python\Python38\lib\site-packages\django\views\generic\base.py", line 103, in view
    return self.dispatch(request, *args, **kwargs)
  File "C:\Users\devvr\AppData\Local\Programs\Python\Python38\lib\site-packages\django\views\generic\base.py", line 142, in dispatch
    return handler(request, *args, **kwargs)
  File "A:\code\Current\dj\core\users\views.py", line 462, in get
    timer = self.timer_remains()
  File "A:\code\Current\dj\core\users\views.py", line 413, in timer_remains
    remains = datetime.combine(date.today(), current) - datetime.combine(date.today(), timer)
TypeError: combine() argument 2 must be datetime.time, not builtin_function_or_method
"GET /user/password_recovery/confirm/ HTTP/1.1" 500 80785
Not Found: /favicon.ico
"GET /favicon.ico HTTP/1.1" 404 2849
Internal Server Error: /user/password_recovery/confirm/
Traceback (most recent call last):
  File "C:\Users\devvr\AppData\Local\Programs\Python\Python38\lib\site-packages\django\core\handlers\exception.py", line 55, in inner
    response = get_response(request)
  File "C:\Users\devvr\AppData\Local\Programs\Python\Python38\lib\site-packages\django\core\handlers\base.py", line 197, in _get_response
    response = wrapped_callback(request, *callback_args, **callback_kwargs)
  File "C:\Users\devvr\AppData\Local\Programs\Python\Python38\lib\site-packages\django\views\generic\base.py", line 103, in view
    return self.dispatch(request, *args, **kwargs)
  File "C:\Users\devvr\AppData\Local\Programs\Python\Python38\lib\site-packages\django\views\generic\base.py", line 142, in dispatch
    return handler(request, *args, **kwargs)
  File "A:\code\Current\dj\core\users\views.py", line 462, in get
    timer = self.timer_remains()
  File "A:\code\Current\dj\core\users\views.py", line 413, in timer_remains
    remains = datetime.combine(date.today(), current) - datetime.combine(date.today(), timer)
TypeError: combine() argument 2 must be datetime.time, not datetime.datetime
"GET /user/password_recovery/confirm/ HTTP/1.1" 500 80749
Not Found: /favicon.ico
"GET /favicon.ico HTTP/1.1" 404 2849
Internal Server Error: /user/password_recovery/confirm/
Traceback (most recent call last):
  File "C:\Users\devvr\AppData\Local\Programs\Python\Python38\lib\site-packages\django\core\handlers\exception.py", line 55, in inner
    response = get_response(request)
  File "C:\Users\devvr\AppData\Local\Programs\Python\Python38\lib\site-packages\django\core\handlers\base.py", line 197, in _get_response
    response = wrapped_callback(request, *callback_args, **callback_kwargs)
  File "C:\Users\devvr\AppData\Local\Programs\Python\Python38\lib\site-packages\django\views\generic\base.py", line 103, in view
    return self.dispatch(request, *args, **kwargs)
  File "C:\Users\devvr\AppData\Local\Programs\Python\Python38\lib\site-packages\django\views\generic\base.py", line 142, in dispatch
    return handler(request, *args, **kwargs)
  File "A:\code\Current\dj\core\users\views.py", line 462, in get
    timer = self.timer_remains()
  File "A:\code\Current\dj\core\users\views.py", line 413, in timer_remains
    remains = datetime.combine(date.min, current) - datetime.combine(date.min, timer)
TypeError: combine() argument 2 must be datetime.time, not datetime.datetime
"GET /user/password_recovery/confirm/ HTTP/1.1" 500 80732
Not Found: /favicon.ico
"GET /favicon.ico HTTP/1.1" 404 2849
Internal Server Error: /user/password_recovery/confirm/
Traceback (most recent call last):
  File "C:\Users\devvr\AppData\Local\Programs\Python\Python38\lib\site-packages\django\core\handlers\exception.py", line 55, in inner
    response = get_response(request)
  File "C:\Users\devvr\AppData\Local\Programs\Python\Python38\lib\site-packages\django\core\handlers\base.py", line 197, in _get_response
    response = wrapped_callback(request, *callback_args, **callback_kwargs)
  File "C:\Users\devvr\AppData\Local\Programs\Python\Python38\lib\site-packages\django\views\generic\base.py", line 103, in view
    return self.dispatch(request, *args, **kwargs)
  File "C:\Users\devvr\AppData\Local\Programs\Python\Python38\lib\site-packages\django\views\generic\base.py", line 142, in dispatch
    return handler(request, *args, **kwargs)
  File "A:\code\Current\dj\core\users\views.py", line 462, in get
    timer = self.timer_remains()
  File "A:\code\Current\dj\core\users\views.py", line 413, in timer_remains
    remains = datetime.combine(date.min, current) - datetime.combine(date.min, timer)
TypeError: combine() argument 2 must be datetime.time, not datetime.datetime
"GET /user/password_recovery/confirm/ HTTP/1.1" 500 80733
Not Found: /favicon.ico
"GET /favicon.ico HTTP/1.1" 404 2849
Internal Server Error: /user/password_recovery/confirm/
Traceback (most recent call last):
  File "C:\Users\devvr\AppData\Local\Programs\Python\Python38\lib\site-packages\django\core\handlers\exception.py", line 55, in inner
    response = get_response(request)
  File "C:\Users\devvr\AppData\Local\Programs\Python\Python38\lib\site-packages\django\core\handlers\base.py", line 197, in _get_response
    response = wrapped_callback(request, *callback_args, **callback_kwargs)
  File "C:\Users\devvr\AppData\Local\Programs\Python\Python38\lib\site-packages\django\views\generic\base.py", line 103, in view
    return self.dispatch(request, *args, **kwargs)
  File "C:\Users\devvr\AppData\Local\Programs\Python\Python38\lib\site-packages\django\views\generic\base.py", line 142, in dispatch
    return handler(request, *args, **kwargs)
  File "A:\code\Current\dj\core\users\views.py", line 462, in get
    timer = self.timer_remains()
  File "A:\code\Current\dj\core\users\views.py", line 413, in timer_remains
    remains = datetime.combine(date.min, current) - datetime.combine(date.min, timer)
TypeError: combine() argument 2 must be datetime.time, not datetime.datetime
"GET /user/password_recovery/confirm/ HTTP/1.1" 500 80733
Not Found: /favicon.ico
"GET /favicon.ico HTTP/1.1" 404 2849
Internal Server Error: /user/password_recovery/confirm/
Traceback (most recent call last):
  File "C:\Users\devvr\AppData\Local\Programs\Python\Python38\lib\site-packages\django\core\handlers\exception.py", line 55, in inner
    response = get_response(request)
  File "C:\Users\devvr\AppData\Local\Programs\Python\Python38\lib\site-packages\django\core\handlers\base.py", line 197, in _get_response
    response = wrapped_callback(request, *callback_args, **callback_kwargs)
  File "C:\Users\devvr\AppData\Local\Programs\Python\Python38\lib\site-packages\django\views\generic\base.py", line 103, in view
    return self.dispatch(request, *args, **kwargs)
  File "C:\Users\devvr\AppData\Local\Programs\Python\Python38\lib\site-packages\django\views\generic\base.py", line 142, in dispatch
    return handler(request, *args, **kwargs)
  File "A:\code\Current\dj\core\users\views.py", line 462, in get
    timer = self.timer_remains()
  File "A:\code\Current\dj\core\users\views.py", line 413, in timer_remains
    remains = datetime.combine(date.min, current) - datetime.combine(date.min, timer)
TypeError: combine() argument 2 must be datetime.time, not datetime.datetime
"GET /user/password_recovery/confirm/ HTTP/1.1" 500 80732
Not Found: /favicon.ico
"GET /favicon.ico HTTP/1.1" 404 2849
Internal Server Error: /user/password_recovery/confirm/
Traceback (most recent call last):
  File "C:\Users\devvr\AppData\Local\Programs\Python\Python38\lib\site-packages\django\core\handlers\exception.py", line 55, in inner
    response = get_response(request)
  File "C:\Users\devvr\AppData\Local\Programs\Python\Python38\lib\site-packages\django\core\handlers\base.py", line 197, in _get_response
    response = wrapped_callback(request, *callback_args, **callback_kwargs)
  File "C:\Users\devvr\AppData\Local\Programs\Python\Python38\lib\site-packages\django\views\generic\base.py", line 103, in view
    return self.dispatch(request, *args, **kwargs)
  File "C:\Users\devvr\AppData\Local\Programs\Python\Python38\lib\site-packages\django\views\generic\base.py", line 142, in dispatch
    return handler(request, *args, **kwargs)
  File "A:\code\Current\dj\core\users\views.py", line 462, in get
    timer = self.timer_remains()
  File "A:\code\Current\dj\core\users\views.py", line 413, in timer_remains
    remains = datetime.combine(date.min, current) - datetime.combine(date.min, timer)
TypeError: combine() argument 2 must be datetime.time, not datetime.datetime
"GET /user/password_recovery/confirm/ HTTP/1.1" 500 80733
Not Found: /favicon.ico
"GET /favicon.ico HTTP/1.1" 404 2849
Internal Server Error: /user/password_recovery/confirm/
Traceback (most recent call last):
  File "C:\Users\devvr\AppData\Local\Programs\Python\Python38\lib\site-packages\django\core\handlers\exception.py", line 55, in inner
    response = get_response(request)
  File "C:\Users\devvr\AppData\Local\Programs\Python\Python38\lib\site-packages\django\core\handlers\base.py", line 197, in _get_response
    response = wrapped_callback(request, *callback_args, **callback_kwargs)
  File "C:\Users\devvr\AppData\Local\Programs\Python\Python38\lib\site-packages\django\views\generic\base.py", line 103, in view
    return self.dispatch(request, *args, **kwargs)
  File "C:\Users\devvr\AppData\Local\Programs\Python\Python38\lib\site-packages\django\views\generic\base.py", line 142, in dispatch
    return handler(request, *args, **kwargs)
  File "A:\code\Current\dj\core\users\views.py", line 462, in get
    timer = self.timer_remains()
  File "A:\code\Current\dj\core\users\views.py", line 413, in timer_remains
    remains = datetime.combine(date.min, current) - datetime.combine(date.min, timer)
TypeError: combine() argument 2 must be datetime.time, not datetime.date
"GET /user/password_recovery/confirm/ HTTP/1.1" 500 80693
Not Found: /favicon.ico
"GET /favicon.ico HTTP/1.1" 404 2849
Internal Server Error: /user/password_recovery/confirm/
Traceback (most recent call last):
  File "C:\Users\devvr\AppData\Local\Programs\Python\Python38\lib\site-packages\django\core\handlers\exception.py", line 55, in inner
    response = get_response(request)
  File "C:\Users\devvr\AppData\Local\Programs\Python\Python38\lib\site-packages\django\core\handlers\base.py", line 197, in _get_response
    response = wrapped_callback(request, *callback_args, **callback_kwargs)
  File "C:\Users\devvr\AppData\Local\Programs\Python\Python38\lib\site-packages\django\views\generic\base.py", line 103, in view
    return self.dispatch(request, *args, **kwargs)
  File "C:\Users\devvr\AppData\Local\Programs\Python\Python38\lib\site-packages\django\views\generic\base.py", line 142, in dispatch
    return handler(request, *args, **kwargs)
  File "A:\code\Current\dj\core\users\views.py", line 462, in get
    timer = self.timer_remains()
  File "A:\code\Current\dj\core\users\views.py", line 413, in timer_remains
    remains = datetime.combine(date.min, current) - datetime.combine(date.min, timer)
TypeError: combine() argument 2 must be datetime.time, not datetime.date
"GET /user/password_recovery/confirm/ HTTP/1.1" 500 80693
Not Found: /favicon.ico
"GET /favicon.ico HTTP/1.1" 404 2849
Internal Server Error: /user/password_recovery/confirm/
Traceback (most recent call last):
  File "C:\Users\devvr\AppData\Local\Programs\Python\Python38\lib\site-packages\django\core\handlers\exception.py", line 55, in inner
    response = get_response(request)
  File "C:\Users\devvr\AppData\Local\Programs\Python\Python38\lib\site-packages\django\core\handlers\base.py", line 197, in _get_response
    response = wrapped_callback(request, *callback_args, **callback_kwargs)
  File "C:\Users\devvr\AppData\Local\Programs\Python\Python38\lib\site-packages\django\views\generic\base.py", line 103, in view
    return self.dispatch(request, *args, **kwargs)
  File "C:\Users\devvr\AppData\Local\Programs\Python\Python38\lib\site-packages\django\views\generic\base.py", line 142, in dispatch
    return handler(request, *args, **kwargs)
  File "A:\code\Current\dj\core\users\views.py", line 462, in get
    timer = self.timer_remains()
  File "A:\code\Current\dj\core\users\views.py", line 413, in timer_remains
    remains = datetime.combine(date.min, current) - datetime.combine(date.min, timer)
TypeError: combine() argument 2 must be datetime.time, not datetime.date
"GET /user/password_recovery/confirm/ HTTP/1.1" 500 80693
Not Found: /favicon.ico
"GET /favicon.ico HTTP/1.1" 404 2849
Internal Server Error: /user/password_recovery/confirm/
Traceback (most recent call last):
  File "C:\Users\devvr\AppData\Local\Programs\Python\Python38\lib\site-packages\django\core\handlers\exception.py", line 55, in inner
    response = get_response(request)
  File "C:\Users\devvr\AppData\Local\Programs\Python\Python38\lib\site-packages\django\core\handlers\base.py", line 197, in _get_response
    response = wrapped_callback(request, *callback_args, **callback_kwargs)
  File "C:\Users\devvr\AppData\Local\Programs\Python\Python38\lib\site-packages\django\views\generic\base.py", line 103, in view
    return self.dispatch(request, *args, **kwargs)
  File "C:\Users\devvr\AppData\Local\Programs\Python\Python38\lib\site-packages\django\views\generic\base.py", line 142, in dispatch
    return handler(request, *args, **kwargs)
  File "A:\code\Current\dj\core\users\views.py", line 462, in get
    timer = self.timer_remains()
  File "A:\code\Current\dj\core\users\views.py", line 413, in timer_remains
    remains = datetime.combine(date.min, current) - datetime.combine(date.min, timer)
TypeError: combine() argument 2 must be datetime.time, not datetime.datetime
"GET /user/password_recovery/confirm/ HTTP/1.1" 500 80733
Not Found: /favicon.ico
"GET /favicon.ico HTTP/1.1" 404 2849
Internal Server Error: /user/password_recovery/confirm/
Traceback (most recent call last):
  File "C:\Users\devvr\AppData\Local\Programs\Python\Python38\lib\site-packages\django\core\handlers\exception.py", line 55, in inner
    response = get_response(request)
  File "C:\Users\devvr\AppData\Local\Programs\Python\Python38\lib\site-packages\django\core\handlers\base.py", line 197, in _get_response
    response = wrapped_callback(request, *callback_args, **callback_kwargs)
  File "C:\Users\devvr\AppData\Local\Programs\Python\Python38\lib\site-packages\django\views\generic\base.py", line 103, in view
    return self.dispatch(request, *args, **kwargs)
  File "C:\Users\devvr\AppData\Local\Programs\Python\Python38\lib\site-packages\django\views\generic\base.py", line 142, in dispatch
    return handler(request, *args, **kwargs)
  File "A:\code\Current\dj\core\users\views.py", line 462, in get
    timer = self.timer_remains()
  File "A:\code\Current\dj\core\users\views.py", line 413, in timer_remains
    remains = datetime.combine(date.min, current) - datetime.combine(date.min, timer)
TypeError: combine() argument 2 must be datetime.time, not datetime.datetime
"GET /user/password_recovery/confirm/ HTTP/1.1" 500 80733
Not Found: /favicon.ico
"GET /favicon.ico HTTP/1.1" 404 2849
Internal Server Error: /user/password_recovery/confirm/
Traceback (most recent call last):
  File "C:\Users\devvr\AppData\Local\Programs\Python\Python38\lib\site-packages\django\core\handlers\exception.py", line 55, in inner
    response = get_response(request)
  File "C:\Users\devvr\AppData\Local\Programs\Python\Python38\lib\site-packages\django\core\handlers\base.py", line 197, in _get_response
    response = wrapped_callback(request, *callback_args, **callback_kwargs)
  File "C:\Users\devvr\AppData\Local\Programs\Python\Python38\lib\site-packages\django\views\generic\base.py", line 103, in view
    return self.dispatch(request, *args, **kwargs)
  File "C:\Users\devvr\AppData\Local\Programs\Python\Python38\lib\site-packages\django\views\generic\base.py", line 142, in dispatch
    return handler(request, *args, **kwargs)
  File "A:\code\Current\dj\core\users\views.py", line 462, in get
    timer = self.timer_remains()
  File "A:\code\Current\dj\core\users\views.py", line 413, in timer_remains
    remains = datetime.combine(date.min, current) - datetime.combine(date.min, timer)
TypeError: combine() argument 2 must be datetime.time, not datetime.datetime
"GET /user/password_recovery/confirm/ HTTP/1.1" 500 80733
Not Found: /favicon.ico
"GET /favicon.ico HTTP/1.1" 404 2849
Internal Server Error: /user/password_recovery/confirm/
Traceback (most recent call last):
  File "C:\Users\devvr\AppData\Local\Programs\Python\Python38\lib\site-packages\django\core\handlers\exception.py", line 55, in inner
    response = get_response(request)
  File "C:\Users\devvr\AppData\Local\Programs\Python\Python38\lib\site-packages\django\core\handlers\base.py", line 197, in _get_response
    response = wrapped_callback(request, *callback_args, **callback_kwargs)
  File "C:\Users\devvr\AppData\Local\Programs\Python\Python38\lib\site-packages\django\views\generic\base.py", line 103, in view
    return self.dispatch(request, *args, **kwargs)
  File "C:\Users\devvr\AppData\Local\Programs\Python\Python38\lib\site-packages\django\views\generic\base.py", line 142, in dispatch
    return handler(request, *args, **kwargs)
  File "A:\code\Current\dj\core\users\views.py", line 462, in get
    timer = self.timer_remains()
  File "A:\code\Current\dj\core\users\views.py", line 413, in timer_remains
    remains = datetime.combine(date.min, current) - datetime.combine(date.min, timer)
TypeError: combine() argument 2 must be datetime.time, not datetime.datetime
"GET /user/password_recovery/confirm/ HTTP/1.1" 500 80733
Not Found: /favicon.ico
"GET /favicon.ico HTTP/1.1" 404 2849
Internal Server Error: /user/password_recovery/confirm/
Traceback (most recent call last):
  File "C:\Users\devvr\AppData\Local\Programs\Python\Python38\lib\site-packages\django\core\handlers\exception.py", line 55, in inner
    response = get_response(request)
  File "C:\Users\devvr\AppData\Local\Programs\Python\Python38\lib\site-packages\django\core\handlers\base.py", line 197, in _get_response
    response = wrapped_callback(request, *callback_args, **callback_kwargs)
  File "C:\Users\devvr\AppData\Local\Programs\Python\Python38\lib\site-packages\django\views\generic\base.py", line 103, in view
    return self.dispatch(request, *args, **kwargs)
  File "C:\Users\devvr\AppData\Local\Programs\Python\Python38\lib\site-packages\django\views\generic\base.py", line 142, in dispatch
    return handler(request, *args, **kwargs)
  File "A:\code\Current\dj\core\users\views.py", line 462, in get
    timer = self.timer_remains()
  File "A:\code\Current\dj\core\users\views.py", line 413, in timer_remains
    remains = datetime.combine(date.min, current) - datetime.combine(date.min, timer)
TypeError: combine() argument 2 must be datetime.time, not datetime.datetime
"GET /user/password_recovery/confirm/ HTTP/1.1" 500 80733
Not Found: /favicon.ico
"GET /favicon.ico HTTP/1.1" 404 2849
Internal Server Error: /user/password_recovery/confirm/
Traceback (most recent call last):
  File "C:\Users\devvr\AppData\Local\Programs\Python\Python38\lib\site-packages\django\core\handlers\exception.py", line 55, in inner
    response = get_response(request)
  File "C:\Users\devvr\AppData\Local\Programs\Python\Python38\lib\site-packages\django\core\handlers\base.py", line 197, in _get_response
    response = wrapped_callback(request, *callback_args, **callback_kwargs)
  File "C:\Users\devvr\AppData\Local\Programs\Python\Python38\lib\site-packages\django\views\generic\base.py", line 103, in view
    return self.dispatch(request, *args, **kwargs)
  File "C:\Users\devvr\AppData\Local\Programs\Python\Python38\lib\site-packages\django\views\generic\base.py", line 142, in dispatch
    return handler(request, *args, **kwargs)
  File "A:\code\Current\dj\core\users\views.py", line 462, in get
    timer = self.timer_remains()
  File "A:\code\Current\dj\core\users\views.py", line 413, in timer_remains
    remains = datetime.combine(date.min, current) - datetime.combine(date.min, timer)
TypeError: combine() argument 2 must be datetime.time, not datetime.datetime
"GET /user/password_recovery/confirm/ HTTP/1.1" 500 80430
Internal Server Error: /user/password_recovery/confirm/
Traceback (most recent call last):
  File "C:\Users\devvr\AppData\Local\Programs\Python\Python38\lib\site-packages\django\core\handlers\exception.py", line 55, in inner
    response = get_response(request)
  File "C:\Users\devvr\AppData\Local\Programs\Python\Python38\lib\site-packages\django\core\handlers\base.py", line 197, in _get_response
    response = wrapped_callback(request, *callback_args, **callback_kwargs)
  File "C:\Users\devvr\AppData\Local\Programs\Python\Python38\lib\site-packages\django\views\generic\base.py", line 103, in view
    return self.dispatch(request, *args, **kwargs)
  File "C:\Users\devvr\AppData\Local\Programs\Python\Python38\lib\site-packages\django\views\generic\base.py", line 142, in dispatch
    return handler(request, *args, **kwargs)
  File "A:\code\Current\dj\core\users\views.py", line 460, in get
    timer = self.timer_remains()
  File "A:\code\Current\dj\core\users\views.py", line 413, in timer_remains
    remains = datetime.combine(date.min, current) - datetime.combine(date.min, timer)
TypeError: combine() argument 2 must be datetime.time, not datetime.date
"GET /user/password_recovery/confirm/ HTTP/1.1" 500 80572
Not Found: /favicon.ico
"GET /favicon.ico HTTP/1.1" 404 2849
Internal Server Error: /user/password_recovery/confirm/
Traceback (most recent call last):
  File "C:\Users\devvr\AppData\Local\Programs\Python\Python38\lib\site-packages\django\core\handlers\exception.py", line 55, in inner
    response = get_response(request)
  File "C:\Users\devvr\AppData\Local\Programs\Python\Python38\lib\site-packages\django\core\handlers\base.py", line 197, in _get_response
    response = wrapped_callback(request, *callback_args, **callback_kwargs)
  File "C:\Users\devvr\AppData\Local\Programs\Python\Python38\lib\site-packages\django\views\generic\base.py", line 103, in view
    return self.dispatch(request, *args, **kwargs)
  File "C:\Users\devvr\AppData\Local\Programs\Python\Python38\lib\site-packages\django\views\generic\base.py", line 142, in dispatch
    return handler(request, *args, **kwargs)
  File "A:\code\Current\dj\core\users\views.py", line 460, in get
    timer = self.timer_remains()
  File "A:\code\Current\dj\core\users\views.py", line 411, in timer_remains
    current = datetime.time()
TypeError: descriptor 'time' of 'datetime.datetime' object needs an argument
"GET /user/password_recovery/confirm/ HTTP/1.1" 500 80458
Not Found: /favicon.ico
"GET /favicon.ico HTTP/1.1" 404 2849
Internal Server Error: /user/password_recovery/confirm/
Traceback (most recent call last):
  File "C:\Users\devvr\AppData\Local\Programs\Python\Python38\lib\site-packages\django\core\handlers\exception.py", line 55, in inner
    response = get_response(request)
  File "C:\Users\devvr\AppData\Local\Programs\Python\Python38\lib\site-packages\django\core\handlers\base.py", line 197, in _get_response
    response = wrapped_callback(request, *callback_args, **callback_kwargs)
  File "C:\Users\devvr\AppData\Local\Programs\Python\Python38\lib\site-packages\django\views\generic\base.py", line 103, in view
    return self.dispatch(request, *args, **kwargs)
  File "C:\Users\devvr\AppData\Local\Programs\Python\Python38\lib\site-packages\django\views\generic\base.py", line 142, in dispatch
    return handler(request, *args, **kwargs)
  File "A:\code\Current\dj\core\users\views.py", line 460, in get
    timer = self.timer_remains()
  File "A:\code\Current\dj\core\users\views.py", line 411, in timer_remains
    current = datetime.time()
TypeError: descriptor 'time' of 'datetime.datetime' object needs an argument
"GET /user/password_recovery/confirm/ HTTP/1.1" 500 80458
Not Found: /favicon.ico
"GET /favicon.ico HTTP/1.1" 404 2849
Internal Server Error: /user/password_recovery/confirm/
Traceback (most recent call last):
  File "C:\Users\devvr\AppData\Local\Programs\Python\Python38\lib\site-packages\django\core\handlers\exception.py", line 55, in inner
    response = get_response(request)
  File "C:\Users\devvr\AppData\Local\Programs\Python\Python38\lib\site-packages\django\core\handlers\base.py", line 197, in _get_response
    response = wrapped_callback(request, *callback_args, **callback_kwargs)
  File "C:\Users\devvr\AppData\Local\Programs\Python\Python38\lib\site-packages\django\views\generic\base.py", line 103, in view
    return self.dispatch(request, *args, **kwargs)
  File "C:\Users\devvr\AppData\Local\Programs\Python\Python38\lib\site-packages\django\views\generic\base.py", line 142, in dispatch
    return handler(request, *args, **kwargs)
  File "A:\code\Current\dj\core\users\views.py", line 462, in get
    timer = self.timer_remains()
  File "A:\code\Current\dj\core\users\views.py", line 412, in timer_remains
    current = current_date.time()
TypeError: descriptor 'time' of 'datetime.datetime' object needs an argument
"GET /user/password_recovery/confirm/ HTTP/1.1" 500 80672
Not Found: /favicon.ico
"GET /favicon.ico HTTP/1.1" 404 2849
Internal Server Error: /user/password_recovery/confirm/
Traceback (most recent call last):
  File "C:\Users\devvr\AppData\Local\Programs\Python\Python38\lib\site-packages\django\core\handlers\exception.py", line 55, in inner
    response = get_response(request)
  File "C:\Users\devvr\AppData\Local\Programs\Python\Python38\lib\site-packages\django\core\handlers\base.py", line 197, in _get_response
    response = wrapped_callback(request, *callback_args, **callback_kwargs)
  File "C:\Users\devvr\AppData\Local\Programs\Python\Python38\lib\site-packages\django\views\generic\base.py", line 103, in view
    return self.dispatch(request, *args, **kwargs)
  File "C:\Users\devvr\AppData\Local\Programs\Python\Python38\lib\site-packages\django\views\generic\base.py", line 142, in dispatch
    return handler(request, *args, **kwargs)
  File "A:\code\Current\dj\core\users\views.py", line 462, in get
    timer = self.timer_remains()
  File "A:\code\Current\dj\core\users\views.py", line 412, in timer_remains
    current = current_date.time()
TypeError: descriptor 'time' of 'datetime.datetime' object needs an argument
"GET /user/password_recovery/confirm/ HTTP/1.1" 500 80672
Not Found: /favicon.ico
"GET /favicon.ico HTTP/1.1" 404 2849
Internal Server Error: /user/password_recovery/confirm/
Traceback (most recent call last):
  File "C:\Users\devvr\AppData\Local\Programs\Python\Python38\lib\site-packages\django\core\handlers\exception.py", line 55, in inner
    response = get_response(request)
  File "C:\Users\devvr\AppData\Local\Programs\Python\Python38\lib\site-packages\django\core\handlers\base.py", line 197, in _get_response
    response = wrapped_callback(request, *callback_args, **callback_kwargs)
  File "C:\Users\devvr\AppData\Local\Programs\Python\Python38\lib\site-packages\django\views\generic\base.py", line 103, in view
    return self.dispatch(request, *args, **kwargs)
  File "C:\Users\devvr\AppData\Local\Programs\Python\Python38\lib\site-packages\django\views\generic\base.py", line 142, in dispatch
    return handler(request, *args, **kwargs)
  File "A:\code\Current\dj\core\users\views.py", line 462, in get
    timer = self.timer_remains()
  File "A:\code\Current\dj\core\users\views.py", line 412, in timer_remains
    current = current_date.time()
TypeError: descriptor 'time' of 'datetime.datetime' object needs an argument
"GET /user/password_recovery/confirm/ HTTP/1.1" 500 80672
Not Found: /favicon.ico
"GET /favicon.ico HTTP/1.1" 404 2849
Internal Server Error: /user/password_recovery/confirm/
Traceback (most recent call last):
  File "C:\Users\devvr\AppData\Local\Programs\Python\Python38\lib\site-packages\django\core\handlers\exception.py", line 55, in inner
    response = get_response(request)
  File "C:\Users\devvr\AppData\Local\Programs\Python\Python38\lib\site-packages\django\core\handlers\base.py", line 197, in _get_response
    response = wrapped_callback(request, *callback_args, **callback_kwargs)
  File "C:\Users\devvr\AppData\Local\Programs\Python\Python38\lib\site-packages\django\views\generic\base.py", line 103, in view
    return self.dispatch(request, *args, **kwargs)
  File "C:\Users\devvr\AppData\Local\Programs\Python\Python38\lib\site-packages\django\views\generic\base.py", line 142, in dispatch
    return handler(request, *args, **kwargs)
  File "A:\code\Current\dj\core\users\views.py", line 462, in get
    timer = self.timer_remains()
  File "A:\code\Current\dj\core\users\views.py", line 412, in timer_remains
    current = current_date.time()
TypeError: descriptor 'time' of 'datetime.datetime' object needs an argument
"GET /user/password_recovery/confirm/ HTTP/1.1" 500 80672
Not Found: /favicon.ico
"GET /favicon.ico HTTP/1.1" 404 2849
Internal Server Error: /user/password_recovery/confirm/
Traceback (most recent call last):
  File "C:\Users\devvr\AppData\Local\Programs\Python\Python38\lib\site-packages\django\core\handlers\exception.py", line 55, in inner
    response = get_response(request)
  File "C:\Users\devvr\AppData\Local\Programs\Python\Python38\lib\site-packages\django\core\handlers\base.py", line 197, in _get_response
    response = wrapped_callback(request, *callback_args, **callback_kwargs)
  File "C:\Users\devvr\AppData\Local\Programs\Python\Python38\lib\site-packages\django\views\generic\base.py", line 103, in view
    return self.dispatch(request, *args, **kwargs)
  File "C:\Users\devvr\AppData\Local\Programs\Python\Python38\lib\site-packages\django\views\generic\base.py", line 142, in dispatch
    return handler(request, *args, **kwargs)
  File "A:\code\Current\dj\core\users\views.py", line 462, in get
    timer = self.timer_remains()
  File "A:\code\Current\dj\core\users\views.py", line 412, in timer_remains
    current = current_date.time()
TypeError: descriptor 'time' of 'datetime.datetime' object needs an argument
"GET /user/password_recovery/confirm/ HTTP/1.1" 500 80672
Not Found: /favicon.ico
"GET /favicon.ico HTTP/1.1" 404 2849
Internal Server Error: /user/password_recovery/confirm/
Traceback (most recent call last):
  File "C:\Users\devvr\AppData\Local\Programs\Python\Python38\lib\site-packages\django\core\handlers\exception.py", line 55, in inner
    response = get_response(request)
  File "C:\Users\devvr\AppData\Local\Programs\Python\Python38\lib\site-packages\django\core\handlers\base.py", line 197, in _get_response
    response = wrapped_callback(request, *callback_args, **callback_kwargs)
  File "C:\Users\devvr\AppData\Local\Programs\Python\Python38\lib\site-packages\django\views\generic\base.py", line 103, in view
    return self.dispatch(request, *args, **kwargs)
  File "C:\Users\devvr\AppData\Local\Programs\Python\Python38\lib\site-packages\django\views\generic\base.py", line 142, in dispatch
    return handler(request, *args, **kwargs)
  File "A:\code\Current\dj\core\users\views.py", line 462, in get
    timer = self.timer_remains()
  File "A:\code\Current\dj\core\users\views.py", line 412, in timer_remains
    current = current_date.time(current_date)
TypeError: descriptor 'time' for 'datetime.datetime' objects doesn't apply to a 'type' object
"GET /user/password_recovery/confirm/ HTTP/1.1" 500 80824
Not Found: /favicon.ico
"GET /favicon.ico HTTP/1.1" 404 2849
Internal Server Error: /user/password_recovery/confirm/
Traceback (most recent call last):
  File "C:\Users\devvr\AppData\Local\Programs\Python\Python38\lib\site-packages\django\core\handlers\exception.py", line 55, in inner
    response = get_response(request)
  File "C:\Users\devvr\AppData\Local\Programs\Python\Python38\lib\site-packages\django\core\handlers\base.py", line 197, in _get_response
    response = wrapped_callback(request, *callback_args, **callback_kwargs)
  File "C:\Users\devvr\AppData\Local\Programs\Python\Python38\lib\site-packages\django\views\generic\base.py", line 103, in view
    return self.dispatch(request, *args, **kwargs)
  File "C:\Users\devvr\AppData\Local\Programs\Python\Python38\lib\site-packages\django\views\generic\base.py", line 142, in dispatch
    return handler(request, *args, **kwargs)
  File "A:\code\Current\dj\core\users\views.py", line 462, in get
    timer = self.timer_remains()
  File "A:\code\Current\dj\core\users\views.py", line 412, in timer_remains
    current = current_date.time(current_date)
TypeError: descriptor 'time' for 'datetime.datetime' objects doesn't apply to a 'type' object
"GET /user/password_recovery/confirm/ HTTP/1.1" 500 80824
Not Found: /favicon.ico
"GET /favicon.ico HTTP/1.1" 404 2849
Internal Server Error: /user/password_recovery/confirm/
Traceback (most recent call last):
  File "C:\Users\devvr\AppData\Local\Programs\Python\Python38\lib\site-packages\django\core\handlers\exception.py", line 55, in inner
    response = get_response(request)
  File "C:\Users\devvr\AppData\Local\Programs\Python\Python38\lib\site-packages\django\core\handlers\base.py", line 197, in _get_response
    response = wrapped_callback(request, *callback_args, **callback_kwargs)
  File "C:\Users\devvr\AppData\Local\Programs\Python\Python38\lib\site-packages\django\views\generic\base.py", line 103, in view
    return self.dispatch(request, *args, **kwargs)
  File "C:\Users\devvr\AppData\Local\Programs\Python\Python38\lib\site-packages\django\views\generic\base.py", line 142, in dispatch
    return handler(request, *args, **kwargs)
  File "A:\code\Current\dj\core\users\views.py", line 462, in get
    timer = self.timer_remains()
  File "A:\code\Current\dj\core\users\views.py", line 412, in timer_remains
    current = current_date.time()
TypeError: descriptor 'time' for 'datetime.datetime' objects doesn't apply to a 'type' object
"GET /user/password_recovery/confirm/ HTTP/1.1" 500 80800
Not Found: /favicon.ico
"GET /favicon.ico HTTP/1.1" 404 2849
Internal Server Error: /user/password_recovery/confirm/
Traceback (most recent call last):
  File "C:\Users\devvr\AppData\Local\Programs\Python\Python38\lib\site-packages\django\core\handlers\exception.py", line 55, in inner
    response = get_response(request)
  File "C:\Users\devvr\AppData\Local\Programs\Python\Python38\lib\site-packages\django\core\handlers\base.py", line 197, in _get_response
    response = wrapped_callback(request, *callback_args, **callback_kwargs)
  File "C:\Users\devvr\AppData\Local\Programs\Python\Python38\lib\site-packages\django\views\generic\base.py", line 103, in view
    return self.dispatch(request, *args, **kwargs)
  File "C:\Users\devvr\AppData\Local\Programs\Python\Python38\lib\site-packages\django\views\generic\base.py", line 142, in dispatch
    return handler(request, *args, **kwargs)
  File "A:\code\Current\dj\core\users\views.py", line 462, in get
    timer = self.timer_remains()
  File "A:\code\Current\dj\core\users\views.py", line 412, in timer_remains
    current = current_date.time()
TypeError: descriptor 'time' of 'datetime.datetime' object needs an argument
"GET /user/password_recovery/confirm/ HTTP/1.1" 500 80672
Not Found: /favicon.ico
"GET /favicon.ico HTTP/1.1" 404 2849
Internal Server Error: /user/password_recovery/confirm/
Traceback (most recent call last):
  File "C:\Users\devvr\AppData\Local\Programs\Python\Python38\lib\site-packages\django\core\handlers\exception.py", line 55, in inner
    response = get_response(request)
  File "C:\Users\devvr\AppData\Local\Programs\Python\Python38\lib\site-packages\django\core\handlers\base.py", line 197, in _get_response
    response = wrapped_callback(request, *callback_args, **callback_kwargs)
  File "C:\Users\devvr\AppData\Local\Programs\Python\Python38\lib\site-packages\django\views\generic\base.py", line 103, in view
    return self.dispatch(request, *args, **kwargs)
  File "C:\Users\devvr\AppData\Local\Programs\Python\Python38\lib\site-packages\django\views\generic\base.py", line 142, in dispatch
    return handler(request, *args, **kwargs)
  File "A:\code\Current\dj\core\users\views.py", line 461, in get
    if not timer['active']:
KeyError: 'active'
"GET /user/password_recovery/confirm/ HTTP/1.1" 500 76597
Not Found: /favicon.ico
"GET /favicon.ico HTTP/1.1" 404 2849
Internal Server Error: /user/password_recovery/confirm/
Traceback (most recent call last):
  File "C:\Users\devvr\AppData\Local\Programs\Python\Python38\lib\site-packages\django\core\handlers\exception.py", line 55, in inner
    response = get_response(request)
  File "C:\Users\devvr\AppData\Local\Programs\Python\Python38\lib\site-packages\django\core\handlers\base.py", line 197, in _get_response
    response = wrapped_callback(request, *callback_args, **callback_kwargs)
  File "C:\Users\devvr\AppData\Local\Programs\Python\Python38\lib\site-packages\django\views\generic\base.py", line 103, in view
    return self.dispatch(request, *args, **kwargs)
  File "C:\Users\devvr\AppData\Local\Programs\Python\Python38\lib\site-packages\django\views\generic\base.py", line 142, in dispatch
    return handler(request, *args, **kwargs)
  File "A:\code\Current\dj\core\users\views.py", line 461, in get
    if not timer['active']:
KeyError: 'active'
"GET /user/password_recovery/confirm/ HTTP/1.1" 500 76598
Not Found: /favicon.ico
"GET /favicon.ico HTTP/1.1" 404 2849
"GET /static/js/bootstrap/bootstrap.bundle.min.js HTTP/1.1" 404 1867
"GET /static/js/bootstrap/bootstrap.bundle.min.js HTTP/1.1" 404 1867
Internal Server Error: /user/signin/confirm/
Traceback (most recent call last):
  File "C:\Users\devvr\AppData\Local\Programs\Python\Python38\lib\site-packages\django\core\handlers\exception.py", line 55, in inner
    response = get_response(request)
  File "C:\Users\devvr\AppData\Local\Programs\Python\Python38\lib\site-packages\django\core\handlers\base.py", line 197, in _get_response
    response = wrapped_callback(request, *callback_args, **callback_kwargs)
  File "C:\Users\devvr\AppData\Local\Programs\Python\Python38\lib\site-packages\django\views\generic\base.py", line 103, in view
    return self.dispatch(request, *args, **kwargs)
  File "C:\Users\devvr\AppData\Local\Programs\Python\Python38\lib\site-packages\django\views\generic\base.py", line 142, in dispatch
    return handler(request, *args, **kwargs)
  File "A:\code\Current\dj\core\users\views.py", line 308, in get
    remains = self.timer_remains()
AttributeError: 'SignInConfirmView' object has no attribute 'timer_remains'
"GET /user/signin/confirm/ HTTP/1.1" 500 76706
Not Found: /favicon.ico
"GET /favicon.ico HTTP/1.1" 404 2849
Internal Server Error: /user/signin/confirm/
Traceback (most recent call last):
  File "C:\Users\devvr\AppData\Local\Programs\Python\Python38\lib\site-packages\django\core\handlers\exception.py", line 55, in inner
    response = get_response(request)
  File "C:\Users\devvr\AppData\Local\Programs\Python\Python38\lib\site-packages\django\core\handlers\base.py", line 197, in _get_response
    response = wrapped_callback(request, *callback_args, **callback_kwargs)
  File "C:\Users\devvr\AppData\Local\Programs\Python\Python38\lib\site-packages\django\views\generic\base.py", line 103, in view
    return self.dispatch(request, *args, **kwargs)
  File "C:\Users\devvr\AppData\Local\Programs\Python\Python38\lib\site-packages\django\views\generic\base.py", line 142, in dispatch
    return handler(request, *args, **kwargs)
  File "A:\code\Current\dj\core\users\views.py", line 308, in get
    remains = self.timer_remains()
AttributeError: 'SignInConfirmView' object has no attribute 'timer_remains'
"GET /user/signin/confirm/ HTTP/1.1" 500 76834
Not Found: /favicon.ico
"GET /favicon.ico HTTP/1.1" 404 2849
Internal Server Error: /user/signin/confirm/
Traceback (most recent call last):
  File "C:\Users\devvr\AppData\Local\Programs\Python\Python38\lib\site-packages\django\core\handlers\exception.py", line 55, in inner
    response = get_response(request)
  File "C:\Users\devvr\AppData\Local\Programs\Python\Python38\lib\site-packages\django\core\handlers\base.py", line 197, in _get_response
    response = wrapped_callback(request, *callback_args, **callback_kwargs)
  File "C:\Users\devvr\AppData\Local\Programs\Python\Python38\lib\site-packages\django\views\generic\base.py", line 103, in view
    return self.dispatch(request, *args, **kwargs)
  File "C:\Users\devvr\AppData\Local\Programs\Python\Python38\lib\site-packages\django\views\generic\base.py", line 142, in dispatch
    return handler(request, *args, **kwargs)
  File "A:\code\Current\dj\core\users\views.py", line 308, in get
    pass
AttributeError: 'SignInConfirmView' object has no attribute 'timer_remains'
"GET /user/signin/confirm/ HTTP/1.1" 500 76654
Not Found: /favicon.ico
"GET /favicon.ico HTTP/1.1" 404 2849
Not Found: /favicon.ico
"GET /favicon.ico HTTP/1.1" 404 2849
Internal Server Error: /user/signin/confirm/resend/
Traceback (most recent call last):
  File "C:\Users\devvr\AppData\Local\Programs\Python\Python38\lib\site-packages\django\core\handlers\exception.py", line 55, in inner
    response = get_response(request)
  File "C:\Users\devvr\AppData\Local\Programs\Python\Python38\lib\site-packages\django\core\handlers\base.py", line 197, in _get_response
    response = wrapped_callback(request, *callback_args, **callback_kwargs)
  File "C:\Users\devvr\AppData\Local\Programs\Python\Python38\lib\site-packages\django\views\generic\base.py", line 103, in view
    return self.dispatch(request, *args, **kwargs)
  File "C:\Users\devvr\AppData\Local\Programs\Python\Python38\lib\site-packages\django\views\generic\base.py", line 142, in dispatch
    return handler(request, *args, **kwargs)
  File "A:\code\Current\dj\core\users\views.py", line 371, in get
    self.send_code()
  File "A:\code\Current\dj\core\users\views.py", line 279, in send_code
    send_email({
  File "A:\code\Current\dj\core\mail\views.py", line 16, in send_email
    mail = EmailMessage(subject, plain_message, from_email, to, html_message=html_message)
TypeError: __init__() got an unexpected keyword argument 'html_message'
"GET /user/signin/confirm/resend/ HTTP/1.1" 500 86671
Not Found: /favicon.ico
"GET /favicon.ico HTTP/1.1" 404 2849
Not Found: /favicon.ico
"GET /favicon.ico HTTP/1.1" 404 2849
Internal Server Error: /share/get/1/1/bnfkkyov/
Traceback (most recent call last):
  File "C:\Users\devvr\AppData\Local\Programs\Python\Python38\lib\site-packages\django\core\handlers\exception.py", line 55, in inner
    response = get_response(request)
  File "C:\Users\devvr\AppData\Local\Programs\Python\Python38\lib\site-packages\django\core\handlers\base.py", line 197, in _get_response
    response = wrapped_callback(request, *callback_args, **callback_kwargs)
  File "A:\code\Current\dj\core\share\views.py", line 66, in get_share
    share = get_object_or_404(share_model, user_id=user_id, id=share_id, share_key=share_key)
NameError: name 'share_model' is not defined
"GET /share/get/1/1/bnfkkyov/ HTTP/1.1" 500 66732
Not Found: /favicon.ico
"GET /favicon.ico HTTP/1.1" 404 2849
Internal Server Error: /orders/search/
Traceback (most recent call last):
  File "C:\Users\devvr\AppData\Local\Programs\Python\Python38\lib\site-packages\django\core\handlers\exception.py", line 55, in inner
    response = get_response(request)
  File "C:\Users\devvr\AppData\Local\Programs\Python\Python38\lib\site-packages\django\core\handlers\base.py", line 197, in _get_response
    response = wrapped_callback(request, *callback_args, **callback_kwargs)
  File "A:\code\Current\dj\core\orders\views.py", line 268, in order_search
    orders_model = orders_model.filter(created_at__range=[f'{date_from} 00:00:00.{time_zone}', timezone.now()])
  File "C:\Users\devvr\AppData\Local\Programs\Python\Python38\lib\site-packages\django\db\models\query.py", line 1420, in filter
    return self._filter_or_exclude(False, args, kwargs)
  File "C:\Users\devvr\AppData\Local\Programs\Python\Python38\lib\site-packages\django\db\models\query.py", line 1438, in _filter_or_exclude
    clone._filter_or_exclude_inplace(negate, args, kwargs)
  File "C:\Users\devvr\AppData\Local\Programs\Python\Python38\lib\site-packages\django\db\models\query.py", line 1445, in _filter_or_exclude_inplace
    self._query.add_q(Q(*args, **kwargs))
  File "C:\Users\devvr\AppData\Local\Programs\Python\Python38\lib\site-packages\django\db\models\sql\query.py", line 1532, in add_q
    clause, _ = self._add_q(q_object, self.used_aliases)
  File "C:\Users\devvr\AppData\Local\Programs\Python\Python38\lib\site-packages\django\db\models\sql\query.py", line 1562, in _add_q
    child_clause, needed_inner = self.build_filter(
  File "C:\Users\devvr\AppData\Local\Programs\Python\Python38\lib\site-packages\django\db\models\sql\query.py", line 1478, in build_filter
    condition = self.build_lookup(lookups, col, value)
  File "C:\Users\devvr\AppData\Local\Programs\Python\Python38\lib\site-packages\django\db\models\sql\query.py", line 1303, in build_lookup
    lookup = lookup_class(lhs, rhs)
  File "C:\Users\devvr\AppData\Local\Programs\Python\Python38\lib\site-packages\django\db\models\lookups.py", line 27, in __init__
    self.rhs = self.get_prep_lookup()
  File "C:\Users\devvr\AppData\Local\Programs\Python\Python38\lib\site-packages\django\db\models\lookups.py", line 276, in get_prep_lookup
    rhs_value = self.lhs.output_field.get_prep_value(rhs_value)
  File "C:\Users\devvr\AppData\Local\Programs\Python\Python38\lib\site-packages\django\db\models\fields\__init__.py", line 1554, in get_prep_value
    value = super().get_prep_value(value)
  File "C:\Users\devvr\AppData\Local\Programs\Python\Python38\lib\site-packages\django\db\models\fields\__init__.py", line 1433, in get_prep_value
    return self.to_python(value)
  File "C:\Users\devvr\AppData\Local\Programs\Python\Python38\lib\site-packages\django\db\models\fields\__init__.py", line 1536, in to_python
    raise exceptions.ValidationError(
django.core.exceptions.ValidationError: ['231233-12-21 00:00:00.926514+00:00 value has an invalid format. It must be in YYYY-MM-DD HH:MM[:ss[.uuuuuu]][TZ] format.']
"POST /orders/search/ HTTP/1.1" 500 19575
Internal Server Error: /orders/search/
Traceback (most recent call last):
  File "C:\Users\devvr\AppData\Local\Programs\Python\Python38\lib\site-packages\django\core\handlers\exception.py", line 55, in inner
    response = get_response(request)
  File "C:\Users\devvr\AppData\Local\Programs\Python\Python38\lib\site-packages\django\core\handlers\base.py", line 197, in _get_response
    response = wrapped_callback(request, *callback_args, **callback_kwargs)
  File "A:\code\Current\dj\core\orders\views.py", line 268, in order_search
    orders_model = orders_model.filter(created_at__range=[f'{date_from} 00:00:00.{time_zone}', timezone.now()])
  File "C:\Users\devvr\AppData\Local\Programs\Python\Python38\lib\site-packages\django\db\models\query.py", line 1420, in filter
    return self._filter_or_exclude(False, args, kwargs)
  File "C:\Users\devvr\AppData\Local\Programs\Python\Python38\lib\site-packages\django\db\models\query.py", line 1438, in _filter_or_exclude
    clone._filter_or_exclude_inplace(negate, args, kwargs)
  File "C:\Users\devvr\AppData\Local\Programs\Python\Python38\lib\site-packages\django\db\models\query.py", line 1445, in _filter_or_exclude_inplace
    self._query.add_q(Q(*args, **kwargs))
  File "C:\Users\devvr\AppData\Local\Programs\Python\Python38\lib\site-packages\django\db\models\sql\query.py", line 1532, in add_q
    clause, _ = self._add_q(q_object, self.used_aliases)
  File "C:\Users\devvr\AppData\Local\Programs\Python\Python38\lib\site-packages\django\db\models\sql\query.py", line 1562, in _add_q
    child_clause, needed_inner = self.build_filter(
  File "C:\Users\devvr\AppData\Local\Programs\Python\Python38\lib\site-packages\django\db\models\sql\query.py", line 1478, in build_filter
    condition = self.build_lookup(lookups, col, value)
  File "C:\Users\devvr\AppData\Local\Programs\Python\Python38\lib\site-packages\django\db\models\sql\query.py", line 1303, in build_lookup
    lookup = lookup_class(lhs, rhs)
  File "C:\Users\devvr\AppData\Local\Programs\Python\Python38\lib\site-packages\django\db\models\lookups.py", line 27, in __init__
    self.rhs = self.get_prep_lookup()
  File "C:\Users\devvr\AppData\Local\Programs\Python\Python38\lib\site-packages\django\db\models\lookups.py", line 276, in get_prep_lookup
    rhs_value = self.lhs.output_field.get_prep_value(rhs_value)
  File "C:\Users\devvr\AppData\Local\Programs\Python\Python38\lib\site-packages\django\db\models\fields\__init__.py", line 1554, in get_prep_value
    value = super().get_prep_value(value)
  File "C:\Users\devvr\AppData\Local\Programs\Python\Python38\lib\site-packages\django\db\models\fields\__init__.py", line 1433, in get_prep_value
    return self.to_python(value)
  File "C:\Users\devvr\AppData\Local\Programs\Python\Python38\lib\site-packages\django\db\models\fields\__init__.py", line 1536, in to_python
    raise exceptions.ValidationError(
django.core.exceptions.ValidationError: ['232020-03-12 00:00:00.314330+00:00 value has an invalid format. It must be in YYYY-MM-DD HH:MM[:ss[.uuuuuu]][TZ] format.']
"POST /orders/search/ HTTP/1.1" 500 19575
Internal Server Error: /orders/search/
Traceback (most recent call last):
  File "C:\Users\devvr\AppData\Local\Programs\Python\Python38\lib\site-packages\django\core\handlers\exception.py", line 55, in inner
    response = get_response(request)
  File "C:\Users\devvr\AppData\Local\Programs\Python\Python38\lib\site-packages\django\core\handlers\base.py", line 197, in _get_response
    response = wrapped_callback(request, *callback_args, **callback_kwargs)
  File "A:\code\Current\dj\core\orders\views.py", line 268, in order_search
    orders_model = orders_model.filter(created_at__range=[f'{date_from} 00:00:00.{time_zone}', timezone.now()])
  File "C:\Users\devvr\AppData\Local\Programs\Python\Python38\lib\site-packages\django\db\models\query.py", line 1420, in filter
    return self._filter_or_exclude(False, args, kwargs)
  File "C:\Users\devvr\AppData\Local\Programs\Python\Python38\lib\site-packages\django\db\models\query.py", line 1438, in _filter_or_exclude
    clone._filter_or_exclude_inplace(negate, args, kwargs)
  File "C:\Users\devvr\AppData\Local\Programs\Python\Python38\lib\site-packages\django\db\models\query.py", line 1445, in _filter_or_exclude_inplace
    self._query.add_q(Q(*args, **kwargs))
  File "C:\Users\devvr\AppData\Local\Programs\Python\Python38\lib\site-packages\django\db\models\sql\query.py", line 1532, in add_q
    clause, _ = self._add_q(q_object, self.used_aliases)
  File "C:\Users\devvr\AppData\Local\Programs\Python\Python38\lib\site-packages\django\db\models\sql\query.py", line 1562, in _add_q
    child_clause, needed_inner = self.build_filter(
  File "C:\Users\devvr\AppData\Local\Programs\Python\Python38\lib\site-packages\django\db\models\sql\query.py", line 1478, in build_filter
    condition = self.build_lookup(lookups, col, value)
  File "C:\Users\devvr\AppData\Local\Programs\Python\Python38\lib\site-packages\django\db\models\sql\query.py", line 1303, in build_lookup
    lookup = lookup_class(lhs, rhs)
  File "C:\Users\devvr\AppData\Local\Programs\Python\Python38\lib\site-packages\django\db\models\lookups.py", line 27, in __init__
    self.rhs = self.get_prep_lookup()
  File "C:\Users\devvr\AppData\Local\Programs\Python\Python38\lib\site-packages\django\db\models\lookups.py", line 276, in get_prep_lookup
    rhs_value = self.lhs.output_field.get_prep_value(rhs_value)
  File "C:\Users\devvr\AppData\Local\Programs\Python\Python38\lib\site-packages\django\db\models\fields\__init__.py", line 1554, in get_prep_value
    value = super().get_prep_value(value)
  File "C:\Users\devvr\AppData\Local\Programs\Python\Python38\lib\site-packages\django\db\models\fields\__init__.py", line 1433, in get_prep_value
    return self.to_python(value)
  File "C:\Users\devvr\AppData\Local\Programs\Python\Python38\lib\site-packages\django\db\models\fields\__init__.py", line 1536, in to_python
    raise exceptions.ValidationError(
django.core.exceptions.ValidationError: ['231231-03-12 00:00:00.578629+00:00 value has an invalid format. It must be in YYYY-MM-DD HH:MM[:ss[.uuuuuu]][TZ] format.']
"POST /orders/search/ HTTP/1.1" 500 19575
Not Found: /
"GET / HTTP/1.1" 404 2798
Not Found: /favicon.ico
"GET /favicon.ico HTTP/1.1" 404 2849
Forbidden (CSRF cookie not set.): /ftp/vrv.lfm@Gmail.com/ggwp88883/
"POST /ftp/vrv.lfm@Gmail.com/ggwp88883/ HTTP/1.1" 403 2870
Forbidden (CSRF cookie not set.): /ftp/vrv.lfm@Gmail.com/ggwp88883/
"POST /ftp/vrv.lfm@Gmail.com/ggwp88883/ HTTP/1.1" 403 2870
Forbidden (CSRF cookie not set.): /ftp/vrv.lfm@Gmail.com/ggwp88883/
"POST /ftp/vrv.lfm@Gmail.com/ggwp88883/ HTTP/1.1" 403 2870
Forbidden (CSRF cookie not set.): /ftp/vrv.lfm@Gmail.com/ggwp88883/
"POST /ftp/vrv.lfm@Gmail.com/ggwp88883/ HTTP/1.1" 403 2870
Forbidden (CSRF cookie not set.): /ftp/vrv.lfm@Gmail.com/ggwp8888/
"POST /ftp/vrv.lfm@Gmail.com/ggwp8888/ HTTP/1.1" 403 2870
Forbidden (CSRF cookie not set.): /ftp/vrv.lfm@Gmail.com/ggwp8888/
"POST /ftp/vrv.lfm@Gmail.com/ggwp8888/ HTTP/1.1" 403 2870
Not Found: /ftp
"GET /ftp HTTP/1.1" 404 2825
Not Found: /ftp
"GET /ftp HTTP/1.1" 404 2825
Internal Server Error: /ftp/vrv.lfm@Gmail.com/ggwp8888/
Traceback (most recent call last):
  File "C:\Users\devvr\AppData\Local\Programs\Python\Python38\lib\site-packages\django\core\handlers\exception.py", line 55, in inner
    response = get_response(request)
  File "C:\Users\devvr\AppData\Local\Programs\Python\Python38\lib\site-packages\django\core\handlers\base.py", line 197, in _get_response
    response = wrapped_callback(request, *callback_args, **callback_kwargs)
  File "C:\Users\devvr\AppData\Local\Programs\Python\Python38\lib\site-packages\django\utils\decorators.py", line 46, in _wrapper
    return bound_method(*args, **kwargs)
TypeError: _wrapped_view() missing 1 required positional argument: 'request'
"GET /ftp/vrv.lfm@Gmail.com/ggwp8888/ HTTP/1.1" 500 65686
Internal Server Error: /ftp/vrv.lfm@Gmail.com/ggwp8888/
Traceback (most recent call last):
  File "C:\Users\devvr\AppData\Local\Programs\Python\Python38\lib\site-packages\django\core\handlers\exception.py", line 55, in inner
    response = get_response(request)
  File "C:\Users\devvr\AppData\Local\Programs\Python\Python38\lib\site-packages\django\core\handlers\base.py", line 197, in _get_response
    response = wrapped_callback(request, *callback_args, **callback_kwargs)
  File "C:\Users\devvr\AppData\Local\Programs\Python\Python38\lib\site-packages\django\utils\decorators.py", line 46, in _wrapper
    return bound_method(*args, **kwargs)
TypeError: _wrapped_view() missing 1 required positional argument: 'request'
"GET /ftp/vrv.lfm@Gmail.com/ggwp8888/ HTTP/1.1" 500 65686
Internal Server Error: /ftp/vrv.lfm@Gmail.com/ggwp8888/
Traceback (most recent call last):
  File "C:\Users\devvr\AppData\Local\Programs\Python\Python38\lib\site-packages\django\core\handlers\exception.py", line 55, in inner
    response = get_response(request)
  File "C:\Users\devvr\AppData\Local\Programs\Python\Python38\lib\site-packages\django\core\handlers\base.py", line 197, in _get_response
    response = wrapped_callback(request, *callback_args, **callback_kwargs)
  File "A:\code\Current\dj\core\ftp\views.py", line 45, in ftp_autorizer
    return HttpResponse(content=json.dumps(is_valid), content_type="application/json")
UnboundLocalError: local variable 'is_valid' referenced before assignment
"GET /ftp/vrv.lfm@Gmail.com/ggwp8888/ HTTP/1.1" 500 63184
Internal Server Error: /ftp/vrv.lfm@Gmail.com/ggwp8888/
Traceback (most recent call last):
  File "C:\Users\devvr\AppData\Local\Programs\Python\Python38\lib\site-packages\django\core\handlers\exception.py", line 55, in inner
    response = get_response(request)
  File "C:\Users\devvr\AppData\Local\Programs\Python\Python38\lib\site-packages\django\core\handlers\base.py", line 197, in _get_response
    response = wrapped_callback(request, *callback_args, **callback_kwargs)
  File "A:\code\Current\dj\core\ftp\views.py", line 45, in ftp_autorizer
    return HttpResponse(content=json.dumps(is_valid), content_type="application/json")
UnboundLocalError: local variable 'is_valid' referenced before assignment
"GET /ftp/vrv.lfm@Gmail.com/ggwp8888/ HTTP/1.1" 500 63184
Internal Server Error: /ftp/validation/vrv.lfm@Gmail.com/
Traceback (most recent call last):
  File "C:\Users\devvr\AppData\Local\Programs\Python\Python38\lib\site-packages\django\core\handlers\exception.py", line 55, in inner
    response = get_response(request)
  File "C:\Users\devvr\AppData\Local\Programs\Python\Python38\lib\site-packages\django\core\handlers\base.py", line 197, in _get_response
    response = wrapped_callback(request, *callback_args, **callback_kwargs)
TypeError: ftp_autorizer() missing 1 required positional argument: 'password'
"GET /ftp/validation/vrv.lfm@Gmail.com/ HTTP/1.1" 500 60352
Internal Server Error: /ftp/validation/vrv.lfm@Gmail.com/
Traceback (most recent call last):
  File "C:\Users\devvr\AppData\Local\Programs\Python\Python38\lib\site-packages\django\core\handlers\exception.py", line 55, in inner
    response = get_response(request)
  File "C:\Users\devvr\AppData\Local\Programs\Python\Python38\lib\site-packages\django\core\handlers\base.py", line 197, in _get_response
    response = wrapped_callback(request, *callback_args, **callback_kwargs)
TypeError: ftp_autorizer() missing 1 required positional argument: 'password'
"GET /ftp/validation/vrv.lfm@Gmail.com/ HTTP/1.1" 500 60352
Internal Server Error: /ftp/validation/vrv.lfm@Gmail.com/
Traceback (most recent call last):
  File "C:\Users\devvr\AppData\Local\Programs\Python\Python38\lib\site-packages\django\core\handlers\exception.py", line 55, in inner
    response = get_response(request)
  File "C:\Users\devvr\AppData\Local\Programs\Python\Python38\lib\site-packages\django\core\handlers\base.py", line 197, in _get_response
    response = wrapped_callback(request, *callback_args, **callback_kwargs)
TypeError: ftp_autorizer() missing 1 required positional argument: 'password'
"GET /ftp/validation/vrv.lfm@Gmail.com/ HTTP/1.1" 500 60352
Not Found: /ftp/validation/vrv.lfm@Gmail.com//ggwp8888
"POST /ftp/validation/vrv.lfm@Gmail.com//ggwp8888 HTTP/1.1" 404 3460
Internal Server Error: /ftp/validation/vrv.lfm@Gmail.com/ggwp8888
Traceback (most recent call last):
  File "C:\Users\devvr\AppData\Local\Programs\Python\Python38\lib\site-packages\django\core\handlers\exception.py", line 55, in inner
    response = get_response(request)
  File "C:\Users\devvr\AppData\Local\Programs\Python\Python38\lib\site-packages\django\utils\deprecation.py", line 135, in __call__
    response = self.process_request(request)
  File "C:\Users\devvr\AppData\Local\Programs\Python\Python38\lib\site-packages\django\middleware\common.py", line 54, in process_request
    path = self.get_full_path_with_slash(request)
  File "C:\Users\devvr\AppData\Local\Programs\Python\Python38\lib\site-packages\django\middleware\common.py", line 88, in get_full_path_with_slash
    raise RuntimeError(
RuntimeError: You called this URL via POST, but the URL doesn't end in a slash and you have APPEND_SLASH set. Django can't redirect to the slash URL while maintaining POST data. Change your form to point to 127.0.0.1:8000/ftp/validation/vrv.lfm@Gmail.com/ggwp8888/ (note the trailing slash), or set APPEND_SLASH=False in your Django settings.
"POST /ftp/validation/vrv.lfm@Gmail.com/ggwp8888 HTTP/1.1" 500 70610
Internal Server Error: /ftp/validation/vrv.lfm@Gmail.com/ggwp8888/
Traceback (most recent call last):
  File "C:\Users\devvr\AppData\Local\Programs\Python\Python38\lib\site-packages\django\core\handlers\exception.py", line 55, in inner
    response = get_response(request)
  File "C:\Users\devvr\AppData\Local\Programs\Python\Python38\lib\site-packages\django\core\handlers\base.py", line 197, in _get_response
    response = wrapped_callback(request, *callback_args, **callback_kwargs)
  File "A:\code\Current\dj\core\ftp\views.py", line 40, in ftp_autorizer
    request.form
AttributeError: 'WSGIRequest' object has no attribute 'form'
"POST /ftp/validation/vrv.lfm@Gmail.com/ggwp8888/ HTTP/1.1" 500 65661
Internal Server Error: /ftp/validation/vrv.lfm@Gmail.com/ggwp8888/
Traceback (most recent call last):
  File "C:\Users\devvr\AppData\Local\Programs\Python\Python38\lib\site-packages\django\core\handlers\exception.py", line 55, in inner
    response = get_response(request)
  File "C:\Users\devvr\AppData\Local\Programs\Python\Python38\lib\site-packages\django\core\handlers\base.py", line 197, in _get_response
    response = wrapped_callback(request, *callback_args, **callback_kwargs)
  File "A:\code\Current\dj\core\ftp\views.py", line 40, in ftp_autorizer
    request.form
AttributeError: 'WSGIRequest' object has no attribute 'form'
"POST /ftp/validation/vrv.lfm@Gmail.com/ggwp8888/ HTTP/1.1" 500 65661
Internal Server Error: /ftp/validation/vrv.lfm@Gmail.com/ggwp8888/
Traceback (most recent call last):
  File "C:\Users\devvr\AppData\Local\Programs\Python\Python38\lib\site-packages\django\core\handlers\exception.py", line 55, in inner
    response = get_response(request)
  File "C:\Users\devvr\AppData\Local\Programs\Python\Python38\lib\site-packages\django\core\handlers\base.py", line 197, in _get_response
    response = wrapped_callback(request, *callback_args, **callback_kwargs)
  File "A:\code\Current\dj\core\ftp\views.py", line 40, in ftp_autorizer
    print(request.data)
AttributeError: 'WSGIRequest' object has no attribute 'data'
"POST /ftp/validation/vrv.lfm@Gmail.com/ggwp8888/ HTTP/1.1" 500 65675
Internal Server Error: /ftp/validation/vrv.lfm@Gmail.com/ggwp8888/
Traceback (most recent call last):
  File "C:\Users\devvr\AppData\Local\Programs\Python\Python38\lib\site-packages\django\core\handlers\exception.py", line 55, in inner
    response = get_response(request)
  File "C:\Users\devvr\AppData\Local\Programs\Python\Python38\lib\site-packages\django\core\handlers\base.py", line 197, in _get_response
    response = wrapped_callback(request, *callback_args, **callback_kwargs)
  File "A:\code\Current\dj\core\ftp\views.py", line 40, in ftp_autorizer
    print(request['data'])
TypeError: 'WSGIRequest' object is not subscriptable
"POST /ftp/validation/vrv.lfm@Gmail.com/ggwp8888/ HTTP/1.1" 500 65619
Internal Server Error: /ftp/validation/vrv.lfm@Gmail.com/ggwp8888/
Traceback (most recent call last):
  File "C:\Users\devvr\AppData\Local\Programs\Python\Python38\lib\site-packages\django\utils\datastructures.py", line 84, in __getitem__
    list_ = super().__getitem__(key)
KeyError: 'data'

During handling of the above exception, another exception occurred:

Traceback (most recent call last):
  File "C:\Users\devvr\AppData\Local\Programs\Python\Python38\lib\site-packages\django\core\handlers\exception.py", line 55, in inner
    response = get_response(request)
  File "C:\Users\devvr\AppData\Local\Programs\Python\Python38\lib\site-packages\django\core\handlers\base.py", line 197, in _get_response
    response = wrapped_callback(request, *callback_args, **callback_kwargs)
  File "A:\code\Current\dj\core\ftp\views.py", line 40, in ftp_autorizer
    print(request.POST['data'])
  File "C:\Users\devvr\AppData\Local\Programs\Python\Python38\lib\site-packages\django\utils\datastructures.py", line 86, in __getitem__
    raise MultiValueDictKeyError(key)
django.utils.datastructures.MultiValueDictKeyError: 'data'
"POST /ftp/validation/vrv.lfm@Gmail.com/ggwp8888/ HTTP/1.1" 500 73931
Internal Server Error: /ftp/validation/vrv.lfm@Gmail.com/ggwp8888/
Traceback (most recent call last):
  File "C:\Users\devvr\AppData\Local\Programs\Python\Python38\lib\site-packages\django\utils\datastructures.py", line 84, in __getitem__
    list_ = super().__getitem__(key)
KeyError: 'form'

During handling of the above exception, another exception occurred:

Traceback (most recent call last):
  File "C:\Users\devvr\AppData\Local\Programs\Python\Python38\lib\site-packages\django\core\handlers\exception.py", line 55, in inner
    response = get_response(request)
  File "C:\Users\devvr\AppData\Local\Programs\Python\Python38\lib\site-packages\django\core\handlers\base.py", line 197, in _get_response
    response = wrapped_callback(request, *callback_args, **callback_kwargs)
  File "A:\code\Current\dj\core\ftp\views.py", line 40, in ftp_autorizer
    print(request.POST['form'])
  File "C:\Users\devvr\AppData\Local\Programs\Python\Python38\lib\site-packages\django\utils\datastructures.py", line 86, in __getitem__
    raise MultiValueDictKeyError(key)
django.utils.datastructures.MultiValueDictKeyError: 'form'
"POST /ftp/validation/vrv.lfm@Gmail.com/ggwp8888/ HTTP/1.1" 500 73931
Internal Server Error: /ftp/validation/vrv.lfm@Gmail.com/ggwp8888/
Traceback (most recent call last):
  File "C:\Users\devvr\AppData\Local\Programs\Python\Python38\lib\site-packages\django\core\handlers\exception.py", line 55, in inner
    response = get_response(request)
  File "C:\Users\devvr\AppData\Local\Programs\Python\Python38\lib\site-packages\django\core\handlers\base.py", line 197, in _get_response
    response = wrapped_callback(request, *callback_args, **callback_kwargs)
  File "A:\code\Current\dj\core\ftp\views.py", line 40, in ftp_autorizer
    print(request.POST.get['data'])
TypeError: 'method' object is not subscriptable
"POST /ftp/validation/vrv.lfm@Gmail.com/ggwp8888/ HTTP/1.1" 500 65617
Not Found: /ftp/validation/vrv.lfm@Gmail.com/ggwp8888/
"POST /ftp/validation/vrv.lfm@Gmail.com/ggwp8888/ HTTP/1.1" 404 3230
